Archive member included to satisfy reference by file (symbol)

C:/ST/STM32CubeIDE_1.13.1/STM32CubeIDE/plugins/com.st.stm32cube.ide.mcu.externaltools.gnu-tools-for-stm32.11.3.rel1.win32_1.1.1.202309131626/tools/bin/../lib/gcc/arm-none-eabi/11.3.1/../../../../arm-none-eabi/lib/thumb/v6-m/nofp\libc.a(libc_a-exit.o)
                              C:/ST/STM32CubeIDE_1.13.1/STM32CubeIDE/plugins/com.st.stm32cube.ide.mcu.externaltools.gnu-tools-for-stm32.11.3.rel1.win32_1.1.1.202309131626/tools/bin/../lib/gcc/arm-none-eabi/11.3.1/../../../../arm-none-eabi/lib/thumb/v6-m/nofp/crt0.o (exit)
C:/ST/STM32CubeIDE_1.13.1/STM32CubeIDE/plugins/com.st.stm32cube.ide.mcu.externaltools.gnu-tools-for-stm32.11.3.rel1.win32_1.1.1.202309131626/tools/bin/../lib/gcc/arm-none-eabi/11.3.1/../../../../arm-none-eabi/lib/thumb/v6-m/nofp\libc.a(libc_a-malloc.o)
                              ./my_lib/Src/my_nmea.o (malloc)
C:/ST/STM32CubeIDE_1.13.1/STM32CubeIDE/plugins/com.st.stm32cube.ide.mcu.externaltools.gnu-tools-for-stm32.11.3.rel1.win32_1.1.1.202309131626/tools/bin/../lib/gcc/arm-none-eabi/11.3.1/../../../../arm-none-eabi/lib/thumb/v6-m/nofp\libc.a(libc_a-mallocr.o)
                              C:/ST/STM32CubeIDE_1.13.1/STM32CubeIDE/plugins/com.st.stm32cube.ide.mcu.externaltools.gnu-tools-for-stm32.11.3.rel1.win32_1.1.1.202309131626/tools/bin/../lib/gcc/arm-none-eabi/11.3.1/../../../../arm-none-eabi/lib/thumb/v6-m/nofp\libc.a(libc_a-malloc.o) (_malloc_r)
C:/ST/STM32CubeIDE_1.13.1/STM32CubeIDE/plugins/com.st.stm32cube.ide.mcu.externaltools.gnu-tools-for-stm32.11.3.rel1.win32_1.1.1.202309131626/tools/bin/../lib/gcc/arm-none-eabi/11.3.1/../../../../arm-none-eabi/lib/thumb/v6-m/nofp\libc.a(libc_a-mlock.o)
                              C:/ST/STM32CubeIDE_1.13.1/STM32CubeIDE/plugins/com.st.stm32cube.ide.mcu.externaltools.gnu-tools-for-stm32.11.3.rel1.win32_1.1.1.202309131626/tools/bin/../lib/gcc/arm-none-eabi/11.3.1/../../../../arm-none-eabi/lib/thumb/v6-m/nofp\libc.a(libc_a-mallocr.o) (__malloc_lock)
C:/ST/STM32CubeIDE_1.13.1/STM32CubeIDE/plugins/com.st.stm32cube.ide.mcu.externaltools.gnu-tools-for-stm32.11.3.rel1.win32_1.1.1.202309131626/tools/bin/../lib/gcc/arm-none-eabi/11.3.1/../../../../arm-none-eabi/lib/thumb/v6-m/nofp\libc.a(libc_a-strtod.o)
                              ./my_lib/Src/my_conversions.o (strtod)
C:/ST/STM32CubeIDE_1.13.1/STM32CubeIDE/plugins/com.st.stm32cube.ide.mcu.externaltools.gnu-tools-for-stm32.11.3.rel1.win32_1.1.1.202309131626/tools/bin/../lib/gcc/arm-none-eabi/11.3.1/../../../../arm-none-eabi/lib/thumb/v6-m/nofp\libc.a(libc_a-strtol.o)
                              ./my_lib/Src/my_nmea.o (strtol)
C:/ST/STM32CubeIDE_1.13.1/STM32CubeIDE/plugins/com.st.stm32cube.ide.mcu.externaltools.gnu-tools-for-stm32.11.3.rel1.win32_1.1.1.202309131626/tools/bin/../lib/gcc/arm-none-eabi/11.3.1/../../../../arm-none-eabi/lib/thumb/v6-m/nofp\libc.a(libc_a-ctype_.o)
                              ./my_drivers/Src/astronode_application.o (_ctype_)
C:/ST/STM32CubeIDE_1.13.1/STM32CubeIDE/plugins/com.st.stm32cube.ide.mcu.externaltools.gnu-tools-for-stm32.11.3.rel1.win32_1.1.1.202309131626/tools/bin/../lib/gcc/arm-none-eabi/11.3.1/../../../../arm-none-eabi/lib/thumb/v6-m/nofp\libc.a(libc_a-findfp.o)
                              C:/ST/STM32CubeIDE_1.13.1/STM32CubeIDE/plugins/com.st.stm32cube.ide.mcu.externaltools.gnu-tools-for-stm32.11.3.rel1.win32_1.1.1.202309131626/tools/bin/../lib/gcc/arm-none-eabi/11.3.1/../../../../arm-none-eabi/lib/thumb/v6-m/nofp\libc.a(libc_a-exit.o) (__stdio_exit_handler)
C:/ST/STM32CubeIDE_1.13.1/STM32CubeIDE/plugins/com.st.stm32cube.ide.mcu.externaltools.gnu-tools-for-stm32.11.3.rel1.win32_1.1.1.202309131626/tools/bin/../lib/gcc/arm-none-eabi/11.3.1/../../../../arm-none-eabi/lib/thumb/v6-m/nofp\libc.a(libc_a-fwalk.o)
                              C:/ST/STM32CubeIDE_1.13.1/STM32CubeIDE/plugins/com.st.stm32cube.ide.mcu.externaltools.gnu-tools-for-stm32.11.3.rel1.win32_1.1.1.202309131626/tools/bin/../lib/gcc/arm-none-eabi/11.3.1/../../../../arm-none-eabi/lib/thumb/v6-m/nofp\libc.a(libc_a-findfp.o) (_fwalk_sglue)
C:/ST/STM32CubeIDE_1.13.1/STM32CubeIDE/plugins/com.st.stm32cube.ide.mcu.externaltools.gnu-tools-for-stm32.11.3.rel1.win32_1.1.1.202309131626/tools/bin/../lib/gcc/arm-none-eabi/11.3.1/../../../../arm-none-eabi/lib/thumb/v6-m/nofp\libc.a(libc_a-snprintf.o)
                              ./Core/Src/main.o (snprintf)
C:/ST/STM32CubeIDE_1.13.1/STM32CubeIDE/plugins/com.st.stm32cube.ide.mcu.externaltools.gnu-tools-for-stm32.11.3.rel1.win32_1.1.1.202309131626/tools/bin/../lib/gcc/arm-none-eabi/11.3.1/../../../../arm-none-eabi/lib/thumb/v6-m/nofp\libc.a(libc_a-sprintf.o)
                              ./Core/Src/main.o (sprintf)
C:/ST/STM32CubeIDE_1.13.1/STM32CubeIDE/plugins/com.st.stm32cube.ide.mcu.externaltools.gnu-tools-for-stm32.11.3.rel1.win32_1.1.1.202309131626/tools/bin/../lib/gcc/arm-none-eabi/11.3.1/../../../../arm-none-eabi/lib/thumb/v6-m/nofp\libc.a(libc_a-sscanf.o)
[...]
Memory Configuration

Name             Origin             Length             Attributes
RAM              0x0000000020000000 0x0000000000009000 xrw
FLASH            0x0000000008000000 0x0000000000020000 xr
*default*        0x0000000000000000 0xffffffffffffffff

Linker script and memory map

LOAD C:/ST/STM32CubeIDE_1.13.1/STM32CubeIDE/plugins/com.st.stm32cube.ide.mcu.externaltools.gnu-tools-for-stm32.11.3.rel1.win32_1.1.1.202309131626/tools/bin/../lib/gcc/arm-none-eabi/11.3.1/thumb/v6-m/nofp/crti.o
LOAD C:/ST/STM32CubeIDE_1.13.1/STM32CubeIDE/plugins/com.st.stm32cube.ide.mcu.externaltools.gnu-tools-for-stm32.11.3.rel1.win32_1.1.1.202309131626/tools/bin/../lib/gcc/arm-none-eabi/11.3.1/thumb/v6-m/nofp/crtbegin.o
LOAD C:/ST/STM32CubeIDE_1.13.1/STM32CubeIDE/plugins/com.st.stm32cube.ide.mcu.externaltools.gnu-tools-for-stm32.11.3.rel1.win32_1.1.1.202309131626/tools/bin/../lib/gcc/arm-none-eabi/11.3.1/../../../../arm-none-eabi/lib/thumb/v6-m/nofp/crt0.o
LOAD ./Core/Src/main.o
LOAD ./Core/Src/stm32g0xx_hal_msp.o
LOAD ./Core/Src/stm32g0xx_it.o
LOAD ./Core/Src/syscalls.o
LOAD ./Core/Src/sysmem.o
LOAD ./Core/Src/system_stm32g0xx.o
LOAD ./Core/Startup/startup_stm32g071rbtx.o
LOAD ./Drivers/STM32G0xx_HAL_Driver/Src/stm32g0xx_hal.o
LOAD ./Drivers/STM32G0xx_HAL_Driver/Src/stm32g0xx_hal_cortex.o
LOAD ./Drivers/STM32G0xx_HAL_Driver/Src/stm32g0xx_hal_dma.o
LOAD ./Drivers/STM32G0xx_HAL_Driver/Src/stm32g0xx_hal_dma_ex.o
LOAD ./Drivers/STM32G0xx_HAL_Driver/Src/stm32g0xx_hal_exti.o
LOAD ./Drivers/STM32G0xx_HAL_Driver/Src/stm32g0xx_hal_flash.o
LOAD ./Drivers/STM32G0xx_HAL_Driver/Src/stm32g0xx_hal_flash_ex.o
LOAD ./Drivers/STM32G0xx_HAL_Driver/Src/stm32g0xx_hal_gpio.o
LOAD ./Drivers/STM32G0xx_HAL_Driver/Src/stm32g0xx_hal_pwr.o
LOAD ./Drivers/STM32G0xx_HAL_Driver/Src/stm32g0xx_hal_pwr_ex.o
LOAD ./Drivers/STM32G0xx_HAL_Driver/Src/stm32g0xx_hal_rcc.o
LOAD ./Drivers/STM32G0xx_HAL_Driver/Src/stm32g0xx_hal_rcc_ex.o
LOAD ./Drivers/STM32G0xx_HAL_Driver/Src/stm32g0xx_hal_rtc.o
LOAD ./Drivers/STM32G0xx_HAL_Driver/Src/stm32g0xx_hal_rtc_ex.o
LOAD ./Drivers/STM32G0xx_HAL_Driver/Src/stm32g0xx_hal_spi.o
LOAD ./Drivers/STM32G0xx_HAL_Driver/Src/stm32g0xx_hal_spi_ex.o
LOAD ./Drivers/STM32G0xx_HAL_Driver/Src/stm32g0xx_hal_tim.o
LOAD ./Drivers/STM32G0xx_HAL_Driver/Src/stm32g0xx_hal_tim_ex.o
LOAD ./Drivers/STM32G0xx_HAL_Driver/Src/stm32g0xx_hal_uart.o
LOAD ./Drivers/STM32G0xx_HAL_Driver/Src/stm32g0xx_hal_uart_ex.o
LOAD ./Drivers/STM32G0xx_HAL_Driver/Src/stm32g0xx_ll_dma.o
LOAD ./Drivers/STM32G0xx_HAL_Driver/Src/stm32g0xx_ll_rcc.o
LOAD ./my_drivers/Src/astronode_application.o
LOAD ./my_drivers/Src/astronode_transport.o
LOAD ./my_drivers/Src/lis2dw12_reg.o
LOAD ./my_drivers/Src/my_astronode.o
LOAD ./my_drivers/Src/my_lis2dw12.o
LOAD ./my_drivers/Src/my_lx6_gnss.o
LOAD ./my_drivers/Src/my_rtc.o
LOAD ./my_lib/Src/my_conversions.o
LOAD ./my_lib/Src/my_nmea.o
START GROUP
LOAD C:/ST/STM32CubeIDE_1.13.1/STM32CubeIDE/plugins/com.st.stm32cube.ide.mcu.externaltools.gnu-tools-for-stm32.11.3.rel1.win32_1.1.1.202309131626/tools/bin/../lib/gcc/arm-none-eabi/11.3.1/../../../../arm-none-eabi/lib/thumb/v6-m/nofp\libc.a
LOAD C:/ST/STM32CubeIDE_1.13.1/STM32CubeIDE/plugins/com.st.stm32cube.ide.mcu.externaltools.gnu-tools-for-stm32.11.3.rel1.win32_1.1.1.202309131626/tools/bin/../lib/gcc/arm-none-eabi/11.3.1/../../../../arm-none-eabi/lib/thumb/v6-m/nofp\libm.a
END GROUP
START GROUP
LOAD C:/ST/STM32CubeIDE_1.13.1/STM32CubeIDE/plugins/com.st.stm32cube.ide.mcu.externaltools.gnu-tools-for-stm32.11.3.rel1.win32_1.1.1.202309131626/tools/bin/../lib/gcc/arm-none-eabi/11.3.1/thumb/v6-m/nofp\libgcc.a
LOAD C:/ST/STM32CubeIDE_1.13.1/STM32CubeIDE/plugins/com.st.stm32cube.ide.mcu.externaltools.gnu-tools-for-stm32.11.3.rel1.win32_1.1.1.202309131626/tools/bin/../lib/gcc/arm-none-eabi/11.3.1/../../../../arm-none-eabi/lib/thumb/v6-m/nofp\libc.a
END GROUP
START GROUP
LOAD C:/ST/STM32CubeIDE_1.13.1/STM32CubeIDE/plugins/com.st.stm32cube.ide.mcu.externaltools.gnu-tools-for-stm32.11.3.rel1.win32_1.1.1.202309131626/tools/bin/../lib/gcc/arm-none-eabi/11.3.1/thumb/v6-m/nofp\libgcc.a
LOAD C:/ST/STM32CubeIDE_1.13.1/STM32CubeIDE/plugins/com.st.stm32cube.ide.mcu.externaltools.gnu-tools-for-stm32.11.3.rel1.win32_1.1.1.202309131626/tools/bin/../lib/gcc/arm-none-eabi/11.3.1/../../../../arm-none-eabi/lib/thumb/v6-m/nofp\libc.a
LOAD C:/ST/STM32CubeIDE_1.13.1/STM32CubeIDE/plugins/com.st.stm32cube.ide.mcu.externaltools.gnu-tools-for-stm32.11.3.rel1.win32_1.1.1.202309131626/tools/bin/../lib/gcc/arm-none-eabi/11.3.1/../../../../arm-none-eabi/lib/thumb/v6-m/nofp\libnosys.a
END GROUP
LOAD C:/ST/STM32CubeIDE_1.13.1/STM32CubeIDE/plugins/com.st.stm32cube.ide.mcu.externaltools.gnu-tools-for-stm32.11.3.rel1.win32_1.1.1.202309131626/tools/bin/../lib/gcc/arm-none-eabi/11.3.1/thumb/v6-m/nofp/crtend.o
LOAD C:/ST/STM32CubeIDE_1.13.1/STM32CubeIDE/plugins/com.st.stm32cube.ide.mcu.externaltools.gnu-tools-for-stm32.11.3.rel1.win32_1.1.1.202309131626/tools/bin/../lib/gcc/arm-none-eabi/11.3.1/thumb/v6-m/nofp/crtn.o
                0x0000000020009000                _estack = (ORIGIN (RAM) + LENGTH (RAM))
                0x0000000000000200                _Min_Heap_Size = 0x200
                0x0000000000000400                _Min_Stack_Size = 0x400

.isr_vector     0x0000000008000000       0xbc
                0x0000000008000000                . = ALIGN (0x4)
 *(.isr_vector)
 .isr_vector    0x0000000008000000       0xbc ./Core/Startup/startup_stm32g071rbtx.o
                0x0000000008000000                g_pfnVectors
                0x00000000080000bc                . = ALIGN (0x4)

.text           0x00000000080000bc    0x124b4
                0x00000000080000bc                . = ALIGN (0x4)
 *(.text)
 .text          0x00000000080000bc       0x48 C:/ST/STM32CubeIDE_1.13.1/STM32CubeIDE/plugins/com.st.stm32cube.ide.mcu.externaltools.gnu-tools-for-stm32.11.3.rel1.win32_1.1.1.202309131626/tools/bin/../lib/gcc/arm-none-eabi/11.3.1/thumb/v6-m/nofp/crtbegin.o
 .text          0x0000000008000104        0xe C:/ST/STM32CubeIDE_1.13.1/STM32CubeIDE/plugins/com.st.stm32cube.ide.mcu.externaltools.gnu-tools-for-stm32.11.3.rel1.win32_1.1.1.202309131626/tools/bin/../lib/gcc/arm-none-eabi/11.3.1/../../../../arm-none-eabi/lib/thumb/v6-m/nofp\libc.a(libc_a-strlen.o)
                0x0000000008000104                strlen
 *fill*         0x0000000008000112        0x2 
 .text          0x0000000008000114       0x14 C:/ST/STM32CubeIDE_1.13.1/STM32CubeIDE/plugins/com.st.stm32cube.ide.mcu.externaltools.gnu-tools-for-stm32.11.3.rel1.win32_1.1.1.202309131626/tools/bin/../lib/gcc/arm-none-eabi/11.3.1/thumb/v6-m/nofp\libgcc.a(_thumb1_case_uqi.o)
                0x0000000008000114                __gnu_thumb1_case_uqi
 .text          0x0000000008000128       0x14 C:/ST/STM32CubeIDE_1.13.1/STM32CubeIDE/plugins/com.st.stm32cube.ide.mcu.externaltools.gnu-tools-for-stm32.11.3.rel1.win32_1.1.1.202309131626/tools/bin/../lib/gcc/arm-none-eabi/11.3.1/thumb/v6-m/nofp\libgcc.a(_thumb1_case_uhi.o)
                0x0000000008000128                __gnu_thumb1_case_uhi
 .text          0x000000000800013c      0x114 C:/ST/STM32CubeIDE_1.13.1/STM32CubeIDE/plugins/com.st.stm32cube.ide.mcu.externaltools.gnu-tools-for-stm32.11.3.rel1.win32_1.1.1.202309131626/tools/bin/../lib/gcc/arm-none-eabi/11.3.1/thumb/v6-m/nofp\libgcc.a(_udivsi3.o)
                0x000000000800013c                __aeabi_uidiv
                0x000000000800013c                __udivsi3
                0x0000000008000248                __aeabi_uidivmod
 .text          0x0000000008000250      0x1d4 C:/ST/STM32CubeIDE_1.13.1/STM32CubeIDE/plugins/com.st.stm32cube.ide.mcu.externaltools.gnu-tools-for-stm32.11.3.rel1.win32_1.1.1.202309131626/tools/bin/../lib/gcc/arm-none-eabi/11.3.1/thumb/v6-m/nofp\libgcc.a(_divsi3.o)
                0x0000000008000250                __divsi3
                0x0000000008000250                __aeabi_idiv
                0x000000000800041c                __aeabi_idivmod
 .text          0x0000000008000424        0x4 C:/ST/STM32CubeIDE_1.13.1/STM32CubeIDE/plugins/com.st.stm32cube.ide.mcu.externaltools.gnu-tools-for-stm32.11.3.rel1.win32_1.1.1.202309131626/tools/bin/../lib/gcc/arm-none-eabi/11.3.1/thumb/v6-m/nofp\libgcc.a(_dvmd_tls.o)
                0x0000000008000424                __aeabi_idiv0
                0x0000000008000424                __aeabi_ldiv0
 .text          0x0000000008000428       0x7c C:/ST/STM32CubeIDE_1.13.1/STM32CubeIDE/plugins/com.st.stm32cube.ide.mcu.externaltools.gnu-tools-for-stm32.11.3.rel1.win32_1.1.1.202309131626/tools/bin/../lib/gcc/arm-none-eabi/11.3.1/thumb/v6-m/nofp\libgcc.a(_arm_cmpdf2.o)
                0x0000000008000428                __aeabi_cdrcmple
                0x0000000008000438                __aeabi_cdcmple
                0x0000000008000438                __aeabi_cdcmpeq
                0x0000000008000448                __aeabi_dcmpeq
                0x0000000008000454                __aeabi_dcmplt
                0x0000000008000468                __aeabi_dcmple
                0x000000000800047c                __aeabi_dcmpgt
                0x0000000008000490                __aeabi_dcmpge
 .text          0x00000000080004a4       0x40 C:/ST/STM32CubeIDE_1.13.1/STM32CubeIDE/plugins/com.st.stm32cube.ide.mcu.externaltools.gnu-tools-for-stm32.11.3.rel1.win32_1.1.1.202309131626/tools/bin/../lib/gcc/arm-none-eabi/11.3.1/thumb/v6-m/nofp\libgcc.a(_aeabi_uldivmod.o)
                0x00000000080004a4                __aeabi_uldivmod
 .text          0x00000000080004e4       0x5c C:/ST/STM32CubeIDE_1.13.1/STM32CubeIDE/plugins/com.st.stm32cube.ide.mcu.externaltools.gnu-tools-for-stm32.11.3.rel1.win32_1.1.1.202309131626/tools/bin/../lib/gcc/arm-none-eabi/11.3.1/thumb/v6-m/nofp\libgcc.a(_muldi3.o)
                0x00000000080004e4                __muldi3
                0x00000000080004e4                __aeabi_lmul
 .text          0x0000000008000540       0x3c C:/ST/STM32CubeIDE_1.13.1/STM32CubeIDE/plugins/com.st.stm32cube.ide.mcu.externaltools.gnu-tools-for-stm32.11.3.rel1.win32_1.1.1.202309131626/tools/bin/../lib/gcc/arm-none-eabi/11.3.1/thumb/v6-m/nofp\libgcc.a(_fixunsdfsi.o)
                0x0000000008000540                __aeabi_d2uiz
                0x0000000008000540                __fixunsdfsi
 .text          0x000000000800057c       0x3c C:/ST/STM32CubeIDE_1.13.1/STM32CubeIDE/plugins/com.st.stm32cube.ide.mcu.externaltools.gnu-tools-for-stm32.11.3.rel1.win32_1.1.1.202309131626/tools/bin/../lib/gcc/arm-none-eabi/11.3.1/thumb/v6-m/nofp\libgcc.a(_fixdfdi.o)
                0x000000000800057c                __fixdfdi
                0x000000000800057c                __aeabi_d2lz
 .text          0x00000000080005b8       0x3c C:/ST/STM32CubeIDE_1.13.1/STM32CubeIDE/plugins/com.st.stm32cube.ide.mcu.externaltools.gnu-tools-for-stm32.11.3.rel1.win32_1.1.1.202309131626/tools/bin/../lib/gcc/arm-none-eabi/11.3.1/thumb/v6-m/nofp\libgcc.a(_fixunsdfdi.o)
                0x00000000080005b8                __fixunsdfdi
                0x00000000080005b8                __aeabi_d2ulz
 .text          0x00000000080005f4       0x2c C:/ST/STM32CubeIDE_1.13.1/STM32CubeIDE/plugins/com.st.stm32cube.ide.mcu.externaltools.gnu-tools-for-stm32.11.3.rel1.win32_1.1.1.202309131626/tools/bin/../lib/gcc/arm-none-eabi/11.3.1/thumb/v6-m/nofp\libgcc.a(_floatdidf.o)
                0x00000000080005f4                __aeabi_l2d
                0x00000000080005f4                __floatdidf
 .text          0x0000000008000620      0x198 C:/ST/STM32CubeIDE_1.13.1/STM32CubeIDE/plugins/com.st.stm32cube.ide.mcu.externaltools.gnu-tools-for-stm32.11.3.rel1.win32_1.1.1.202309131626/tools/bin/../lib/gcc/arm-none-eabi/11.3.1/thumb/v6-m/nofp\libgcc.a(_udivmoddi4.o)
                0x0000000008000620                __udivmoddi4
 .text          0x00000000080007b8      0x6c0 C:/ST/STM32CubeIDE_1.13.1/STM32CubeIDE/plugins/com.st.stm32cube.ide.mcu.externaltools.gnu-tools-for-stm32.11.3.rel1.win32_1.1.1.202309131626/tools/bin/../lib/gcc/arm-none-eabi/11.3.1/thumb/v6-m/nofp\libgcc.a(adddf3.o)
                0x00000000080007b8                __aeabi_dadd
 .text          0x0000000008000e78      0x5dc C:/ST/STM32CubeIDE_1.13.1/STM32CubeIDE/plugins/com.st.stm32cube.ide.mcu.externaltools.gnu-tools-for-stm32.11.3.rel1.win32_1.1.1.202309131626/tools/bin/../lib/gcc/arm-none-eabi/11.3.1/thumb/v6-m/nofp\libgcc.a(divdf3.o)
                0x0000000008000e78                __aeabi_ddiv
 .text          0x0000000008001454       0x84 C:/ST/STM32CubeIDE_1.13.1/STM32CubeIDE/plugins/com.st.stm32cube.ide.mcu.externaltools.gnu-tools-for-stm32.11.3.rel1.win32_1.1.1.202309131626/tools/bin/../lib/gcc/arm-none-eabi/11.3.1/thumb/v6-m/nofp\libgcc.a(eqdf2.o)
                0x0000000008001454                __nedf2
                0x0000000008001454                __eqdf2
 .text          0x00000000080014d8       0xcc C:/ST/STM32CubeIDE_1.13.1/STM32CubeIDE/plugins/com.st.stm32cube.ide.mcu.externaltools.gnu-tools-for-stm32.11.3.rel1.win32_1.1.1.202309131626/tools/bin/../lib/gcc/arm-none-eabi/11.3.1/thumb/v6-m/nofp\libgcc.a(gedf2.o)
                0x00000000080014d8                __gedf2
                0x00000000080014d8                __gtdf2
 .text          0x00000000080015a4       0xc8 C:/ST/STM32CubeIDE_1.13.1/STM32CubeIDE/plugins/com.st.stm32cube.ide.mcu.externaltools.gnu-tools-for-stm32.11.3.rel1.win32_1.1.1.202309131626/tools/bin/../lib/gcc/arm-none-eabi/11.3.1/thumb/v6-m/nofp\libgcc.a(ledf2.o)
                0x00000000080015a4                __ledf2
                0x00000000080015a4                __ltdf2
 .text          0x000000000800166c      0x584 C:/ST/STM32CubeIDE_1.13.1/STM32CubeIDE/plugins/com.st.stm32cube.ide.mcu.externaltools.gnu-tools-for-stm32.11.3.rel1.win32_1.1.1.202309131626/tools/bin/../lib/gcc/arm-none-eabi/11.3.1/thumb/v6-m/nofp\libgcc.a(muldf3.o)
                0x000000000800166c                __aeabi_dmul
 .text          0x0000000008001bf0      0x704 C:/ST/STM32CubeIDE_1.13.1/STM32CubeIDE/plugins/com.st.stm32cube.ide.mcu.externaltools.gnu-tools-for-stm32.11.3.rel1.win32_1.1.1.202309131626/tools/bin/../lib/gcc/arm-none-eabi/11.3.1/thumb/v6-m/nofp\libgcc.a(subdf3.o)
                0x0000000008001bf0                __aeabi_dsub
 .text          0x00000000080022f4       0x3c C:/ST/STM32CubeIDE_1.13.1/STM32CubeIDE/plugins/com.st.stm32cube.ide.mcu.externaltools.gnu-tools-for-stm32.11.3.rel1.win32_1.1.1.202309131626/tools/bin/../lib/gcc/arm-none-eabi/11.3.1/thumb/v6-m/nofp\libgcc.a(unorddf2.o)
                0x00000000080022f4                __aeabi_dcmpun
 .text          0x0000000008002330       0x6c C:/ST/STM32CubeIDE_1.13.1/STM32CubeIDE/plugins/com.st.stm32cube.ide.mcu.externaltools.gnu-tools-for-stm32.11.3.rel1.win32_1.1.1.202309131626/tools/bin/../lib/gcc/arm-none-eabi/11.3.1/thumb/v6-m/nofp\libgcc.a(fixdfsi.o)
                0x0000000008002330                __aeabi_d2iz
 .text          0x000000000800239c       0x60 C:/ST/STM32CubeIDE_1.13.1/STM32CubeIDE/plugins/com.st.stm32cube.ide.mcu.externaltools.gnu-tools-for-stm32.11.3.rel1.win32_1.1.1.202309131626/tools/bin/../lib/gcc/arm-none-eabi/11.3.1/thumb/v6-m/nofp\libgcc.a(floatsidf.o)
                0x000000000800239c                __aeabi_i2d
 .text          0x00000000080023fc       0x4c C:/ST/STM32CubeIDE_1.13.1/STM32CubeIDE/plugins/com.st.stm32cube.ide.mcu.externaltools.gnu-tools-for-stm32.11.3.rel1.win32_1.1.1.202309131626/tools/bin/../lib/gcc/arm-none-eabi/11.3.1/thumb/v6-m/nofp\libgcc.a(floatunsidf.o)
                0x00000000080023fc                __aeabi_ui2d
 .text          0x0000000008002448      0x10c C:/ST/STM32CubeIDE_1.13.1/STM32CubeIDE/plugins/com.st.stm32cube.ide.mcu.externaltools.gnu-tools-for-stm32.11.3.rel1.win32_1.1.1.202309131626/tools/bin/../lib/gcc/arm-none-eabi/11.3.1/thumb/v6-m/nofp\libgcc.a(truncdfsf2.o)
                0x0000000008002448                __aeabi_d2f
 .text          0x0000000008002554       0x3c C:/ST/STM32CubeIDE_1.13.1/STM32CubeIDE/plugins/com.st.stm32cube.ide.mcu.externaltools.gnu-tools-for-stm32.11.3.rel1.win32_1.1.1.202309131626/tools/bin/../lib/gcc/arm-none-eabi/11.3.1/thumb/v6-m/nofp\libgcc.a(_clzsi2.o)
                0x0000000008002554                __clzsi2
 .text          0x0000000008002590       0x18 C:/ST/STM32CubeIDE_1.13.1/STM32CubeIDE/plugins/com.st.stm32cube.ide.mcu.externaltools.gnu-tools-for-stm32.11.3.rel1.win32_1.1.1.202309131626/tools/bin/../lib/gcc/arm-none-eabi/11.3.1/thumb/v6-m/nofp\libgcc.a(_clzdi2.o)
                0x0000000008002590                __clzdi2
 *(.text*)
 .text.main     0x00000000080025a8      0x1f8 ./Core/Src/main.o
                0x00000000080025a8                main
 .text.SystemClock_Config
                0x00000000080027a0       0x98 ./Core/Src/main.o
                0x00000000080027a0                SystemClock_Config
 .text.MX_RTC_Init
                0x0000000008002838      0x148 ./Core/Src/main.o
 .text.MX_SPI1_Init
                0x0000000008002980       0x7c ./Core/Src/main.o
 .text.MX_TIM6_Init
                0x00000000080029fc       0x7c ./Core/Src/main.o
 .text.MX_USART1_UART_Init
                0x0000000008002a78       0x9c ./Core/Src/main.o
 .text.MX_USART2_UART_Init
                0x0000000008002b14       0x9c ./Core/Src/main.o
 .text.MX_USART3_UART_Init
                0x0000000008002bb0       0x68 ./Core/Src/main.o
 .text.MX_GPIO_Init
                0x0000000008002c18      0x174 ./Core/Src/main.o
 .text.send_debug_logs
                0x0000000008002d8c       0x60 ./Core/Src/main.o
                0x0000000008002d8c                send_debug_logs
 .text.reset_astronode
                0x0000000008002dec       0x36 ./Core/Src/main.o
                0x0000000008002dec                reset_astronode
 *fill*         0x0000000008002e22        0x2 
 .text.send_astronode_request
                0x0000000008002e24       0x3c ./Core/Src/main.o
                0x0000000008002e24                send_astronode_request
 .text.is_astronode_character_received
                0x0000000008002e60       0x28 ./Core/Src/main.o
                0x0000000008002e60                is_astronode_character_received
 .text.is_evt_pin_high
                0x0000000008002e88       0x24 ./Core/Src/main.o
                0x0000000008002e88                is_evt_pin_high
 .text.get_systick
                0x0000000008002eac       0x10 ./Core/Src/main.o
                0x0000000008002eac                get_systick
 .text.is_systick_timeout_over
                0x0000000008002ebc       0x2c ./Core/Src/main.o
                0x0000000008002ebc                is_systick_timeout_over
 .text.my_astro_on
                0x0000000008002ee8       0x50 ./Core/Src/main.o
                0x0000000008002ee8                my_astro_on
 .text.my_astro_off
                0x0000000008002f38       0x4c ./Core/Src/main.o
                0x0000000008002f38                my_astro_off
 .text.my_lx6_on
                0x0000000008002f84       0x30 ./Core/Src/main.o
                0x0000000008002f84                my_lx6_on
 .text.my_lx6_off
                0x0000000008002fb4       0x38 ./Core/Src/main.o
                0x0000000008002fb4                my_lx6_off
 .text.is_system_initialized
                0x0000000008002fec       0x3c ./Core/Src/main.o
                0x0000000008002fec                is_system_initialized
 .text.platform_write
                0x0000000008003028       0x70 ./Core/Src/main.o
 .text.platform_read
                0x0000000008003098       0x80 ./Core/Src/main.o
 .text.HAL_TIM_PeriodElapsedCallback
                0x0000000008003118       0x40 ./Core/Src/main.o
                0x0000000008003118                HAL_TIM_PeriodElapsedCallback
 .text.Error_Handler
                0x0000000008003158        0xa ./Core/Src/main.o
                0x0000000008003158                Error_Handler
 *fill*         0x0000000008003162        0x2 
 .text.HAL_MspInit
                0x0000000008003164       0x48 ./Core/Src/stm32g0xx_hal_msp.o
                0x0000000008003164                HAL_MspInit
 .text.HAL_RTC_MspInit
                0x00000000080031ac       0x7c ./Core/Src/stm32g0xx_hal_msp.o
                0x00000000080031ac                HAL_RTC_MspInit
 .text.HAL_SPI_MspInit
                0x0000000008003228       0x98 ./Core/Src/stm32g0xx_hal_msp.o
                0x0000000008003228                HAL_SPI_MspInit
 .text.HAL_TIM_Base_MspInit
                0x00000000080032c0       0x4c ./Core/Src/stm32g0xx_hal_msp.o
                0x00000000080032c0                HAL_TIM_Base_MspInit
 .text.HAL_UART_MspInit
                0x000000000800330c      0x1c8 ./Core/Src/stm32g0xx_hal_msp.o
                0x000000000800330c                HAL_UART_MspInit
 .text.HAL_UART_MspDeInit
                0x00000000080034d4       0xa0 ./Core/Src/stm32g0xx_hal_msp.o
                0x00000000080034d4                HAL_UART_MspDeInit
 .text.NMI_Handler
                0x0000000008003574        0x6 ./Core/Src/stm32g0xx_it.o
                0x0000000008003574                NMI_Handler
 .text.HardFault_Handler
                0x000000000800357a        0x6 ./Core/Src/stm32g0xx_it.o
                0x000000000800357a                HardFault_Handler
 .text.SVC_Handler
                0x0000000008003580        0xa ./Core/Src/stm32g0xx_it.o
                0x0000000008003580                SVC_Handler
 .text.PendSV_Handler
                0x000000000800358a        0xa ./Core/Src/stm32g0xx_it.o
                0x000000000800358a                PendSV_Handler
 .text.SysTick_Handler
                0x0000000008003594        0xe ./Core/Src/stm32g0xx_it.o
                0x0000000008003594                SysTick_Handler
 *fill*         0x00000000080035a2        0x2 
 .text.TIM6_DAC_LPTIM1_IRQHandler
                0x00000000080035a4       0x18 ./Core/Src/stm32g0xx_it.o
                0x00000000080035a4                TIM6_DAC_LPTIM1_IRQHandler
 .text._getpid  0x00000000080035bc        0xc ./Core/Src/syscalls.o
                0x00000000080035bc                _getpid
 .text._kill    0x00000000080035c8       0x20 ./Core/Src/syscalls.o
                0x00000000080035c8                _kill
 .text._exit    0x00000000080035e8       0x18 ./Core/Src/syscalls.o
                0x00000000080035e8                _exit
 .text._read    0x0000000008003600       0x3a ./Core/Src/syscalls.o
                0x0000000008003600                _read
 .text._write   0x000000000800363a       0x38 ./Core/Src/syscalls.o
                0x000000000800363a                _write
 .text._close   0x0000000008003672       0x14 ./Core/Src/syscalls.o
                0x0000000008003672                _close
 .text._fstat   0x0000000008003686       0x1c ./Core/Src/syscalls.o
                0x0000000008003686                _fstat
 .text._isatty  0x00000000080036a2       0x12 ./Core/Src/syscalls.o
                0x00000000080036a2                _isatty
 .text._lseek   0x00000000080036b4       0x16 ./Core/Src/syscalls.o
                0x00000000080036b4                _lseek
 *fill*         0x00000000080036ca        0x2 
 .text._sbrk    0x00000000080036cc       0x6c ./Core/Src/sysmem.o
                0x00000000080036cc                _sbrk
 .text.SystemInit
                0x0000000008003738        0xa ./Core/Src/system_stm32g0xx.o
                0x0000000008003738                SystemInit
 *fill*         0x0000000008003742        0x2 
 .text.Reset_Handler
                0x0000000008003744       0x50 ./Core/Startup/startup_stm32g071rbtx.o
                0x0000000008003744                Reset_Handler
 .text.Default_Handler
                0x0000000008003794        0x2 ./Core/Startup/startup_stm32g071rbtx.o
                0x0000000008003794                USART3_4_LPUART1_IRQHandler
                0x0000000008003794                TIM1_CC_IRQHandler
                0x0000000008003794                ADC1_COMP_IRQHandler
                0x0000000008003794                PVD_IRQHandler
                0x0000000008003794                I2C1_IRQHandler
                0x0000000008003794                TIM7_LPTIM2_IRQHandler
                0x0000000008003794                RTC_TAMP_IRQHandler
                0x0000000008003794                SPI1_IRQHandler
                0x0000000008003794                EXTI2_3_IRQHandler
                0x0000000008003794                I2C2_IRQHandler
                0x0000000008003794                TIM17_IRQHandler
                0x0000000008003794                TIM16_IRQHandler
                0x0000000008003794                TIM3_IRQHandler
                0x0000000008003794                EXTI4_15_IRQHandler
                0x0000000008003794                RCC_IRQHandler
                0x0000000008003794                DMA1_Channel1_IRQHandler
                0x0000000008003794                Default_Handler
                0x0000000008003794                CEC_IRQHandler
                0x0000000008003794                TIM14_IRQHandler
                0x0000000008003794                TIM15_IRQHandler
                0x0000000008003794                EXTI0_1_IRQHandler
                0x0000000008003794                SPI2_IRQHandler
                0x0000000008003794                WWDG_IRQHandler
                0x0000000008003794                TIM2_IRQHandler
                0x0000000008003794                DMA1_Ch4_7_DMAMUX1_OVR_IRQHandler
                0x0000000008003794                DMA1_Channel2_3_IRQHandler
                0x0000000008003794                UCPD1_2_IRQHandler
                0x0000000008003794                USART2_IRQHandler
                0x0000000008003794                FLASH_IRQHandler
                0x0000000008003794                USART1_IRQHandler
                0x0000000008003794                TIM1_BRK_UP_TRG_COM_IRQHandler
 *fill*         0x0000000008003796        0x2 
 .text.HAL_Init
                0x0000000008003798       0x40 ./Drivers/STM32G0xx_HAL_Driver/Src/stm32g0xx_hal.o
                0x0000000008003798                HAL_Init
 .text.HAL_InitTick
                0x00000000080037d8       0x94 ./Drivers/STM32G0xx_HAL_Driver/Src/stm32g0xx_hal.o
                0x00000000080037d8                HAL_InitTick
 .text.HAL_IncTick
                0x000000000800386c       0x24 ./Drivers/STM32G0xx_HAL_Driver/Src/stm32g0xx_hal.o
                0x000000000800386c                HAL_IncTick
 .text.HAL_GetTick
                0x0000000008003890       0x14 ./Drivers/STM32G0xx_HAL_Driver/Src/stm32g0xx_hal.o
                0x0000000008003890                HAL_GetTick
 .text.HAL_Delay
                0x00000000080038a4       0x48 ./Drivers/STM32G0xx_HAL_Driver/Src/stm32g0xx_hal.o
                0x00000000080038a4                HAL_Delay
 .text.__NVIC_EnableIRQ
                0x00000000080038ec       0x34 ./Drivers/STM32G0xx_HAL_Driver/Src/stm32g0xx_hal_cortex.o
 .text.__NVIC_SetPriority
                0x0000000008003920       0xdc ./Drivers/STM32G0xx_HAL_Driver/Src/stm32g0xx_hal_cortex.o
 .text.__NVIC_SystemReset
                0x00000000080039fc       0x24 ./Drivers/STM32G0xx_HAL_Driver/Src/stm32g0xx_hal_cortex.o
 .text.SysTick_Config
                0x0000000008003a20       0x48 ./Drivers/STM32G0xx_HAL_Driver/Src/stm32g0xx_hal_cortex.o
 .text.HAL_NVIC_SetPriority
                0x0000000008003a68       0x2a ./Drivers/STM32G0xx_HAL_Driver/Src/stm32g0xx_hal_cortex.o
                0x0000000008003a68                HAL_NVIC_SetPriority
 .text.HAL_NVIC_EnableIRQ
                0x0000000008003a92       0x20 ./Drivers/STM32G0xx_HAL_Driver/Src/stm32g0xx_hal_cortex.o
                0x0000000008003a92                HAL_NVIC_EnableIRQ
 .text.HAL_NVIC_SystemReset
                0x0000000008003ab2        0x8 ./Drivers/STM32G0xx_HAL_Driver/Src/stm32g0xx_hal_cortex.o
                0x0000000008003ab2                HAL_NVIC_SystemReset
 .text.HAL_SYSTICK_Config
                0x0000000008003aba       0x1a ./Drivers/STM32G0xx_HAL_Driver/Src/stm32g0xx_hal_cortex.o
                0x0000000008003aba                HAL_SYSTICK_Config
 .text.HAL_GPIO_Init
                0x0000000008003ad4      0x2c8 ./Drivers/STM32G0xx_HAL_Driver/Src/stm32g0xx_hal_gpio.o
                0x0000000008003ad4                HAL_GPIO_Init
 .text.HAL_GPIO_DeInit
                0x0000000008003d9c      0x1a0 ./Drivers/STM32G0xx_HAL_Driver/Src/stm32g0xx_hal_gpio.o
                0x0000000008003d9c                HAL_GPIO_DeInit
 .text.HAL_GPIO_ReadPin
                0x0000000008003f3c       0x3a ./Drivers/STM32G0xx_HAL_Driver/Src/stm32g0xx_hal_gpio.o
                0x0000000008003f3c                HAL_GPIO_ReadPin
 .text.HAL_GPIO_WritePin
                0x0000000008003f76       0x3a ./Drivers/STM32G0xx_HAL_Driver/Src/stm32g0xx_hal_gpio.o
                0x0000000008003f76                HAL_GPIO_WritePin
 .text.HAL_PWREx_ControlVoltageScaling
                0x0000000008003fb0       0x80 ./Drivers/STM32G0xx_HAL_Driver/Src/stm32g0xx_hal_pwr_ex.o
                0x0000000008003fb0                HAL_PWREx_ControlVoltageScaling
 .text.LL_RCC_GetAPB1Prescaler
                0x0000000008004030       0x18 ./Drivers/STM32G0xx_HAL_Driver/Src/stm32g0xx_hal_rcc.o
 .text.HAL_RCC_OscConfig
                0x0000000008004048      0x634 ./Drivers/STM32G0xx_HAL_Driver/Src/stm32g0xx_hal_rcc.o
                0x0000000008004048                HAL_RCC_OscConfig
 .text.HAL_RCC_ClockConfig
                0x000000000800467c      0x210 ./Drivers/STM32G0xx_HAL_Driver/Src/stm32g0xx_hal_rcc.o
                0x000000000800467c                HAL_RCC_ClockConfig
 .text.HAL_RCC_GetSysClockFreq
                0x000000000800488c      0x104 ./Drivers/STM32G0xx_HAL_Driver/Src/stm32g0xx_hal_rcc.o
                0x000000000800488c                HAL_RCC_GetSysClockFreq
 .text.HAL_RCC_GetHCLKFreq
                0x0000000008004990       0x14 ./Drivers/STM32G0xx_HAL_Driver/Src/stm32g0xx_hal_rcc.o
                0x0000000008004990                HAL_RCC_GetHCLKFreq
 .text.HAL_RCC_GetPCLK1Freq
                0x00000000080049a4       0x2c ./Drivers/STM32G0xx_HAL_Driver/Src/stm32g0xx_hal_rcc.o
                0x00000000080049a4                HAL_RCC_GetPCLK1Freq
 .text.HAL_RCCEx_PeriphCLKConfig
                0x00000000080049d0      0x370 ./Drivers/STM32G0xx_HAL_Driver/Src/stm32g0xx_hal_rcc_ex.o
                0x00000000080049d0                HAL_RCCEx_PeriphCLKConfig
 .text.HAL_RTC_Init
                0x0000000008004d40      0x144 ./Drivers/STM32G0xx_HAL_Driver/Src/stm32g0xx_hal_rtc.o
                0x0000000008004d40                HAL_RTC_Init
 .text.HAL_RTC_SetTime
                0x0000000008004e84      0x150 ./Drivers/STM32G0xx_HAL_Driver/Src/stm32g0xx_hal_rtc.o
                0x0000000008004e84                HAL_RTC_SetTime
 .text.HAL_RTC_GetTime
                0x0000000008004fd4       0xb8 ./Drivers/STM32G0xx_HAL_Driver/Src/stm32g0xx_hal_rtc.o
                0x0000000008004fd4                HAL_RTC_GetTime
 .text.HAL_RTC_SetDate
                0x000000000800508c      0x124 ./Drivers/STM32G0xx_HAL_Driver/Src/stm32g0xx_hal_rtc.o
                0x000000000800508c                HAL_RTC_SetDate
 .text.HAL_RTC_GetDate
                0x00000000080051b0       0x9c ./Drivers/STM32G0xx_HAL_Driver/Src/stm32g0xx_hal_rtc.o
                0x00000000080051b0                HAL_RTC_GetDate
 .text.HAL_RTC_SetAlarm
                0x000000000800524c      0x24c ./Drivers/STM32G0xx_HAL_Driver/Src/stm32g0xx_hal_rtc.o
                0x000000000800524c                HAL_RTC_SetAlarm
 .text.HAL_RTC_WaitForSynchro
                0x0000000008005498       0x4e ./Drivers/STM32G0xx_HAL_Driver/Src/stm32g0xx_hal_rtc.o
                0x0000000008005498                HAL_RTC_WaitForSynchro
 .text.RTC_EnterInitMode
                0x00000000080054e6       0x84 ./Drivers/STM32G0xx_HAL_Driver/Src/stm32g0xx_hal_rtc.o
                0x00000000080054e6                RTC_EnterInitMode
 *fill*         0x000000000800556a        0x2 
 .text.RTC_ExitInitMode
                0x000000000800556c       0x88 ./Drivers/STM32G0xx_HAL_Driver/Src/stm32g0xx_hal_rtc.o
                0x000000000800556c                RTC_ExitInitMode
 .text.RTC_ByteToBcd2
                0x00000000080055f4       0x50 ./Drivers/STM32G0xx_HAL_Driver/Src/stm32g0xx_hal_rtc.o
                0x00000000080055f4                RTC_ByteToBcd2
 .text.RTC_Bcd2ToByte
                0x0000000008005644       0x3a ./Drivers/STM32G0xx_HAL_Driver/Src/stm32g0xx_hal_rtc.o
                0x0000000008005644                RTC_Bcd2ToByte
 .text.HAL_RTCEx_EnableBypassShadow
                0x000000000800567e       0x68 ./Drivers/STM32G0xx_HAL_Driver/Src/stm32g0xx_hal_rtc_ex.o
                0x000000000800567e                HAL_RTCEx_EnableBypassShadow
 .text.HAL_RTCEx_DisableBypassShadow
                0x00000000080056e6       0x68 ./Drivers/STM32G0xx_HAL_Driver/Src/stm32g0xx_hal_rtc_ex.o
                0x00000000080056e6                HAL_RTCEx_DisableBypassShadow
 *fill*         0x000000000800574e        0x2 
 .text.HAL_SPI_Init
                0x0000000008005750      0x170 ./Drivers/STM32G0xx_HAL_Driver/Src/stm32g0xx_hal_spi.o
                0x0000000008005750                HAL_SPI_Init
 .text.HAL_SPI_Transmit
                0x00000000080058c0      0x2b0 ./Drivers/STM32G0xx_HAL_Driver/Src/stm32g0xx_hal_spi.o
                0x00000000080058c0                HAL_SPI_Transmit
 .text.HAL_SPI_Receive
                0x0000000008005b70      0x298 ./Drivers/STM32G0xx_HAL_Driver/Src/stm32g0xx_hal_spi.o
                0x0000000008005b70                HAL_SPI_Receive
 .text.HAL_SPI_TransmitReceive
                0x0000000008005e08      0x3a4 ./Drivers/STM32G0xx_HAL_Driver/Src/stm32g0xx_hal_spi.o
                0x0000000008005e08                HAL_SPI_TransmitReceive
 .text.SPI_WaitFlagStateUntilTimeout
                0x00000000080061ac      0x11c ./Drivers/STM32G0xx_HAL_Driver/Src/stm32g0xx_hal_spi.o
 .text.SPI_WaitFifoStateUntilTimeout
                0x00000000080062c8      0x144 ./Drivers/STM32G0xx_HAL_Driver/Src/stm32g0xx_hal_spi.o
 .text.SPI_EndRxTransaction
                0x000000000800640c       0xbc ./Drivers/STM32G0xx_HAL_Driver/Src/stm32g0xx_hal_spi.o
 .text.SPI_EndRxTxTransaction
                0x00000000080064c8       0x8c ./Drivers/STM32G0xx_HAL_Driver/Src/stm32g0xx_hal_spi.o
 .text.HAL_TIM_Base_Init
                0x0000000008006554       0xb0 ./Drivers/STM32G0xx_HAL_Driver/Src/stm32g0xx_hal_tim.o
                0x0000000008006554                HAL_TIM_Base_Init
 .text.HAL_TIM_Base_Start_IT
                0x0000000008006604       0xb8 ./Drivers/STM32G0xx_HAL_Driver/Src/stm32g0xx_hal_tim.o
                0x0000000008006604                HAL_TIM_Base_Start_IT
 .text.HAL_TIM_Base_Stop_IT
                0x00000000080066bc       0x5c ./Drivers/STM32G0xx_HAL_Driver/Src/stm32g0xx_hal_tim.o
                0x00000000080066bc                HAL_TIM_Base_Stop_IT
 .text.HAL_TIM_IRQHandler
                0x0000000008006718      0x264 ./Drivers/STM32G0xx_HAL_Driver/Src/stm32g0xx_hal_tim.o
                0x0000000008006718                HAL_TIM_IRQHandler
 .text.HAL_TIM_OC_DelayElapsedCallback
                0x000000000800697c       0x10 ./Drivers/STM32G0xx_HAL_Driver/Src/stm32g0xx_hal_tim.o
                0x000000000800697c                HAL_TIM_OC_DelayElapsedCallback
 .text.HAL_TIM_IC_CaptureCallback
                0x000000000800698c       0x10 ./Drivers/STM32G0xx_HAL_Driver/Src/stm32g0xx_hal_tim.o
                0x000000000800698c                HAL_TIM_IC_CaptureCallback
 .text.HAL_TIM_PWM_PulseFinishedCallback
                0x000000000800699c       0x10 ./Drivers/STM32G0xx_HAL_Driver/Src/stm32g0xx_hal_tim.o
                0x000000000800699c                HAL_TIM_PWM_PulseFinishedCallback
 .text.HAL_TIM_TriggerCallback
                0x00000000080069ac       0x10 ./Drivers/STM32G0xx_HAL_Driver/Src/stm32g0xx_hal_tim.o
                0x00000000080069ac                HAL_TIM_TriggerCallback
 .text.TIM_Base_SetConfig
                0x00000000080069bc      0x100 ./Drivers/STM32G0xx_HAL_Driver/Src/stm32g0xx_hal_tim.o
                0x00000000080069bc                TIM_Base_SetConfig
 .text.HAL_TIMEx_MasterConfigSynchronization
                0x0000000008006abc       0xdc ./Drivers/STM32G0xx_HAL_Driver/Src/stm32g0xx_hal_tim_ex.o
                0x0000000008006abc                HAL_TIMEx_MasterConfigSynchronization
 .text.HAL_TIMEx_CommutCallback
                0x0000000008006b98       0x10 ./Drivers/STM32G0xx_HAL_Driver/Src/stm32g0xx_hal_tim_ex.o
                0x0000000008006b98                HAL_TIMEx_CommutCallback
 .text.HAL_TIMEx_BreakCallback
                0x0000000008006ba8       0x10 ./Drivers/STM32G0xx_HAL_Driver/Src/stm32g0xx_hal_tim_ex.o
                0x0000000008006ba8                HAL_TIMEx_BreakCallback
 .text.HAL_TIMEx_Break2Callback
                0x0000000008006bb8       0x10 ./Drivers/STM32G0xx_HAL_Driver/Src/stm32g0xx_hal_tim_ex.o
                0x0000000008006bb8                HAL_TIMEx_Break2Callback
 .text.HAL_UART_Init
                0x0000000008006bc8       0xac ./Drivers/STM32G0xx_HAL_Driver/Src/stm32g0xx_hal_uart.o
                0x0000000008006bc8                HAL_UART_Init
 .text.HAL_UART_DeInit
                0x0000000008006c74       0x80 ./Drivers/STM32G0xx_HAL_Driver/Src/stm32g0xx_hal_uart.o
                0x0000000008006c74                HAL_UART_DeInit
 .text.HAL_UART_Transmit
                0x0000000008006cf4      0x138 ./Drivers/STM32G0xx_HAL_Driver/Src/stm32g0xx_hal_uart.o
                0x0000000008006cf4                HAL_UART_Transmit
 .text.HAL_UART_Receive
                0x0000000008006e2c      0x1c4 ./Drivers/STM32G0xx_HAL_Driver/Src/stm32g0xx_hal_uart.o
                0x0000000008006e2c                HAL_UART_Receive
 .text.UART_SetConfig
                0x0000000008006ff0      0x57c ./Drivers/STM32G0xx_HAL_Driver/Src/stm32g0xx_hal_uart.o
                0x0000000008006ff0                UART_SetConfig
 .text.UART_AdvFeatureConfig
                0x000000000800756c      0x168 ./Drivers/STM32G0xx_HAL_Driver/Src/stm32g0xx_hal_uart.o
                0x000000000800756c                UART_AdvFeatureConfig
 .text.UART_CheckIdleState
                0x00000000080076d4       0x9c ./Drivers/STM32G0xx_HAL_Driver/Src/stm32g0xx_hal_uart.o
                0x00000000080076d4                UART_CheckIdleState
 .text.UART_WaitOnFlagUntilTimeout
                0x0000000008007770      0x190 ./Drivers/STM32G0xx_HAL_Driver/Src/stm32g0xx_hal_uart.o
                0x0000000008007770                UART_WaitOnFlagUntilTimeout
 .text.HAL_UARTEx_DisableFifoMode
                0x0000000008007900       0x74 ./Drivers/STM32G0xx_HAL_Driver/Src/stm32g0xx_hal_uart_ex.o
                0x0000000008007900                HAL_UARTEx_DisableFifoMode
 .text.HAL_UARTEx_SetTxFifoThreshold
                0x0000000008007974       0x7e ./Drivers/STM32G0xx_HAL_Driver/Src/stm32g0xx_hal_uart_ex.o
                0x0000000008007974                HAL_UARTEx_SetTxFifoThreshold
 *fill*         0x00000000080079f2        0x2 
 .text.HAL_UARTEx_SetRxFifoThreshold
                0x00000000080079f4       0x84 ./Drivers/STM32G0xx_HAL_Driver/Src/stm32g0xx_hal_uart_ex.o
                0x00000000080079f4                HAL_UARTEx_SetRxFifoThreshold
 .text.UARTEx_SetNbDataToProcess
                0x0000000008007a78       0xbc ./Drivers/STM32G0xx_HAL_Driver/Src/stm32g0xx_hal_uart_ex.o
 .text.astronode_send_cfg_sr
                0x0000000008007b34       0x70 ./my_drivers/Src/astronode_application.o
                0x0000000008007b34                astronode_send_cfg_sr
 .text.astronode_send_cfg_wr
                0x0000000008007ba4      0x158 ./my_drivers/Src/astronode_application.o
                0x0000000008007ba4                astronode_send_cfg_wr
 .text.astronode_send_mgi_rr
                0x0000000008007cfc      0x154 ./my_drivers/Src/astronode_application.o
                0x0000000008007cfc                astronode_send_mgi_rr
 .text.astronode_send_msn_rr
                0x0000000008007e50      0x154 ./my_drivers/Src/astronode_application.o
                0x0000000008007e50                astronode_send_msn_rr
 .text.astronode_send_nco_rr
                0x0000000008007fa4       0xc0 ./my_drivers/Src/astronode_application.o
                0x0000000008007fa4                astronode_send_nco_rr
 .text.astronode_send_evt_rr
                0x0000000008008064      0x100 ./my_drivers/Src/astronode_application.o
                0x0000000008008064                astronode_send_evt_rr
 .text.astronode_send_geo_wr
                0x0000000008008164      0x180 ./my_drivers/Src/astronode_application.o
                0x0000000008008164                astronode_send_geo_wr
 .text.astronode_send_pld_er
                0x00000000080082e4      0x148 ./my_drivers/Src/astronode_application.o
                0x00000000080082e4                astronode_send_pld_er
 .text.astronode_send_pld_fr
                0x000000000800842c       0x78 ./my_drivers/Src/astronode_application.o
                0x000000000800842c                astronode_send_pld_fr
 .text.astronode_send_res_cr
                0x00000000080084a4       0x80 ./my_drivers/Src/astronode_application.o
                0x00000000080084a4                astronode_send_res_cr
 .text.astronode_send_rtc_rr
                0x0000000008008524       0xc0 ./my_drivers/Src/astronode_application.o
                0x0000000008008524                astronode_send_rtc_rr
 .text.astronode_send_sak_rr
                0x00000000080085e4       0xac ./my_drivers/Src/astronode_application.o
                0x00000000080085e4                astronode_send_sak_rr
 .text.astronode_send_sak_cr
                0x0000000008008690       0x80 ./my_drivers/Src/astronode_application.o
                0x0000000008008690                astronode_send_sak_cr
 .text.astronode_send_mpn_rr
                0x0000000008008710      0x154 ./my_drivers/Src/astronode_application.o
                0x0000000008008710                astronode_send_mpn_rr
 .text.astronode_send_cmd_cr
                0x0000000008008864       0x80 ./my_drivers/Src/astronode_application.o
                0x0000000008008864                astronode_send_cmd_cr
 .text.astronode_send_cmd_rr
                0x00000000080088e4      0x2e0 ./my_drivers/Src/astronode_application.o
                0x00000000080088e4                astronode_send_cmd_rr
 .text.is_sak_available
                0x0000000008008bc4       0x14 ./my_drivers/Src/astronode_application.o
                0x0000000008008bc4                is_sak_available
 .text.is_astronode_reset
                0x0000000008008bd8       0x14 ./my_drivers/Src/astronode_application.o
                0x0000000008008bd8                is_astronode_reset
 .text.is_command_available
                0x0000000008008bec       0x14 ./my_drivers/Src/astronode_application.o
                0x0000000008008bec                is_command_available
 .text.ascii_to_value
                0x0000000008008c00       0x58 ./my_drivers/Src/astronode_transport.o
 .text.astronode_create_request_transport
                0x0000000008008c58      0x144 ./my_drivers/Src/astronode_transport.o
 .text.astronode_decode_answer_transport
                0x0000000008008d9c      0x328 ./my_drivers/Src/astronode_transport.o
 .text.astronode_transport_send_receive
                0x00000000080090c4       0xc4 ./my_drivers/Src/astronode_transport.o
                0x00000000080090c4                astronode_transport_send_receive
 .text.calculate_crc
                0x0000000008009188       0x9e ./my_drivers/Src/astronode_transport.o
 *fill*         0x0000000008009226        0x2 
 .text.check_for_error
                0x0000000008009228      0x178 ./my_drivers/Src/astronode_transport.o
 .text.receive_astronode_answer
                0x00000000080093a0      0x110 ./my_drivers/Src/astronode_transport.o
 .text.uint8_to_ascii_buffer
                0x00000000080094b0       0x40 ./my_drivers/Src/astronode_transport.o
 .text.lis2dw12_read_reg
                0x00000000080094f0       0x42 ./my_drivers/Src/lis2dw12_reg.o
                0x00000000080094f0                lis2dw12_read_reg
 .text.lis2dw12_device_id_get
                0x0000000008009532       0x24 ./my_drivers/Src/lis2dw12_reg.o
                0x0000000008009532                lis2dw12_device_id_get
 *fill*         0x0000000008009556        0x2 
 .text.my_astro_init
                0x0000000008009558       0xac ./my_drivers/Src/my_astronode.o
                0x0000000008009558                my_astro_init
 .text.my_astro_add_payload_2_queue
                0x0000000008009604       0x50 ./my_drivers/Src/my_astronode.o
                0x0000000008009604                my_astro_add_payload_2_queue
 .text.my_astro_read_evt_reg
                0x0000000008009654       0x6c ./my_drivers/Src/my_astronode.o
                0x0000000008009654                my_astro_read_evt_reg
 .text.my_astro_log
                0x00000000080096c0       0x14 ./my_drivers/Src/my_astronode.o
                0x00000000080096c0                my_astro_log
 .text.my_astro_write_coordinates
                0x00000000080096d4       0x1e ./my_drivers/Src/my_astronode.o
                0x00000000080096d4                my_astro_write_coordinates
 *fill*         0x00000000080096f2        0x2 
 .text.my_lx6_get_coordinates
                0x00000000080096f4      0x3d0 ./my_drivers/Src/my_lx6_gnss.o
                0x00000000080096f4                my_lx6_get_coordinates
 .text.set_my_rtc_from_nmea_rmc
                0x0000000008009ac4       0xac ./my_drivers/Src/my_rtc.o
                0x0000000008009ac4                set_my_rtc_from_nmea_rmc
 .text.get_my_rtc_time
                0x0000000008009b70       0x84 ./my_drivers/Src/my_rtc.o
                0x0000000008009b70                get_my_rtc_time
 .text.my_string2double_conv
                0x0000000008009bf4       0x28 ./my_lib/Src/my_conversions.o
                0x0000000008009bf4                my_string2double_conv
 .text.my_find_char_position
                0x0000000008009c1c       0x86 ./my_lib/Src/my_conversions.o
                0x0000000008009c1c                my_find_char_position
 .text.my_nmea_message
                0x0000000008009ca2       0xd8 ./my_lib/Src/my_nmea.o
                0x0000000008009ca2                my_nmea_message
 .text.get_my_nmea_gngsa_fixed_mode_s
                0x0000000008009d7a       0x16 ./my_lib/Src/my_nmea.o
                0x0000000008009d7a                get_my_nmea_gngsa_fixed_mode_s
 .text.get_my_nmea_gngsa_pdop_d
                0x0000000008009d90       0x92 ./my_lib/Src/my_nmea.o
                0x0000000008009d90                get_my_nmea_gngsa_pdop_d
 .text.is_my_nmea_checksum_ok
                0x0000000008009e22       0x96 ./my_lib/Src/my_nmea.o
                0x0000000008009e22                is_my_nmea_checksum_ok
 .text.nmea2decimal
                0x0000000008009eb8       0xe0 ./my_lib/Src/my_nmea.o
                0x0000000008009eb8                nmea2decimal
 .text.get_my_nmea_gngll_coordinates
                0x0000000008009f98      0x204 ./my_lib/Src/my_nmea.o
                0x0000000008009f98                get_my_nmea_gngll_coordinates
 .text.my_nmea_get_gsv_tns
                0x000000000800a19c       0x70 ./my_lib/Src/my_nmea.o
                0x000000000800a19c                my_nmea_get_gsv_tns
 .text.get_my_nmea_rmc_date_yy
                0x000000000800a20c       0x74 ./my_lib/Src/my_nmea.o
                0x000000000800a20c                get_my_nmea_rmc_date_yy
 .text.get_my_nmea_rmc_date_mm
                0x000000000800a280       0x74 ./my_lib/Src/my_nmea.o
                0x000000000800a280                get_my_nmea_rmc_date_mm
 .text.get_my_nmea_rmc_date_dd
                0x000000000800a2f4       0x74 ./my_lib/Src/my_nmea.o
                0x000000000800a2f4                get_my_nmea_rmc_date_dd
 .text.get_my_nmea_rmc_utc_hh
                0x000000000800a368       0x74 ./my_lib/Src/my_nmea.o
                0x000000000800a368                get_my_nmea_rmc_utc_hh
 .text.get_my_nmea_rmc_utc_mm
                0x000000000800a3dc       0x74 ./my_lib/Src/my_nmea.o
                0x000000000800a3dc                get_my_nmea_rmc_utc_mm
 .text.get_my_nmea_rmc_utc_ss
                0x000000000800a450       0x74 ./my_lib/Src/my_nmea.o
                0x000000000800a450                get_my_nmea_rmc_utc_ss
 .text.get_my_nmea_rmc_utc_sss
                0x000000000800a4c4       0x68 ./my_lib/Src/my_nmea.o
                0x000000000800a4c4                get_my_nmea_rmc_utc_sss
 .text.malloc   0x000000000800a52c       0x14 C:/ST/STM32CubeIDE_1.13.1/STM32CubeIDE/plugins/com.st.stm32cube.ide.mcu.externaltools.gnu-tools-for-stm32.11.3.rel1.win32_1.1.1.202309131626/tools/bin/../lib/gcc/arm-none-eabi/11.3.1/../../../../arm-none-eabi/lib/thumb/v6-m/nofp\libc.a(libc_a-malloc.o)
                0x000000000800a52c                malloc
 .text.free     0x000000000800a540       0x14 C:/ST/STM32CubeIDE_1.13.1/STM32CubeIDE/plugins/com.st.stm32cube.ide.mcu.externaltools.gnu-tools-for-stm32.11.3.rel1.win32_1.1.1.202309131626/tools/bin/../lib/gcc/arm-none-eabi/11.3.1/../../../../arm-none-eabi/lib/thumb/v6-m/nofp\libc.a(libc_a-malloc.o)
                0x000000000800a540                free
 .text._malloc_r
                0x000000000800a554      0x428 C:/ST/STM32CubeIDE_1.13.1/STM32CubeIDE/plugins/com.st.stm32cube.ide.mcu.externaltools.gnu-tools-for-stm32.11.3.rel1.win32_1.1.1.202309131626/tools/bin/../lib/gcc/arm-none-eabi/11.3.1/../../../../arm-none-eabi/lib/thumb/v6-m/nofp\libc.a(libc_a-mallocr.o)
                0x000000000800a554                _malloc_r
 .text.__malloc_lock
                0x000000000800a97c       0x10 C:/ST/STM32CubeIDE_1.13.1/STM32CubeIDE/plugins/com.st.stm32cube.ide.mcu.externaltools.gnu-tools-for-stm32.11.3.rel1.win32_1.1.1.202309131626/tools/bin/../lib/gcc/arm-none-eabi/11.3.1/../../../../arm-none-eabi/lib/thumb/v6-m/nofp\libc.a(libc_a-mlock.o)
                0x000000000800a97c                __malloc_lock
 .text.__malloc_unlock
                0x000000000800a98c       0x10 C:/ST/STM32CubeIDE_1.13.1/STM32CubeIDE/plugins/com.st.stm32cube.ide.mcu.externaltools.gnu-tools-for-stm32.11.3.rel1.win32_1.1.1.202309131626/tools/bin/../lib/gcc/arm-none-eabi/11.3.1/../../../../arm-none-eabi/lib/thumb/v6-m/nofp\libc.a(libc_a-mlock.o)
                0x000000000800a98c                __malloc_unlock
 .text.sulp     0x000000000800a99c       0x30 C:/ST/STM32CubeIDE_1.13.1/STM32CubeIDE/plugins/com.st.stm32cube.ide.mcu.externaltools.gnu-tools-for-stm32.11.3.rel1.win32_1.1.1.202309131626/tools/bin/../lib/gcc/arm-none-eabi/11.3.1/../../../../arm-none-eabi/lib/thumb/v6-m/nofp\libc.a(libc_a-strtod.o)
 .text._strtod_l
                0x000000000800a9cc      0xc14 C:/ST/STM32CubeIDE_1.13.1/STM32CubeIDE/plugins/com.st.stm32cube.ide.mcu.externaltools.gnu-tools-for-stm32.11.3.rel1.win32_1.1.1.202309131626/tools/bin/../lib/gcc/arm-none-eabi/11.3.1/../../../../arm-none-eabi/lib/thumb/v6-m/nofp\libc.a(libc_a-strtod.o)
                0x000000000800a9cc                _strtod_l
 .text._strtod_r
                0x000000000800b5e0       0x10 C:/ST/STM32CubeIDE_1.13.1/STM32CubeIDE/plugins/com.st.stm32cube.ide.mcu.externaltools.gnu-tools-for-stm32.11.3.rel1.win32_1.1.1.202309131626/tools/bin/../lib/gcc/arm-none-eabi/11.3.1/../../../../arm-none-eabi/lib/thumb/v6-m/nofp\libc.a(libc_a-strtod.o)
                0x000000000800b5e0                _strtod_r
 .text.strtod   0x000000000800b5f0       0x1c C:/ST/STM32CubeIDE_1.13.1/STM32CubeIDE/plugins/com.st.stm32cube.ide.mcu.externaltools.gnu-tools-for-stm32.11.3.rel1.win32_1.1.1.202309131626/tools/bin/../lib/gcc/arm-none-eabi/11.3.1/../../../../arm-none-eabi/lib/thumb/v6-m/nofp\libc.a(libc_a-strtod.o)
                0x000000000800b5f0                strtod
 .text._strtol_l.constprop.0
                0x000000000800b60c      0x10c C:/ST/STM32CubeIDE_1.13.1/STM32CubeIDE/plugins/com.st.stm32cube.ide.mcu.externaltools.gnu-tools-for-stm32.11.3.rel1.win32_1.1.1.202309131626/tools/bin/../lib/gcc/arm-none-eabi/11.3.1/../../../../arm-none-eabi/lib/thumb/v6-m/nofp\libc.a(libc_a-strtol.o)
 .text._strtol_r
                0x000000000800b718        0x8 C:/ST/STM32CubeIDE_1.13.1/STM32CubeIDE/plugins/com.st.stm32cube.ide.mcu.externaltools.gnu-tools-for-stm32.11.3.rel1.win32_1.1.1.202309131626/tools/bin/../lib/gcc/arm-none-eabi/11.3.1/../../../../arm-none-eabi/lib/thumb/v6-m/nofp\libc.a(libc_a-strtol.o)
                0x000000000800b718                _strtol_r
 .text.strtol   0x000000000800b720       0x18 C:/ST/STM32CubeIDE_1.13.1/STM32CubeIDE/plugins/com.st.stm32cube.ide.mcu.externaltools.gnu-tools-for-stm32.11.3.rel1.win32_1.1.1.202309131626/tools/bin/../lib/gcc/arm-none-eabi/11.3.1/../../../../arm-none-eabi/lib/thumb/v6-m/nofp\libc.a(libc_a-strtol.o)
                0x000000000800b720                strtol
 .text.std      0x000000000800b738       0x6c C:/ST/STM32CubeIDE_1.13.1/STM32CubeIDE/plugins/com.st.stm32cube.ide.mcu.externaltools.gnu-tools-for-stm32.11.3.rel1.win32_1.1.1.202309131626/tools/bin/../lib/gcc/arm-none-eabi/11.3.1/../../../../arm-none-eabi/lib/thumb/v6-m/nofp\libc.a(libc_a-findfp.o)
 .text.stdio_exit_handler
                0x000000000800b7a4       0x1c C:/ST/STM32CubeIDE_1.13.1/STM32CubeIDE/plugins/com.st.stm32cube.ide.mcu.externaltools.gnu-tools-for-stm32.11.3.rel1.win32_1.1.1.202309131626/tools/bin/../lib/gcc/arm-none-eabi/11.3.1/../../../../arm-none-eabi/lib/thumb/v6-m/nofp\libc.a(libc_a-findfp.o)
 .text.cleanup_stdio
                0x000000000800b7c0       0x3c C:/ST/STM32CubeIDE_1.13.1/STM32CubeIDE/plugins/com.st.stm32cube.ide.mcu.externaltools.gnu-tools-for-stm32.11.3.rel1.win32_1.1.1.202309131626/tools/bin/../lib/gcc/arm-none-eabi/11.3.1/../../../../arm-none-eabi/lib/thumb/v6-m/nofp\libc.a(libc_a-findfp.o)
 .text.global_stdio_init.part.0
                0x000000000800b7fc       0x3c C:/ST/STM32CubeIDE_1.13.1/STM32CubeIDE/plugins/com.st.stm32cube.ide.mcu.externaltools.gnu-tools-for-stm32.11.3.rel1.win32_1.1.1.202309131626/tools/bin/../lib/gcc/arm-none-eabi/11.3.1/../../../../arm-none-eabi/lib/thumb/v6-m/nofp\libc.a(libc_a-findfp.o)
 .text.__sfp_lock_acquire
                0x000000000800b838       0x10 C:/ST/STM32CubeIDE_1.13.1/STM32CubeIDE/plugins/com.st.stm32cube.ide.mcu.externaltools.gnu-tools-for-stm32.11.3.rel1.win32_1.1.1.202309131626/tools/bin/../lib/gcc/arm-none-eabi/11.3.1/../../../../arm-none-eabi/lib/thumb/v6-m/nofp\libc.a(libc_a-findfp.o)
                0x000000000800b838                __sfp_lock_acquire
 .text.__sfp_lock_release
                0x000000000800b848       0x10 C:/ST/STM32CubeIDE_1.13.1/STM32CubeIDE/plugins/com.st.stm32cube.ide.mcu.externaltools.gnu-tools-for-stm32.11.3.rel1.win32_1.1.1.202309131626/tools/bin/../lib/gcc/arm-none-eabi/11.3.1/../../../../arm-none-eabi/lib/thumb/v6-m/nofp\libc.a(libc_a-findfp.o)
                0x000000000800b848                __sfp_lock_release
 .text.__sinit  0x000000000800b858       0x30 C:/ST/STM32CubeIDE_1.13.1/STM32CubeIDE/plugins/com.st.stm32cube.ide.mcu.externaltools.gnu-tools-for-stm32.11.3.rel1.win32_1.1.1.202309131626/tools/bin/../lib/gcc/arm-none-eabi/11.3.1/../../../../arm-none-eabi/lib/thumb/v6-m/nofp\libc.a(libc_a-findfp.o)
                0x000000000800b858                __sinit
 .text._fwalk_sglue
                0x000000000800b888       0x38 C:/ST/STM32CubeIDE_1.13.1/STM32CubeIDE/plugins/com.st.stm32cube.ide.mcu.externaltools.gnu-tools-for-stm32.11.3.rel1.win32_1.1.1.202309131626/tools/bin/../lib/gcc/arm-none-eabi/11.3.1/../../../../arm-none-eabi/lib/thumb/v6-m/nofp\libc.a(libc_a-fwalk.o)
                0x000000000800b888                _fwalk_sglue
 .text.snprintf
                0x000000000800b8c0       0x68 C:/ST/STM32CubeIDE_1.13.1/STM32CubeIDE/plugins/com.st.stm32cube.ide.mcu.externaltools.gnu-tools-for-stm32.11.3.rel1.win32_1.1.1.202309131626/tools/bin/../lib/gcc/arm-none-eabi/11.3.1/../../../../arm-none-eabi/lib/thumb/v6-m/nofp\libc.a(libc_a-snprintf.o)
                0x000000000800b8c0                snprintf
 .text.sprintf  0x000000000800b928       0x40 C:/ST/STM32CubeIDE_1.13.1/STM32CubeIDE/plugins/com.st.stm32cube.ide.mcu.externaltools.gnu-tools-for-stm32.11.3.rel1.win32_1.1.1.202309131626/tools/bin/../lib/gcc/arm-none-eabi/11.3.1/../../../../arm-none-eabi/lib/thumb/v6-m/nofp\libc.a(libc_a-sprintf.o)
                0x000000000800b928                sprintf
 .text.sscanf   0x000000000800b968       0x50 C:/ST/STM32CubeIDE_1.13.1/STM32CubeIDE/plugins/com.st.stm32cube.ide.mcu.externaltools.gnu-tools-for-stm32.11.3.rel1.win32_1.1.1.202309131626/tools/bin/../lib/gcc/arm-none-eabi/11.3.1/../../../../arm-none-eabi/lib/thumb/v6-m/nofp\libc.a(libc_a-sscanf.o)
                0x000000000800b968                sscanf
 .text.__sread  0x000000000800b9b8       0x28 C:/ST/STM32CubeIDE_1.13.1/STM32CubeIDE/plugins/com.st.stm32cube.ide.mcu.externaltools.gnu-tools-for-stm32.11.3.rel1.win32_1.1.1.202309131626/tools/bin/../lib/gcc/arm-none-eabi/11.3.1/../../../../arm-none-eabi/lib/thumb/v6-m/nofp\libc.a(libc_a-stdio.o)
                0x000000000800b9b8                __sread
 .text.__seofread
                0x000000000800b9e0        0x4 C:/ST/STM32CubeIDE_1.13.1/STM32CubeIDE/plugins/com.st.stm32cube.ide.mcu.externaltools.gnu-tools-for-stm32.11.3.rel1.win32_1.1.1.202309131626/tools/bin/../lib/gcc/arm-none-eabi/11.3.1/../../../../arm-none-eabi/lib/thumb/v6-m/nofp\libc.a(libc_a-stdio.o)
                0x000000000800b9e0                __seofread
 .text.__swrite
                0x000000000800b9e4       0x38 C:/ST/STM32CubeIDE_1.13.1/STM32CubeIDE/plugins/com.st.stm32cube.ide.mcu.externaltools.gnu-tools-for-stm32.11.3.rel1.win32_1.1.1.202309131626/tools/bin/../lib/gcc/arm-none-eabi/11.3.1/../../../../arm-none-eabi/lib/thumb/v6-m/nofp\libc.a(libc_a-stdio.o)
                0x000000000800b9e4                __swrite
 .text.__sseek  0x000000000800ba1c       0x2c C:/ST/STM32CubeIDE_1.13.1/STM32CubeIDE/plugins/com.st.stm32cube.ide.mcu.externaltools.gnu-tools-for-stm32.11.3.rel1.win32_1.1.1.202309131626/tools/bin/../lib/gcc/arm-none-eabi/11.3.1/../../../../arm-none-eabi/lib/thumb/v6-m/nofp\libc.a(libc_a-stdio.o)
                0x000000000800ba1c                __sseek
 .text.__sclose
                0x000000000800ba48        0xc C:/ST/STM32CubeIDE_1.13.1/STM32CubeIDE/plugins/com.st.stm32cube.ide.mcu.externaltools.gnu-tools-for-stm32.11.3.rel1.win32_1.1.1.202309131626/tools/bin/../lib/gcc/arm-none-eabi/11.3.1/../../../../arm-none-eabi/lib/thumb/v6-m/nofp\libc.a(libc_a-stdio.o)
                0x000000000800ba48                __sclose
 .text.memset   0x000000000800ba54       0x10 C:/ST/STM32CubeIDE_1.13.1/STM32CubeIDE/plugins/com.st.stm32cube.ide.mcu.externaltools.gnu-tools-for-stm32.11.3.rel1.win32_1.1.1.202309131626/tools/bin/../lib/gcc/arm-none-eabi/11.3.1/../../../../arm-none-eabi/lib/thumb/v6-m/nofp\libc.a(libc_a-memset.o)
                0x000000000800ba54                memset
 .text.strncmp  0x000000000800ba64       0x22 C:/ST/STM32CubeIDE_1.13.1/STM32CubeIDE/plugins/com.st.stm32cube.ide.mcu.externaltools.gnu-tools-for-stm32.11.3.rel1.win32_1.1.1.202309131626/tools/bin/../lib/gcc/arm-none-eabi/11.3.1/../../../../arm-none-eabi/lib/thumb/v6-m/nofp\libc.a(libc_a-strncmp.o)
                0x000000000800ba64                strncmp
 .text.strncpy  0x000000000800ba86       0x28 C:/ST/STM32CubeIDE_1.13.1/STM32CubeIDE/plugins/com.st.stm32cube.ide.mcu.externaltools.gnu-tools-for-stm32.11.3.rel1.win32_1.1.1.202309131626/tools/bin/../lib/gcc/arm-none-eabi/11.3.1/../../../../arm-none-eabi/lib/thumb/v6-m/nofp\libc.a(libc_a-strncpy.o)
                0x000000000800ba86                strncpy
 .text.strstr   0x000000000800baae       0x2c C:/ST/STM32CubeIDE_1.13.1/STM32CubeIDE/plugins/com.st.stm32cube.ide.mcu.externaltools.gnu-tools-for-stm32.11.3.rel1.win32_1.1.1.202309131626/tools/bin/../lib/gcc/arm-none-eabi/11.3.1/../../../../arm-none-eabi/lib/thumb/v6-m/nofp\libc.a(libc_a-strstr.o)
                0x000000000800baae                strstr
 *fill*         0x000000000800bada        0x2 
 .text.__locale_mb_cur_max
                0x000000000800badc       0x10 C:/ST/STM32CubeIDE_1.13.1/STM32CubeIDE/plugins/com.st.stm32cube.ide.mcu.externaltools.gnu-tools-for-stm32.11.3.rel1.win32_1.1.1.202309131626/tools/bin/../lib/gcc/arm-none-eabi/11.3.1/../../../../arm-none-eabi/lib/thumb/v6-m/nofp\libc.a(libc_a-locale.o)
                0x000000000800badc                __locale_mb_cur_max
 .text._close_r
                0x000000000800baec       0x24 C:/ST/STM32CubeIDE_1.13.1/STM32CubeIDE/plugins/com.st.stm32cube.ide.mcu.externaltools.gnu-tools-for-stm32.11.3.rel1.win32_1.1.1.202309131626/tools/bin/../lib/gcc/arm-none-eabi/11.3.1/../../../../arm-none-eabi/lib/thumb/v6-m/nofp\libc.a(libc_a-closer.o)
                0x000000000800baec                _close_r
 .text._lseek_r
                0x000000000800bb10       0x28 C:/ST/STM32CubeIDE_1.13.1/STM32CubeIDE/plugins/com.st.stm32cube.ide.mcu.externaltools.gnu-tools-for-stm32.11.3.rel1.win32_1.1.1.202309131626/tools/bin/../lib/gcc/arm-none-eabi/11.3.1/../../../../arm-none-eabi/lib/thumb/v6-m/nofp\libc.a(libc_a-lseekr.o)
                0x000000000800bb10                _lseek_r
 .text._read_r  0x000000000800bb38       0x28 C:/ST/STM32CubeIDE_1.13.1/STM32CubeIDE/plugins/com.st.stm32cube.ide.mcu.externaltools.gnu-tools-for-stm32.11.3.rel1.win32_1.1.1.202309131626/tools/bin/../lib/gcc/arm-none-eabi/11.3.1/../../../../arm-none-eabi/lib/thumb/v6-m/nofp\libc.a(libc_a-readr.o)
                0x000000000800bb38                _read_r
 .text._sbrk_r  0x000000000800bb60       0x24 C:/ST/STM32CubeIDE_1.13.1/STM32CubeIDE/plugins/com.st.stm32cube.ide.mcu.externaltools.gnu-tools-for-stm32.11.3.rel1.win32_1.1.1.202309131626/tools/bin/../lib/gcc/arm-none-eabi/11.3.1/../../../../arm-none-eabi/lib/thumb/v6-m/nofp\libc.a(libc_a-sbrkr.o)
                0x000000000800bb60                _sbrk_r
 .text._write_r
                0x000000000800bb84       0x28 C:/ST/STM32CubeIDE_1.13.1/STM32CubeIDE/plugins/com.st.stm32cube.ide.mcu.externaltools.gnu-tools-for-stm32.11.3.rel1.win32_1.1.1.202309131626/tools/bin/../lib/gcc/arm-none-eabi/11.3.1/../../../../arm-none-eabi/lib/thumb/v6-m/nofp\libc.a(libc_a-writer.o)
                0x000000000800bb84                _write_r
 .text.__errno  0x000000000800bbac        0xc C:/ST/STM32CubeIDE_1.13.1/STM32CubeIDE/plugins/com.st.stm32cube.ide.mcu.externaltools.gnu-tools-for-stm32.11.3.rel1.win32_1.1.1.202309131626/tools/bin/../lib/gcc/arm-none-eabi/11.3.1/../../../../arm-none-eabi/lib/thumb/v6-m/nofp\libc.a(libc_a-errno.o)
                0x000000000800bbac                __errno
 .text.__libc_init_array
                0x000000000800bbb8       0x48 C:/ST/STM32CubeIDE_1.13.1/STM32CubeIDE/plugins/com.st.stm32cube.ide.mcu.externaltools.gnu-tools-for-stm32.11.3.rel1.win32_1.1.1.202309131626/tools/bin/../lib/gcc/arm-none-eabi/11.3.1/../../../../arm-none-eabi/lib/thumb/v6-m/nofp\libc.a(libc_a-init.o)
                0x000000000800bbb8                __libc_init_array
 .text.__retarget_lock_init_recursive
                0x000000000800bc00        0x2 C:/ST/STM32CubeIDE_1.13.1/STM32CubeIDE/plugins/com.st.stm32cube.ide.mcu.externaltools.gnu-tools-for-stm32.11.3.rel1.win32_1.1.1.202309131626/tools/bin/../lib/gcc/arm-none-eabi/11.3.1/../../../../arm-none-eabi/lib/thumb/v6-m/nofp\libc.a(libc_a-lock.o)
                0x000000000800bc00                __retarget_lock_init_recursive
 .text.__retarget_lock_close_recursive
                0x000000000800bc02        0x2 C:/ST/STM32CubeIDE_1.13.1/STM32CubeIDE/plugins/com.st.stm32cube.ide.mcu.externaltools.gnu-tools-for-stm32.11.3.rel1.win32_1.1.1.202309131626/tools/bin/../lib/gcc/arm-none-eabi/11.3.1/../../../../arm-none-eabi/lib/thumb/v6-m/nofp\libc.a(libc_a-lock.o)
                0x000000000800bc02                __retarget_lock_close_recursive
 .text.__retarget_lock_acquire_recursive
                0x000000000800bc04        0x2 C:/ST/STM32CubeIDE_1.13.1/STM32CubeIDE/plugins/com.st.stm32cube.ide.mcu.externaltools.gnu-tools-for-stm32.11.3.rel1.win32_1.1.1.202309131626/tools/bin/../lib/gcc/arm-none-eabi/11.3.1/../../../../arm-none-eabi/lib/thumb/v6-m/nofp\libc.a(libc_a-lock.o)
                0x000000000800bc04                __retarget_lock_acquire_recursive
 .text.__retarget_lock_release_recursive
                0x000000000800bc06        0x2 C:/ST/STM32CubeIDE_1.13.1/STM32CubeIDE/plugins/com.st.stm32cube.ide.mcu.externaltools.gnu-tools-for-stm32.11.3.rel1.win32_1.1.1.202309131626/tools/bin/../lib/gcc/arm-none-eabi/11.3.1/../../../../arm-none-eabi/lib/thumb/v6-m/nofp\libc.a(libc_a-lock.o)
                0x000000000800bc06                __retarget_lock_release_recursive
 .text.sysconf  0x000000000800bc08       0x16 C:/ST/STM32CubeIDE_1.13.1/STM32CubeIDE/plugins/com.st.stm32cube.ide.mcu.externaltools.gnu-tools-for-stm32.11.3.rel1.win32_1.1.1.202309131626/tools/bin/../lib/gcc/arm-none-eabi/11.3.1/../../../../arm-none-eabi/lib/thumb/v6-m/nofp\libc.a(libc_a-sysconf.o)
                0x000000000800bc08                sysconf
 .text.memcpy   0x000000000800bc1e       0x12 C:/ST/STM32CubeIDE_1.13.1/STM32CubeIDE/plugins/com.st.stm32cube.ide.mcu.externaltools.gnu-tools-for-stm32.11.3.rel1.win32_1.1.1.202309131626/tools/bin/../lib/gcc/arm-none-eabi/11.3.1/../../../../arm-none-eabi/lib/thumb/v6-m/nofp\libc.a(libc_a-memcpy-stub.o)
                0x000000000800bc1e                memcpy
 .text.nan      0x000000000800bc30        0xc C:/ST/STM32CubeIDE_1.13.1/STM32CubeIDE/plugins/com.st.stm32cube.ide.mcu.externaltools.gnu-tools-for-stm32.11.3.rel1.win32_1.1.1.202309131626/tools/bin/../lib/gcc/arm-none-eabi/11.3.1/../../../../arm-none-eabi/lib/thumb/v6-m/nofp\libc.a(libm_a-s_nan.o)
                0x000000000800bc30                nan
 .text.nanf     0x000000000800bc3c        0x8 C:/ST/STM32CubeIDE_1.13.1/STM32CubeIDE/plugins/com.st.stm32cube.ide.mcu.externaltools.gnu-tools-for-stm32.11.3.rel1.win32_1.1.1.202309131626/tools/bin/../lib/gcc/arm-none-eabi/11.3.1/../../../../arm-none-eabi/lib/thumb/v6-m/nofp\libc.a(libm_a-sf_nan.o)
                0x000000000800bc3c                nanf
 .text.startup.register_fini
                0x000000000800bc44       0x18 C:/ST/STM32CubeIDE_1.13.1/STM32CubeIDE/plugins/com.st.stm32cube.ide.mcu.externaltools.gnu-tools-for-stm32.11.3.rel1.win32_1.1.1.202309131626/tools/bin/../lib/gcc/arm-none-eabi/11.3.1/../../../../arm-none-eabi/lib/thumb/v6-m/nofp\libc.a(libc_a-__call_atexit.o)
 .text.atexit   0x000000000800bc5c       0x10 C:/ST/STM32CubeIDE_1.13.1/STM32CubeIDE/plugins/com.st.stm32cube.ide.mcu.externaltools.gnu-tools-for-stm32.11.3.rel1.win32_1.1.1.202309131626/tools/bin/../lib/gcc/arm-none-eabi/11.3.1/../../../../arm-none-eabi/lib/thumb/v6-m/nofp\libc.a(libc_a-atexit.o)
                0x000000000800bc5c                atexit
 .text._malloc_trim_r
                0x000000000800bc6c       0xa8 C:/ST/STM32CubeIDE_1.13.1/STM32CubeIDE/plugins/com.st.stm32cube.ide.mcu.externaltools.gnu-tools-for-stm32.11.3.rel1.win32_1.1.1.202309131626/tools/bin/../lib/gcc/arm-none-eabi/11.3.1/../../../../arm-none-eabi/lib/thumb/v6-m/nofp\libc.a(libc_a-freer.o)
                0x000000000800bc6c                _malloc_trim_r
 .text._free_r  0x000000000800bd14      0x164 C:/ST/STM32CubeIDE_1.13.1/STM32CubeIDE/plugins/com.st.stm32cube.ide.mcu.externaltools.gnu-tools-for-stm32.11.3.rel1.win32_1.1.1.202309131626/tools/bin/../lib/gcc/arm-none-eabi/11.3.1/../../../../arm-none-eabi/lib/thumb/v6-m/nofp\libc.a(libc_a-freer.o)
                0x000000000800bd14                _free_r
 .text.rshift   0x000000000800be78       0xaa C:/ST/STM32CubeIDE_1.13.1/STM32CubeIDE/plugins/com.st.stm32cube.ide.mcu.externaltools.gnu-tools-for-stm32.11.3.rel1.win32_1.1.1.202309131626/tools/bin/../lib/gcc/arm-none-eabi/11.3.1/../../../../arm-none-eabi/lib/thumb/v6-m/nofp\libc.a(libc_a-gdtoa-gethex.o)
 .text.__hexdig_fun
                0x000000000800bf22       0x2a C:/ST/STM32CubeIDE_1.13.1/STM32CubeIDE/plugins/com.st.stm32cube.ide.mcu.externaltools.gnu-tools-for-stm32.11.3.rel1.win32_1.1.1.202309131626/tools/bin/../lib/gcc/arm-none-eabi/11.3.1/../../../../arm-none-eabi/lib/thumb/v6-m/nofp\libc.a(libc_a-gdtoa-gethex.o)
                0x000000000800bf22                __hexdig_fun
 .text.__gethex
                0x000000000800bf4c      0x448 C:/ST/STM32CubeIDE_1.13.1/STM32CubeIDE/plugins/com.st.stm32cube.ide.mcu.externaltools.gnu-tools-for-stm32.11.3.rel1.win32_1.1.1.202309131626/tools/bin/../lib/gcc/arm-none-eabi/11.3.1/../../../../arm-none-eabi/lib/thumb/v6-m/nofp\libc.a(libc_a-gdtoa-gethex.o)
                0x000000000800bf4c                __gethex
 .text.L_shift  0x000000000800c394       0x24 C:/ST/STM32CubeIDE_1.13.1/STM32CubeIDE/plugins/com.st.stm32cube.ide.mcu.externaltools.gnu-tools-for-stm32.11.3.rel1.win32_1.1.1.202309131626/tools/bin/../lib/gcc/arm-none-eabi/11.3.1/../../../../arm-none-eabi/lib/thumb/v6-m/nofp\libc.a(libc_a-gdtoa-hexnan.o)
 .text.__match  0x000000000800c3b8       0x28 C:/ST/STM32CubeIDE_1.13.1/STM32CubeIDE/plugins/com.st.stm32cube.ide.mcu.externaltools.gnu-tools-for-stm32.11.3.rel1.win32_1.1.1.202309131626/tools/bin/../lib/gcc/arm-none-eabi/11.3.1/../../../../arm-none-eabi/lib/thumb/v6-m/nofp\libc.a(libc_a-gdtoa-hexnan.o)
                0x000000000800c3b8                __match
 .text.__hexnan
                0x000000000800c3e0      0x150 C:/ST/STM32CubeIDE_1.13.1/STM32CubeIDE/plugins/com.st.stm32cube.ide.mcu.externaltools.gnu-tools-for-stm32.11.3.rel1.win32_1.1.1.202309131626/tools/bin/../lib/gcc/arm-none-eabi/11.3.1/../../../../arm-none-eabi/lib/thumb/v6-m/nofp\libc.a(libc_a-gdtoa-hexnan.o)
                0x000000000800c3e0                __hexnan
 .text.__ascii_mbtowc
                0x000000000800c530       0x24 C:/ST/STM32CubeIDE_1.13.1/STM32CubeIDE/plugins/com.st.stm32cube.ide.mcu.externaltools.gnu-tools-for-stm32.11.3.rel1.win32_1.1.1.202309131626/tools/bin/../lib/gcc/arm-none-eabi/11.3.1/../../../../arm-none-eabi/lib/thumb/v6-m/nofp\libc.a(libc_a-mbtowc_r.o)
                0x000000000800c530                __ascii_mbtowc
 .text._Balloc  0x000000000800c554       0x50 C:/ST/STM32CubeIDE_1.13.1/STM32CubeIDE/plugins/com.st.stm32cube.ide.mcu.externaltools.gnu-tools-for-stm32.11.3.rel1.win32_1.1.1.202309131626/tools/bin/../lib/gcc/arm-none-eabi/11.3.1/../../../../arm-none-eabi/lib/thumb/v6-m/nofp\libc.a(libc_a-mprec.o)
                0x000000000800c554                _Balloc
 .text._Bfree   0x000000000800c5a4       0x14 C:/ST/STM32CubeIDE_1.13.1/STM32CubeIDE/plugins/com.st.stm32cube.ide.mcu.externaltools.gnu-tools-for-stm32.11.3.rel1.win32_1.1.1.202309131626/tools/bin/../lib/gcc/arm-none-eabi/11.3.1/../../../../arm-none-eabi/lib/thumb/v6-m/nofp\libc.a(libc_a-mprec.o)
                0x000000000800c5a4                _Bfree
 .text.__multadd
                0x000000000800c5b8       0x88 C:/ST/STM32CubeIDE_1.13.1/STM32CubeIDE/plugins/com.st.stm32cube.ide.mcu.externaltools.gnu-tools-for-stm32.11.3.rel1.win32_1.1.1.202309131626/tools/bin/../lib/gcc/arm-none-eabi/11.3.1/../../../../arm-none-eabi/lib/thumb/v6-m/nofp\libc.a(libc_a-mprec.o)
                0x000000000800c5b8                __multadd
 .text.__s2b    0x000000000800c640       0x98 C:/ST/STM32CubeIDE_1.13.1/STM32CubeIDE/plugins/com.st.stm32cube.ide.mcu.externaltools.gnu-tools-for-stm32.11.3.rel1.win32_1.1.1.202309131626/tools/bin/../lib/gcc/arm-none-eabi/11.3.1/../../../../arm-none-eabi/lib/thumb/v6-m/nofp\libc.a(libc_a-mprec.o)
                0x000000000800c640                __s2b
 .text.__hi0bits
                0x000000000800c6d8       0x34 C:/ST/STM32CubeIDE_1.13.1/STM32CubeIDE/plugins/com.st.stm32cube.ide.mcu.externaltools.gnu-tools-for-stm32.11.3.rel1.win32_1.1.1.202309131626/tools/bin/../lib/gcc/arm-none-eabi/11.3.1/../../../../arm-none-eabi/lib/thumb/v6-m/nofp\libc.a(libc_a-mprec.o)
                0x000000000800c6d8                __hi0bits
 .text.__lo0bits
                0x000000000800c70c       0x5c C:/ST/STM32CubeIDE_1.13.1/STM32CubeIDE/plugins/com.st.stm32cube.ide.mcu.externaltools.gnu-tools-for-stm32.11.3.rel1.win32_1.1.1.202309131626/tools/bin/../lib/gcc/arm-none-eabi/11.3.1/../../../../arm-none-eabi/lib/thumb/v6-m/nofp\libc.a(libc_a-mprec.o)
                0x000000000800c70c                __lo0bits
 .text.__i2b    0x000000000800c768       0x30 C:/ST/STM32CubeIDE_1.13.1/STM32CubeIDE/plugins/com.st.stm32cube.ide.mcu.externaltools.gnu-tools-for-stm32.11.3.rel1.win32_1.1.1.202309131626/tools/bin/../lib/gcc/arm-none-eabi/11.3.1/../../../../arm-none-eabi/lib/thumb/v6-m/nofp\libc.a(libc_a-mprec.o)
                0x000000000800c768                __i2b
 .text.__multiply
                0x000000000800c798      0x160 C:/ST/STM32CubeIDE_1.13.1/STM32CubeIDE/plugins/com.st.stm32cube.ide.mcu.externaltools.gnu-tools-for-stm32.11.3.rel1.win32_1.1.1.202309131626/tools/bin/../lib/gcc/arm-none-eabi/11.3.1/../../../../arm-none-eabi/lib/thumb/v6-m/nofp\libc.a(libc_a-mprec.o)
                0x000000000800c798                __multiply
 .text.__pow5mult
                0x000000000800c8f8       0x84 C:/ST/STM32CubeIDE_1.13.1/STM32CubeIDE/plugins/com.st.stm32cube.ide.mcu.externaltools.gnu-tools-for-stm32.11.3.rel1.win32_1.1.1.202309131626/tools/bin/../lib/gcc/arm-none-eabi/11.3.1/../../../../arm-none-eabi/lib/thumb/v6-m/nofp\libc.a(libc_a-mprec.o)
                0x000000000800c8f8                __pow5mult
 .text.__lshift
                0x000000000800c97c       0xdc C:/ST/STM32CubeIDE_1.13.1/STM32CubeIDE/plugins/com.st.stm32cube.ide.mcu.externaltools.gnu-tools-for-stm32.11.3.rel1.win32_1.1.1.202309131626/tools/bin/../lib/gcc/arm-none-eabi/11.3.1/../../../../arm-none-eabi/lib/thumb/v6-m/nofp\libc.a(libc_a-mprec.o)
                0x000000000800c97c                __lshift
 .text.__mcmp   0x000000000800ca58       0x38 C:/ST/STM32CubeIDE_1.13.1/STM32CubeIDE/plugins/com.st.stm32cube.ide.mcu.externaltools.gnu-tools-for-stm32.11.3.rel1.win32_1.1.1.202309131626/tools/bin/../lib/gcc/arm-none-eabi/11.3.1/../../../../arm-none-eabi/lib/thumb/v6-m/nofp\libc.a(libc_a-mprec.o)
                0x000000000800ca58                __mcmp
 .text.__mdiff  0x000000000800ca90      0x130 C:/ST/STM32CubeIDE_1.13.1/STM32CubeIDE/plugins/com.st.stm32cube.ide.mcu.externaltools.gnu-tools-for-stm32.11.3.rel1.win32_1.1.1.202309131626/tools/bin/../lib/gcc/arm-none-eabi/11.3.1/../../../../arm-none-eabi/lib/thumb/v6-m/nofp\libc.a(libc_a-mprec.o)
                0x000000000800ca90                __mdiff
 .text.__ulp    0x000000000800cbc0       0x38 C:/ST/STM32CubeIDE_1.13.1/STM32CubeIDE/plugins/com.st.stm32cube.ide.mcu.externaltools.gnu-tools-for-stm32.11.3.rel1.win32_1.1.1.202309131626/tools/bin/../lib/gcc/arm-none-eabi/11.3.1/../../../../arm-none-eabi/lib/thumb/v6-m/nofp\libc.a(libc_a-mprec.o)
                0x000000000800cbc0                __ulp
 .text.__b2d    0x000000000800cbf8       0x98 C:/ST/STM32CubeIDE_1.13.1/STM32CubeIDE/plugins/com.st.stm32cube.ide.mcu.externaltools.gnu-tools-for-stm32.11.3.rel1.win32_1.1.1.202309131626/tools/bin/../lib/gcc/arm-none-eabi/11.3.1/../../../../arm-none-eabi/lib/thumb/v6-m/nofp\libc.a(libc_a-mprec.o)
                0x000000000800cbf8                __b2d
 .text.__d2b    0x000000000800cc90       0xc0 C:/ST/STM32CubeIDE_1.13.1/STM32CubeIDE/plugins/com.st.stm32cube.ide.mcu.externaltools.gnu-tools-for-stm32.11.3.rel1.win32_1.1.1.202309131626/tools/bin/../lib/gcc/arm-none-eabi/11.3.1/../../../../arm-none-eabi/lib/thumb/v6-m/nofp\libc.a(libc_a-mprec.o)
                0x000000000800cc90                __d2b
 .text.__ratio  0x000000000800cd50       0x52 C:/ST/STM32CubeIDE_1.13.1/STM32CubeIDE/plugins/com.st.stm32cube.ide.mcu.externaltools.gnu-tools-for-stm32.11.3.rel1.win32_1.1.1.202309131626/tools/bin/../lib/gcc/arm-none-eabi/11.3.1/../../../../arm-none-eabi/lib/thumb/v6-m/nofp\libc.a(libc_a-mprec.o)
                0x000000000800cd50                __ratio
 .text.__copybits
                0x000000000800cda2       0x42 C:/ST/STM32CubeIDE_1.13.1/STM32CubeIDE/plugins/com.st.stm32cube.ide.mcu.externaltools.gnu-tools-for-stm32.11.3.rel1.win32_1.1.1.202309131626/tools/bin/../lib/gcc/arm-none-eabi/11.3.1/../../../../arm-none-eabi/lib/thumb/v6-m/nofp\libc.a(libc_a-mprec.o)
                0x000000000800cda2                __copybits
 .text.__any_on
                0x000000000800cde4       0x46 C:/ST/STM32CubeIDE_1.13.1/STM32CubeIDE/plugins/com.st.stm32cube.ide.mcu.externaltools.gnu-tools-for-stm32.11.3.rel1.win32_1.1.1.202309131626/tools/bin/../lib/gcc/arm-none-eabi/11.3.1/../../../../arm-none-eabi/lib/thumb/v6-m/nofp\libc.a(libc_a-mprec.o)
                0x000000000800cde4                __any_on
 .text.__ascii_wctomb
                0x000000000800ce2a       0x1a C:/ST/STM32CubeIDE_1.13.1/STM32CubeIDE/plugins/com.st.stm32cube.ide.mcu.externaltools.gnu-tools-for-stm32.11.3.rel1.win32_1.1.1.202309131626/tools/bin/../lib/gcc/arm-none-eabi/11.3.1/../../../../arm-none-eabi/lib/thumb/v6-m/nofp\libc.a(libc_a-wctomb_r.o)
                0x000000000800ce2a                __ascii_wctomb
 .text._svfprintf_r
                0x000000000800ce44     0x1484 C:/ST/STM32CubeIDE_1.13.1/STM32CubeIDE/plugins/com.st.stm32cube.ide.mcu.externaltools.gnu-tools-for-stm32.11.3.rel1.win32_1.1.1.202309131626/tools/bin/../lib/gcc/arm-none-eabi/11.3.1/../../../../arm-none-eabi/lib/thumb/v6-m/nofp\libc.a(libc_a-svfprintf.o)
                0x000000000800ce44                _svfprintf_r
 .text.__ssvfscanf_r
                0x000000000800e2c8     0x1438 C:/ST/STM32CubeIDE_1.13.1/STM32CubeIDE/plugins/com.st.stm32cube.ide.mcu.externaltools.gnu-tools-for-stm32.11.3.rel1.win32_1.1.1.202309131626/tools/bin/../lib/gcc/arm-none-eabi/11.3.1/../../../../arm-none-eabi/lib/thumb/v6-m/nofp\libc.a(libc_a-svfscanf.o)
                0x000000000800e2c8                __ssvfscanf_r
 .text._fclose_r
                0x000000000800f700       0xbe C:/ST/STM32CubeIDE_1.13.1/STM32CubeIDE/plugins/com.st.stm32cube.ide.mcu.externaltools.gnu-tools-for-stm32.11.3.rel1.win32_1.1.1.202309131626/tools/bin/../lib/gcc/arm-none-eabi/11.3.1/../../../../arm-none-eabi/lib/thumb/v6-m/nofp\libc.a(libc_a-fclose.o)
                0x000000000800f700                _fclose_r
 *fill*         0x000000000800f7be        0x2 
 .text.__sflush_r
                0x000000000800f7c0      0x12c C:/ST/STM32CubeIDE_1.13.1/STM32CubeIDE/plugins/com.st.stm32cube.ide.mcu.externaltools.gnu-tools-for-stm32.11.3.rel1.win32_1.1.1.202309131626/tools/bin/../lib/gcc/arm-none-eabi/11.3.1/../../../../arm-none-eabi/lib/thumb/v6-m/nofp\libc.a(libc_a-fflush.o)
                0x000000000800f7c0                __sflush_r
 .text._fflush_r
                0x000000000800f8ec       0x4c C:/ST/STM32CubeIDE_1.13.1/STM32CubeIDE/plugins/com.st.stm32cube.ide.mcu.externaltools.gnu-tools-for-stm32.11.3.rel1.win32_1.1.1.202309131626/tools/bin/../lib/gcc/arm-none-eabi/11.3.1/../../../../arm-none-eabi/lib/thumb/v6-m/nofp\libc.a(libc_a-fflush.o)
                0x000000000800f8ec                _fflush_r
 .text.__sccl   0x000000000800f938       0x78 C:/ST/STM32CubeIDE_1.13.1/STM32CubeIDE/plugins/com.st.stm32cube.ide.mcu.externaltools.gnu-tools-for-stm32.11.3.rel1.win32_1.1.1.202309131626/tools/bin/../lib/gcc/arm-none-eabi/11.3.1/../../../../arm-none-eabi/lib/thumb/v6-m/nofp\libc.a(libc_a-sccl.o)
                0x000000000800f938                __sccl
 .text._localeconv_r
                0x000000000800f9b0        0x8 C:/ST/STM32CubeIDE_1.13.1/STM32CubeIDE/plugins/com.st.stm32cube.ide.mcu.externaltools.gnu-tools-for-stm32.11.3.rel1.win32_1.1.1.202309131626/tools/bin/../lib/gcc/arm-none-eabi/11.3.1/../../../../arm-none-eabi/lib/thumb/v6-m/nofp\libc.a(libc_a-localeconv.o)
                0x000000000800f9b0                _localeconv_r
 .text.__libc_fini_array
                0x000000000800f9b8       0x28 C:/ST/STM32CubeIDE_1.13.1/STM32CubeIDE/plugins/com.st.stm32cube.ide.mcu.externaltools.gnu-tools-for-stm32.11.3.rel1.win32_1.1.1.202309131626/tools/bin/../lib/gcc/arm-none-eabi/11.3.1/../../../../arm-none-eabi/lib/thumb/v6-m/nofp\libc.a(libc_a-fini.o)
                0x000000000800f9b8                __libc_fini_array
 .text.memchr   0x000000000800f9e0       0x16 C:/ST/STM32CubeIDE_1.13.1/STM32CubeIDE/plugins/com.st.stm32cube.ide.mcu.externaltools.gnu-tools-for-stm32.11.3.rel1.win32_1.1.1.202309131626/tools/bin/../lib/gcc/arm-none-eabi/11.3.1/../../../../arm-none-eabi/lib/thumb/v6-m/nofp\libc.a(libc_a-memchr-stub.o)
                0x000000000800f9e0                memchr
 *fill*         0x000000000800f9f6        0x2 
 .text.frexp    0x000000000800f9f8       0x64 C:/ST/STM32CubeIDE_1.13.1/STM32CubeIDE/plugins/com.st.stm32cube.ide.mcu.externaltools.gnu-tools-for-stm32.11.3.rel1.win32_1.1.1.202309131626/tools/bin/../lib/gcc/arm-none-eabi/11.3.1/../../../../arm-none-eabi/lib/thumb/v6-m/nofp\libc.a(libm_a-s_frexp.o)
                0x000000000800f9f8                frexp
 .text.__register_exitproc
                0x000000000800fa5c       0x80 C:/ST/STM32CubeIDE_1.13.1/STM32CubeIDE/plugins/com.st.stm32cube.ide.mcu.externaltools.gnu-tools-for-stm32.11.3.rel1.win32_1.1.1.202309131626/tools/bin/../lib/gcc/arm-none-eabi/11.3.1/../../../../arm-none-eabi/lib/thumb/v6-m/nofp\libc.a(libc_a-__atexit.o)
                0x000000000800fa5c                __register_exitproc
 .text.__assert_func
                0x000000000800fadc       0x3c C:/ST/STM32CubeIDE_1.13.1/STM32CubeIDE/plugins/com.st.stm32cube.ide.mcu.externaltools.gnu-tools-for-stm32.11.3.rel1.win32_1.1.1.202309131626/tools/bin/../lib/gcc/arm-none-eabi/11.3.1/../../../../arm-none-eabi/lib/thumb/v6-m/nofp\libc.a(libc_a-assert.o)
                0x000000000800fadc                __assert_func
 .text._calloc_r
                0x000000000800fb18       0x9c C:/ST/STM32CubeIDE_1.13.1/STM32CubeIDE/plugins/com.st.stm32cube.ide.mcu.externaltools.gnu-tools-for-stm32.11.3.rel1.win32_1.1.1.202309131626/tools/bin/../lib/gcc/arm-none-eabi/11.3.1/../../../../arm-none-eabi/lib/thumb/v6-m/nofp\libc.a(libc_a-callocr.o)
                0x000000000800fb18                _calloc_r
 .text.quorem   0x000000000800fbb4      0x11e C:/ST/STM32CubeIDE_1.13.1/STM32CubeIDE/plugins/com.st.stm32cube.ide.mcu.externaltools.gnu-tools-for-stm32.11.3.rel1.win32_1.1.1.202309131626/tools/bin/../lib/gcc/arm-none-eabi/11.3.1/../../../../arm-none-eabi/lib/thumb/v6-m/nofp\libc.a(libc_a-dtoa.o)
 *fill*         0x000000000800fcd2        0x2 
 .text._dtoa_r  0x000000000800fcd4      0xbe8 C:/ST/STM32CubeIDE_1.13.1/STM32CubeIDE/plugins/com.st.stm32cube.ide.mcu.externaltools.gnu-tools-for-stm32.11.3.rel1.win32_1.1.1.202309131626/tools/bin/../lib/gcc/arm-none-eabi/11.3.1/../../../../arm-none-eabi/lib/thumb/v6-m/nofp\libc.a(libc_a-dtoa.o)
                0x000000000800fcd4                _dtoa_r
 .text.realloc  0x00000000080108bc       0x14 C:/ST/STM32CubeIDE_1.13.1/STM32CubeIDE/plugins/com.st.stm32cube.ide.mcu.externaltools.gnu-tools-for-stm32.11.3.rel1.win32_1.1.1.202309131626/tools/bin/../lib/gcc/arm-none-eabi/11.3.1/../../../../arm-none-eabi/lib/thumb/v6-m/nofp\libc.a(libc_a-realloc.o)
                0x00000000080108bc                realloc
 .text._realloc_r
                0x00000000080108d0      0x34c C:/ST/STM32CubeIDE_1.13.1/STM32CubeIDE/plugins/com.st.stm32cube.ide.mcu.externaltools.gnu-tools-for-stm32.11.3.rel1.win32_1.1.1.202309131626/tools/bin/../lib/gcc/arm-none-eabi/11.3.1/../../../../arm-none-eabi/lib/thumb/v6-m/nofp\libc.a(libc_a-reallocr.o)
                0x00000000080108d0                _realloc_r
 .text._strtoul_l.constprop.0
                0x0000000008010c1c      0x104 C:/ST/STM32CubeIDE_1.13.1/STM32CubeIDE/plugins/com.st.stm32cube.ide.mcu.externaltools.gnu-tools-for-stm32.11.3.rel1.win32_1.1.1.202309131626/tools/bin/../lib/gcc/arm-none-eabi/11.3.1/../../../../arm-none-eabi/lib/thumb/v6-m/nofp\libc.a(libc_a-strtoul.o)
 .text._strtoul_r
                0x0000000008010d20        0x8 C:/ST/STM32CubeIDE_1.13.1/STM32CubeIDE/plugins/com.st.stm32cube.ide.mcu.externaltools.gnu-tools-for-stm32.11.3.rel1.win32_1.1.1.202309131626/tools/bin/../lib/gcc/arm-none-eabi/11.3.1/../../../../arm-none-eabi/lib/thumb/v6-m/nofp\libc.a(libc_a-strtoul.o)
                0x0000000008010d20                _strtoul_r
 .text._strtoll_l.constprop.0
                0x0000000008010d28      0x15c C:/ST/STM32CubeIDE_1.13.1/STM32CubeIDE/plugins/com.st.stm32cube.ide.mcu.externaltools.gnu-tools-for-stm32.11.3.rel1.win32_1.1.1.202309131626/tools/bin/../lib/gcc/arm-none-eabi/11.3.1/../../../../arm-none-eabi/lib/thumb/v6-m/nofp\libc.a(libc_a-strtoll.o)
 .text._strtoll_r
                0x0000000008010e84        0x8 C:/ST/STM32CubeIDE_1.13.1/STM32CubeIDE/plugins/com.st.stm32cube.ide.mcu.externaltools.gnu-tools-for-stm32.11.3.rel1.win32_1.1.1.202309131626/tools/bin/../lib/gcc/arm-none-eabi/11.3.1/../../../../arm-none-eabi/lib/thumb/v6-m/nofp\libc.a(libc_a-strtoll.o)
                0x0000000008010e84                _strtoll_r
 .text._strtoull_l.constprop.0
                0x0000000008010e8c      0x15c C:/ST/STM32CubeIDE_1.13.1/STM32CubeIDE/plugins/com.st.stm32cube.ide.mcu.externaltools.gnu-tools-for-stm32.11.3.rel1.win32_1.1.1.202309131626/tools/bin/../lib/gcc/arm-none-eabi/11.3.1/../../../../arm-none-eabi/lib/thumb/v6-m/nofp\libc.a(libc_a-strtoull.o)
 .text._strtoull_r
                0x0000000008010fe8        0x8 C:/ST/STM32CubeIDE_1.13.1/STM32CubeIDE/plugins/com.st.stm32cube.ide.mcu.externaltools.gnu-tools-for-stm32.11.3.rel1.win32_1.1.1.202309131626/tools/bin/../lib/gcc/arm-none-eabi/11.3.1/../../../../arm-none-eabi/lib/thumb/v6-m/nofp\libc.a(libc_a-strtoull.o)
                0x0000000008010fe8                _strtoull_r
 .text._mbrtowc_r
                0x0000000008010ff0       0x3c C:/ST/STM32CubeIDE_1.13.1/STM32CubeIDE/plugins/com.st.stm32cube.ide.mcu.externaltools.gnu-tools-for-stm32.11.3.rel1.win32_1.1.1.202309131626/tools/bin/../lib/gcc/arm-none-eabi/11.3.1/../../../../arm-none-eabi/lib/thumb/v6-m/nofp\libc.a(libc_a-mbrtowc.o)
                0x0000000008010ff0                _mbrtowc_r
 .text.iswspace
                0x000000000801102c        0xa C:/ST/STM32CubeIDE_1.13.1/STM32CubeIDE/plugins/com.st.stm32cube.ide.mcu.externaltools.gnu-tools-for-stm32.11.3.rel1.win32_1.1.1.202309131626/tools/bin/../lib/gcc/arm-none-eabi/11.3.1/../../../../arm-none-eabi/lib/thumb/v6-m/nofp\libc.a(libc_a-iswspace.o)
                0x000000000801102c                iswspace
 *fill*         0x0000000008011036        0x2 
 .text.iswspace_l
                0x0000000008011038       0x18 C:/ST/STM32CubeIDE_1.13.1/STM32CubeIDE/plugins/com.st.stm32cube.ide.mcu.externaltools.gnu-tools-for-stm32.11.3.rel1.win32_1.1.1.202309131626/tools/bin/../lib/gcc/arm-none-eabi/11.3.1/../../../../arm-none-eabi/lib/thumb/v6-m/nofp\libc.a(libc_a-iswspace_l.o)
                0x0000000008011038                iswspace_l
 .text.fiprintf
                0x0000000008011050       0x20 C:/ST/STM32CubeIDE_1.13.1/STM32CubeIDE/plugins/com.st.stm32cube.ide.mcu.externaltools.gnu-tools-for-stm32.11.3.rel1.win32_1.1.1.202309131626/tools/bin/../lib/gcc/arm-none-eabi/11.3.1/../../../../arm-none-eabi/lib/thumb/v6-m/nofp\libc.a(libc_a-fiprintf.o)
                0x0000000008011050                fiprintf
 .text.__ssprint_r
                0x0000000008011070      0x108 C:/ST/STM32CubeIDE_1.13.1/STM32CubeIDE/plugins/com.st.stm32cube.ide.mcu.externaltools.gnu-tools-for-stm32.11.3.rel1.win32_1.1.1.202309131626/tools/bin/../lib/gcc/arm-none-eabi/11.3.1/../../../../arm-none-eabi/lib/thumb/v6-m/nofp\libc.a(libc_a-svfiprintf.o)
                0x0000000008011070                __ssprint_r
 .text._sungetc_r
                0x0000000008011178       0x78 C:/ST/STM32CubeIDE_1.13.1/STM32CubeIDE/plugins/com.st.stm32cube.ide.mcu.externaltools.gnu-tools-for-stm32.11.3.rel1.win32_1.1.1.202309131626/tools/bin/../lib/gcc/arm-none-eabi/11.3.1/../../../../arm-none-eabi/lib/thumb/v6-m/nofp\libc.a(libc_a-svfiscanf.o)
                0x0000000008011178                _sungetc_r
 .text.__ssrefill_r
                0x00000000080111f0       0x3e C:/ST/STM32CubeIDE_1.13.1/STM32CubeIDE/plugins/com.st.stm32cube.ide.mcu.externaltools.gnu-tools-for-stm32.11.3.rel1.win32_1.1.1.202309131626/tools/bin/../lib/gcc/arm-none-eabi/11.3.1/../../../../arm-none-eabi/lib/thumb/v6-m/nofp\libc.a(libc_a-svfiscanf.o)
                0x00000000080111f0                __ssrefill_r
 .text._sfread_r
                0x000000000801122e       0x74 C:/ST/STM32CubeIDE_1.13.1/STM32CubeIDE/plugins/com.st.stm32cube.ide.mcu.externaltools.gnu-tools-for-stm32.11.3.rel1.win32_1.1.1.202309131626/tools/bin/../lib/gcc/arm-none-eabi/11.3.1/../../../../arm-none-eabi/lib/thumb/v6-m/nofp\libc.a(libc_a-svfiscanf.o)
                0x000000000801122e                _sfread_r
 .text.__sprint_r
                0x00000000080112a2       0x68 C:/ST/STM32CubeIDE_1.13.1/STM32CubeIDE/plugins/com.st.stm32cube.ide.mcu.externaltools.gnu-tools-for-stm32.11.3.rel1.win32_1.1.1.202309131626/tools/bin/../lib/gcc/arm-none-eabi/11.3.1/../../../../arm-none-eabi/lib/thumb/v6-m/nofp\libc.a(libc_a-vfiprintf.o)
                0x00000000080112a2                __sprint_r
 *fill*         0x000000000801130a        0x2 
 .text._vfiprintf_r
                0x000000000801130c      0x99c C:/ST/STM32CubeIDE_1.13.1/STM32CubeIDE/plugins/com.st.stm32cube.ide.mcu.externaltools.gnu-tools-for-stm32.11.3.rel1.win32_1.1.1.202309131626/tools/bin/../lib/gcc/arm-none-eabi/11.3.1/../../../../arm-none-eabi/lib/thumb/v6-m/nofp\libc.a(libc_a-vfiprintf.o)
                0x000000000801130c                _vfiprintf_r
 .text.__sbprintf
                0x0000000008011ca8       0x88 C:/ST/STM32CubeIDE_1.13.1/STM32CubeIDE/plugins/com.st.stm32cube.ide.mcu.externaltools.gnu-tools-for-stm32.11.3.rel1.win32_1.1.1.202309131626/tools/bin/../lib/gcc/arm-none-eabi/11.3.1/../../../../arm-none-eabi/lib/thumb/v6-m/nofp\libc.a(libc_a-vfiprintf.o)
 .text.__sfvwrite_r
                0x0000000008011d30      0x2bc C:/ST/STM32CubeIDE_1.13.1/STM32CubeIDE/plugins/com.st.stm32cube.ide.mcu.externaltools.gnu-tools-for-stm32.11.3.rel1.win32_1.1.1.202309131626/tools/bin/../lib/gcc/arm-none-eabi/11.3.1/../../../../arm-none-eabi/lib/thumb/v6-m/nofp\libc.a(libc_a-fvwrite.o)
                0x0000000008011d30                __sfvwrite_r
 .text.__submore
                0x0000000008011fec       0x7c C:/ST/STM32CubeIDE_1.13.1/STM32CubeIDE/plugins/com.st.stm32cube.ide.mcu.externaltools.gnu-tools-for-stm32.11.3.rel1.win32_1.1.1.202309131626/tools/bin/../lib/gcc/arm-none-eabi/11.3.1/../../../../arm-none-eabi/lib/thumb/v6-m/nofp\libc.a(libc_a-ungetc.o)
                0x0000000008011fec                __submore
 .text.__swsetup_r
                0x0000000008012068       0xc8 C:/ST/STM32CubeIDE_1.13.1/STM32CubeIDE/plugins/com.st.stm32cube.ide.mcu.externaltools.gnu-tools-for-stm32.11.3.rel1.win32_1.1.1.202309131626/tools/bin/../lib/gcc/arm-none-eabi/11.3.1/../../../../arm-none-eabi/lib/thumb/v6-m/nofp\libc.a(libc_a-wsetup.o)
                0x0000000008012068                __swsetup_r
 .text.__fputwc
                0x0000000008012130       0x7c C:/ST/STM32CubeIDE_1.13.1/STM32CubeIDE/plugins/com.st.stm32cube.ide.mcu.externaltools.gnu-tools-for-stm32.11.3.rel1.win32_1.1.1.202309131626/tools/bin/../lib/gcc/arm-none-eabi/11.3.1/../../../../arm-none-eabi/lib/thumb/v6-m/nofp\libc.a(libc_a-fputwc.o)
                0x0000000008012130                __fputwc
 .text._fputwc_r
                0x00000000080121ac       0x52 C:/ST/STM32CubeIDE_1.13.1/STM32CubeIDE/plugins/com.st.stm32cube.ide.mcu.externaltools.gnu-tools-for-stm32.11.3.rel1.win32_1.1.1.202309131626/tools/bin/../lib/gcc/arm-none-eabi/11.3.1/../../../../arm-none-eabi/lib/thumb/v6-m/nofp\libc.a(libc_a-fputwc.o)
                0x00000000080121ac                _fputwc_r
 .text.memmove  0x00000000080121fe       0x26 C:/ST/STM32CubeIDE_1.13.1/STM32CubeIDE/plugins/com.st.stm32cube.ide.mcu.externaltools.gnu-tools-for-stm32.11.3.rel1.win32_1.1.1.202309131626/tools/bin/../lib/gcc/arm-none-eabi/11.3.1/../../../../arm-none-eabi/lib/thumb/v6-m/nofp\libc.a(libc_a-memmove.o)
                0x00000000080121fe                memmove
 .text.abort    0x0000000008012224        0xe C:/ST/STM32CubeIDE_1.13.1/STM32CubeIDE/plugins/com.st.stm32cube.ide.mcu.externaltools.gnu-tools-for-stm32.11.3.rel1.win32_1.1.1.202309131626/tools/bin/../lib/gcc/arm-none-eabi/11.3.1/../../../../arm-none-eabi/lib/thumb/v6-m/nofp\libc.a(libc_a-abort.o)
                0x0000000008012224                abort
 *fill*         0x0000000008012232        0x2 
 .text._wcrtomb_r
                0x0000000008012234       0x30 C:/ST/STM32CubeIDE_1.13.1/STM32CubeIDE/plugins/com.st.stm32cube.ide.mcu.externaltools.gnu-tools-for-stm32.11.3.rel1.win32_1.1.1.202309131626/tools/bin/../lib/gcc/arm-none-eabi/11.3.1/../../../../arm-none-eabi/lib/thumb/v6-m/nofp\libc.a(libc_a-wcrtomb.o)
                0x0000000008012234                _wcrtomb_r
 .text.__swhatbuf_r
                0x0000000008012264       0x5c C:/ST/STM32CubeIDE_1.13.1/STM32CubeIDE/plugins/com.st.stm32cube.ide.mcu.externaltools.gnu-tools-for-stm32.11.3.rel1.win32_1.1.1.202309131626/tools/bin/../lib/gcc/arm-none-eabi/11.3.1/../../../../arm-none-eabi/lib/thumb/v6-m/nofp\libc.a(libc_a-makebuf.o)
                0x0000000008012264                __swhatbuf_r
 .text.__smakebuf_r
                0x00000000080122c0       0x7c C:/ST/STM32CubeIDE_1.13.1/STM32CubeIDE/plugins/com.st.stm32cube.ide.mcu.externaltools.gnu-tools-for-stm32.11.3.rel1.win32_1.1.1.202309131626/tools/bin/../lib/gcc/arm-none-eabi/11.3.1/../../../../arm-none-eabi/lib/thumb/v6-m/nofp\libc.a(libc_a-makebuf.o)
                0x00000000080122c0                __smakebuf_r
 .text.__swbuf_r
                0x000000000801233c       0xa4 C:/ST/STM32CubeIDE_1.13.1/STM32CubeIDE/plugins/com.st.stm32cube.ide.mcu.externaltools.gnu-tools-for-stm32.11.3.rel1.win32_1.1.1.202309131626/tools/bin/../lib/gcc/arm-none-eabi/11.3.1/../../../../arm-none-eabi/lib/thumb/v6-m/nofp\libc.a(libc_a-wbuf.o)
                0x000000000801233c                __swbuf_r
 .text._raise_r
                0x00000000080123e0       0x58 C:/ST/STM32CubeIDE_1.13.1/STM32CubeIDE/plugins/com.st.stm32cube.ide.mcu.externaltools.gnu-tools-for-stm32.11.3.rel1.win32_1.1.1.202309131626/tools/bin/../lib/gcc/arm-none-eabi/11.3.1/../../../../arm-none-eabi/lib/thumb/v6-m/nofp\libc.a(libc_a-signal.o)
                0x00000000080123e0                _raise_r
 .text.raise    0x0000000008012438       0x14 C:/ST/STM32CubeIDE_1.13.1/STM32CubeIDE/plugins/com.st.stm32cube.ide.mcu.externaltools.gnu-tools-for-stm32.11.3.rel1.win32_1.1.1.202309131626/tools/bin/../lib/gcc/arm-none-eabi/11.3.1/../../../../arm-none-eabi/lib/thumb/v6-m/nofp\libc.a(libc_a-signal.o)
                0x0000000008012438                raise
 .text._fstat_r