Archive member included to satisfy reference by file (symbol)

C:/ST/STM32CubeIDE_1.13.1/STM32CubeIDE/plugins/com.st.stm32cube.ide.mcu.externaltools.gnu-tools-for-stm32.11.3.rel1.win32_1.1.1.202309131626/tools/bin/../lib/gcc/arm-none-eabi/11.3.1/../../../../arm-none-eabi/lib/thumb/v6-m/nofp\libc.a(libc_a-exit.o)
                              C:/ST/STM32CubeIDE_1.13.1/STM32CubeIDE/plugins/com.st.stm32cube.ide.mcu.externaltools.gnu-tools-for-stm32.11.3.rel1.win32_1.1.1.202309131626/tools/bin/../lib/gcc/arm-none-eabi/11.3.1/../../../../arm-none-eabi/lib/thumb/v6-m/nofp/crt0.o (exit)
C:/ST/STM32CubeIDE_1.13.1/STM32CubeIDE/plugins/com.st.stm32cube.ide.mcu.externaltools.gnu-tools-for-stm32.11.3.rel1.win32_1.1.1.202309131626/tools/bin/../lib/gcc/arm-none-eabi/11.3.1/../../../../arm-none-eabi/lib/thumb/v6-m/nofp\libc.a(libc_a-malloc.o)
                              ./my_lib/Src/my_nmea.o (malloc)
C:/ST/STM32CubeIDE_1.13.1/STM32CubeIDE/plugins/com.st.stm32cube.ide.mcu.externaltools.gnu-tools-for-stm32.11.3.rel1.win32_1.1.1.202309131626/tools/bin/../lib/gcc/arm-none-eabi/11.3.1/../../../../arm-none-eabi/lib/thumb/v6-m/nofp\libc.a(libc_a-mallocr.o)
                              C:/ST/STM32CubeIDE_1.13.1/STM32CubeIDE/plugins/com.st.stm32cube.ide.mcu.externaltools.gnu-tools-for-stm32.11.3.rel1.win32_1.1.1.202309131626/tools/bin/../lib/gcc/arm-none-eabi/11.3.1/../../../../arm-none-eabi/lib/thumb/v6-m/nofp\libc.a(libc_a-malloc.o) (_malloc_r)
C:/ST/STM32CubeIDE_1.13.1/STM32CubeIDE/plugins/com.st.stm32cube.ide.mcu.externaltools.gnu-tools-for-stm32.11.3.rel1.win32_1.1.1.202309131626/tools/bin/../lib/gcc/arm-none-eabi/11.3.1/../../../../arm-none-eabi/lib/thumb/v6-m/nofp\libc.a(libc_a-mlock.o)
                              C:/ST/STM32CubeIDE_1.13.1/STM32CubeIDE/plugins/com.st.stm32cube.ide.mcu.externaltools.gnu-tools-for-stm32.11.3.rel1.win32_1.1.1.202309131626/tools/bin/../lib/gcc/arm-none-eabi/11.3.1/../../../../arm-none-eabi/lib/thumb/v6-m/nofp\libc.a(libc_a-mallocr.o) (__malloc_lock)
C:/ST/STM32CubeIDE_1.13.1/STM32CubeIDE/plugins/com.st.stm32cube.ide.mcu.externaltools.gnu-tools-for-stm32.11.3.rel1.win32_1.1.1.202309131626/tools/bin/../lib/gcc/arm-none-eabi/11.3.1/../../../../arm-none-eabi/lib/thumb/v6-m/nofp\libc.a(libc_a-strtod.o)
                              ./my_lib/Src/my_conversions.o (strtod)
C:/ST/STM32CubeIDE_1.13.1/STM32CubeIDE/plugins/com.st.stm32cube.ide.mcu.externaltools.gnu-tools-for-stm32.11.3.rel1.win32_1.1.1.202309131626/tools/bin/../lib/gcc/arm-none-eabi/11.3.1/../../../../arm-none-eabi/lib/thumb/v6-m/nofp\libc.a(libc_a-strtol.o)
                              ./my_lib/Src/my_nmea.o (strtol)
C:/ST/STM32CubeIDE_1.13.1/STM32CubeIDE/plugins/com.st.stm32cube.ide.mcu.externaltools.gnu-tools-for-stm32.11.3.rel1.win32_1.1.1.202309131626/tools/bin/../lib/gcc/arm-none-eabi/11.3.1/../../../../arm-none-eabi/lib/thumb/v6-m/nofp\libc.a(libc_a-ctype_.o)
                              ./my_drivers/Src/astronode_application.o (_ctype_)
C:/ST/STM32CubeIDE_1.13.1/STM32CubeIDE/plugins/com.st.stm32cube.ide.mcu.externaltools.gnu-tools-for-stm32.11.3.rel1.win32_1.1.1.202309131626/tools/bin/../lib/gcc/arm-none-eabi/11.3.1/../../../../arm-none-eabi/lib/thumb/v6-m/nofp\libc.a(libc_a-findfp.o)
                              C:/ST/STM32CubeIDE_1.13.1/STM32CubeIDE/plugins/com.st.stm32cube.ide.mcu.externaltools.gnu-tools-for-stm32.11.3.rel1.win32_1.1.1.202309131626/tools/bin/../lib/gcc/arm-none-eabi/11.3.1/../../../../arm-none-eabi/lib/thumb/v6-m/nofp\libc.a(libc_a-exit.o) (__stdio_exit_handler)
C:/ST/STM32CubeIDE_1.13.1/STM32CubeIDE/plugins/com.st.stm32cube.ide.mcu.externaltools.gnu-tools-for-stm32.11.3.rel1.win32_1.1.1.202309131626/tools/bin/../lib/gcc/arm-none-eabi/11.3.1/../../../../arm-none-eabi/lib/thumb/v6-m/nofp\libc.a(libc_a-fwalk.o)
                              C:/ST/STM32CubeIDE_1.13.1/STM32CubeIDE/plugins/com.st.stm32cube.ide.mcu.externaltools.gnu-tools-for-stm32.11.3.rel1.win32_1.1.1.202309131626/tools/bin/../lib/gcc/arm-none-eabi/11.3.1/../../../../arm-none-eabi/lib/thumb/v6-m/nofp\libc.a(libc_a-findfp.o) (_fwalk_sglue)
C:/ST/STM32CubeIDE_1.13.1/STM32CubeIDE/plugins/com.st.stm32cube.ide.mcu.externaltools.gnu-tools-for-stm32.11.3.rel1.win32_1.1.1.202309131626/tools/bin/../lib/gcc/arm-none-eabi/11.3.1/../../../../arm-none-eabi/lib/thumb/v6-m/nofp\libc.a(libc_a-snprintf.o)
                              ./Core/Src/main.o (snprintf)
C:/ST/STM32CubeIDE_1.13.1/STM32CubeIDE/plugins/com.st.stm32cube.ide.mcu.externaltools.gnu-tools-for-stm32.11.3.rel1.win32_1.1.1.202309131626/tools/bin/../lib/gcc/arm-none-eabi/11.3.1/../../../../arm-none-eabi/lib/thumb/v6-m/nofp\libc.a(libc_a-sprintf.o)
                              ./Core/Src/main.o (sprintf)
C:/ST/STM32CubeIDE_1.13.1/STM32CubeIDE/plugins/com.st.stm32cube.ide.mcu.externaltools.gnu-tools-for-stm32.11.3.rel1.win32_1.1.1.202309131626/tools/bin/../lib/gcc/arm-none-eabi/11.3.1/../../../../arm-none-eabi/lib/thumb/v6-m/nofp\libc.a(libc_a-sscanf.o)
[...]
Memory Configuration

Name             Origin             Length             Attributes
RAM              0x0000000020000000 0x0000000000009000 xrw
FLASH            0x0000000008000000 0x0000000000020000 xr
*default*        0x0000000000000000 0xffffffffffffffff

Linker script and memory map

LOAD C:/ST/STM32CubeIDE_1.13.1/STM32CubeIDE/plugins/com.st.stm32cube.ide.mcu.externaltools.gnu-tools-for-stm32.11.3.rel1.win32_1.1.1.202309131626/tools/bin/../lib/gcc/arm-none-eabi/11.3.1/thumb/v6-m/nofp/crti.o
LOAD C:/ST/STM32CubeIDE_1.13.1/STM32CubeIDE/plugins/com.st.stm32cube.ide.mcu.externaltools.gnu-tools-for-stm32.11.3.rel1.win32_1.1.1.202309131626/tools/bin/../lib/gcc/arm-none-eabi/11.3.1/thumb/v6-m/nofp/crtbegin.o
LOAD C:/ST/STM32CubeIDE_1.13.1/STM32CubeIDE/plugins/com.st.stm32cube.ide.mcu.externaltools.gnu-tools-for-stm32.11.3.rel1.win32_1.1.1.202309131626/tools/bin/../lib/gcc/arm-none-eabi/11.3.1/../../../../arm-none-eabi/lib/thumb/v6-m/nofp/crt0.o
LOAD ./Core/Src/main.o
LOAD ./Core/Src/stm32g0xx_hal_msp.o
LOAD ./Core/Src/stm32g0xx_it.o
LOAD ./Core/Src/syscalls.o
LOAD ./Core/Src/sysmem.o
LOAD ./Core/Src/system_stm32g0xx.o
LOAD ./Core/Startup/startup_stm32g071rbtx.o
LOAD ./Drivers/STM32G0xx_HAL_Driver/Src/stm32g0xx_hal.o
LOAD ./Drivers/STM32G0xx_HAL_Driver/Src/stm32g0xx_hal_cortex.o
LOAD ./Drivers/STM32G0xx_HAL_Driver/Src/stm32g0xx_hal_dma.o
LOAD ./Drivers/STM32G0xx_HAL_Driver/Src/stm32g0xx_hal_dma_ex.o
LOAD ./Drivers/STM32G0xx_HAL_Driver/Src/stm32g0xx_hal_exti.o
LOAD ./Drivers/STM32G0xx_HAL_Driver/Src/stm32g0xx_hal_flash.o
LOAD ./Drivers/STM32G0xx_HAL_Driver/Src/stm32g0xx_hal_flash_ex.o
LOAD ./Drivers/STM32G0xx_HAL_Driver/Src/stm32g0xx_hal_gpio.o
LOAD ./Drivers/STM32G0xx_HAL_Driver/Src/stm32g0xx_hal_pwr.o
LOAD ./Drivers/STM32G0xx_HAL_Driver/Src/stm32g0xx_hal_pwr_ex.o
LOAD ./Drivers/STM32G0xx_HAL_Driver/Src/stm32g0xx_hal_rcc.o
LOAD ./Drivers/STM32G0xx_HAL_Driver/Src/stm32g0xx_hal_rcc_ex.o
LOAD ./Drivers/STM32G0xx_HAL_Driver/Src/stm32g0xx_hal_rtc.o
LOAD ./Drivers/STM32G0xx_HAL_Driver/Src/stm32g0xx_hal_rtc_ex.o
LOAD ./Drivers/STM32G0xx_HAL_Driver/Src/stm32g0xx_hal_spi.o
LOAD ./Drivers/STM32G0xx_HAL_Driver/Src/stm32g0xx_hal_spi_ex.o
LOAD ./Drivers/STM32G0xx_HAL_Driver/Src/stm32g0xx_hal_tim.o
LOAD ./Drivers/STM32G0xx_HAL_Driver/Src/stm32g0xx_hal_tim_ex.o
LOAD ./Drivers/STM32G0xx_HAL_Driver/Src/stm32g0xx_hal_uart.o
LOAD ./Drivers/STM32G0xx_HAL_Driver/Src/stm32g0xx_hal_uart_ex.o
LOAD ./Drivers/STM32G0xx_HAL_Driver/Src/stm32g0xx_ll_dma.o
LOAD ./Drivers/STM32G0xx_HAL_Driver/Src/stm32g0xx_ll_rcc.o
LOAD ./my_drivers/Src/astronode_application.o
LOAD ./my_drivers/Src/astronode_transport.o
LOAD ./my_drivers/Src/lis2dw12_reg.o
LOAD ./my_drivers/Src/my_astronode.o
LOAD ./my_drivers/Src/my_lis2dw12.o
LOAD ./my_drivers/Src/my_lx6_gnss.o
LOAD ./my_drivers/Src/my_rtc.o
LOAD ./my_lib/Src/my_conversions.o
LOAD ./my_lib/Src/my_nmea.o
START GROUP
LOAD C:/ST/STM32CubeIDE_1.13.1/STM32CubeIDE/plugins/com.st.stm32cube.ide.mcu.externaltools.gnu-tools-for-stm32.11.3.rel1.win32_1.1.1.202309131626/tools/bin/../lib/gcc/arm-none-eabi/11.3.1/../../../../arm-none-eabi/lib/thumb/v6-m/nofp\libc.a
LOAD C:/ST/STM32CubeIDE_1.13.1/STM32CubeIDE/plugins/com.st.stm32cube.ide.mcu.externaltools.gnu-tools-for-stm32.11.3.rel1.win32_1.1.1.202309131626/tools/bin/../lib/gcc/arm-none-eabi/11.3.1/../../../../arm-none-eabi/lib/thumb/v6-m/nofp\libm.a
END GROUP
START GROUP
LOAD C:/ST/STM32CubeIDE_1.13.1/STM32CubeIDE/plugins/com.st.stm32cube.ide.mcu.externaltools.gnu-tools-for-stm32.11.3.rel1.win32_1.1.1.202309131626/tools/bin/../lib/gcc/arm-none-eabi/11.3.1/thumb/v6-m/nofp\libgcc.a
LOAD C:/ST/STM32CubeIDE_1.13.1/STM32CubeIDE/plugins/com.st.stm32cube.ide.mcu.externaltools.gnu-tools-for-stm32.11.3.rel1.win32_1.1.1.202309131626/tools/bin/../lib/gcc/arm-none-eabi/11.3.1/../../../../arm-none-eabi/lib/thumb/v6-m/nofp\libc.a
END GROUP
START GROUP
LOAD C:/ST/STM32CubeIDE_1.13.1/STM32CubeIDE/plugins/com.st.stm32cube.ide.mcu.externaltools.gnu-tools-for-stm32.11.3.rel1.win32_1.1.1.202309131626/tools/bin/../lib/gcc/arm-none-eabi/11.3.1/thumb/v6-m/nofp\libgcc.a
LOAD C:/ST/STM32CubeIDE_1.13.1/STM32CubeIDE/plugins/com.st.stm32cube.ide.mcu.externaltools.gnu-tools-for-stm32.11.3.rel1.win32_1.1.1.202309131626/tools/bin/../lib/gcc/arm-none-eabi/11.3.1/../../../../arm-none-eabi/lib/thumb/v6-m/nofp\libc.a
LOAD C:/ST/STM32CubeIDE_1.13.1/STM32CubeIDE/plugins/com.st.stm32cube.ide.mcu.externaltools.gnu-tools-for-stm32.11.3.rel1.win32_1.1.1.202309131626/tools/bin/../lib/gcc/arm-none-eabi/11.3.1/../../../../arm-none-eabi/lib/thumb/v6-m/nofp\libnosys.a
END GROUP
LOAD C:/ST/STM32CubeIDE_1.13.1/STM32CubeIDE/plugins/com.st.stm32cube.ide.mcu.externaltools.gnu-tools-for-stm32.11.3.rel1.win32_1.1.1.202309131626/tools/bin/../lib/gcc/arm-none-eabi/11.3.1/thumb/v6-m/nofp/crtend.o
LOAD C:/ST/STM32CubeIDE_1.13.1/STM32CubeIDE/plugins/com.st.stm32cube.ide.mcu.externaltools.gnu-tools-for-stm32.11.3.rel1.win32_1.1.1.202309131626/tools/bin/../lib/gcc/arm-none-eabi/11.3.1/thumb/v6-m/nofp/crtn.o
                0x0000000020009000                _estack = (ORIGIN (RAM) + LENGTH (RAM))
                0x0000000000000200                _Min_Heap_Size = 0x200
                0x0000000000000400                _Min_Stack_Size = 0x400

.isr_vector     0x0000000008000000       0xbc
                0x0000000008000000                . = ALIGN (0x4)
 *(.isr_vector)
 .isr_vector    0x0000000008000000       0xbc ./Core/Startup/startup_stm32g071rbtx.o
                0x0000000008000000                g_pfnVectors
                0x00000000080000bc                . = ALIGN (0x4)

.text           0x00000000080000bc    0x132bc
                0x00000000080000bc                . = ALIGN (0x4)
 *(.text)
 .text          0x00000000080000bc       0x48 C:/ST/STM32CubeIDE_1.13.1/STM32CubeIDE/plugins/com.st.stm32cube.ide.mcu.externaltools.gnu-tools-for-stm32.11.3.rel1.win32_1.1.1.202309131626/tools/bin/../lib/gcc/arm-none-eabi/11.3.1/thumb/v6-m/nofp/crtbegin.o
 .text          0x0000000008000104        0xe C:/ST/STM32CubeIDE_1.13.1/STM32CubeIDE/plugins/com.st.stm32cube.ide.mcu.externaltools.gnu-tools-for-stm32.11.3.rel1.win32_1.1.1.202309131626/tools/bin/../lib/gcc/arm-none-eabi/11.3.1/../../../../arm-none-eabi/lib/thumb/v6-m/nofp\libc.a(libc_a-strlen.o)
                0x0000000008000104                strlen
 *fill*         0x0000000008000112        0x2 
 .text          0x0000000008000114       0x14 C:/ST/STM32CubeIDE_1.13.1/STM32CubeIDE/plugins/com.st.stm32cube.ide.mcu.externaltools.gnu-tools-for-stm32.11.3.rel1.win32_1.1.1.202309131626/tools/bin/../lib/gcc/arm-none-eabi/11.3.1/thumb/v6-m/nofp\libgcc.a(_thumb1_case_uqi.o)
                0x0000000008000114                __gnu_thumb1_case_uqi
 .text          0x0000000008000128       0x14 C:/ST/STM32CubeIDE_1.13.1/STM32CubeIDE/plugins/com.st.stm32cube.ide.mcu.externaltools.gnu-tools-for-stm32.11.3.rel1.win32_1.1.1.202309131626/tools/bin/../lib/gcc/arm-none-eabi/11.3.1/thumb/v6-m/nofp\libgcc.a(_thumb1_case_uhi.o)
                0x0000000008000128                __gnu_thumb1_case_uhi
 .text          0x000000000800013c      0x114 C:/ST/STM32CubeIDE_1.13.1/STM32CubeIDE/plugins/com.st.stm32cube.ide.mcu.externaltools.gnu-tools-for-stm32.11.3.rel1.win32_1.1.1.202309131626/tools/bin/../lib/gcc/arm-none-eabi/11.3.1/thumb/v6-m/nofp\libgcc.a(_udivsi3.o)
                0x000000000800013c                __aeabi_uidiv
                0x000000000800013c                __udivsi3
                0x0000000008000248                __aeabi_uidivmod
 .text          0x0000000008000250      0x1d4 C:/ST/STM32CubeIDE_1.13.1/STM32CubeIDE/plugins/com.st.stm32cube.ide.mcu.externaltools.gnu-tools-for-stm32.11.3.rel1.win32_1.1.1.202309131626/tools/bin/../lib/gcc/arm-none-eabi/11.3.1/thumb/v6-m/nofp\libgcc.a(_divsi3.o)
                0x0000000008000250                __divsi3
                0x0000000008000250                __aeabi_idiv
                0x000000000800041c                __aeabi_idivmod
 .text          0x0000000008000424        0x4 C:/ST/STM32CubeIDE_1.13.1/STM32CubeIDE/plugins/com.st.stm32cube.ide.mcu.externaltools.gnu-tools-for-stm32.11.3.rel1.win32_1.1.1.202309131626/tools/bin/../lib/gcc/arm-none-eabi/11.3.1/thumb/v6-m/nofp\libgcc.a(_dvmd_tls.o)
                0x0000000008000424                __aeabi_idiv0
                0x0000000008000424                __aeabi_ldiv0
 .text          0x0000000008000428       0x7c C:/ST/STM32CubeIDE_1.13.1/STM32CubeIDE/plugins/com.st.stm32cube.ide.mcu.externaltools.gnu-tools-for-stm32.11.3.rel1.win32_1.1.1.202309131626/tools/bin/../lib/gcc/arm-none-eabi/11.3.1/thumb/v6-m/nofp\libgcc.a(_arm_cmpdf2.o)
                0x0000000008000428                __aeabi_cdrcmple
                0x0000000008000438                __aeabi_cdcmple
                0x0000000008000438                __aeabi_cdcmpeq
                0x0000000008000448                __aeabi_dcmpeq
                0x0000000008000454                __aeabi_dcmplt
                0x0000000008000468                __aeabi_dcmple
                0x000000000800047c                __aeabi_dcmpgt
                0x0000000008000490                __aeabi_dcmpge
 .text          0x00000000080004a4       0x40 C:/ST/STM32CubeIDE_1.13.1/STM32CubeIDE/plugins/com.st.stm32cube.ide.mcu.externaltools.gnu-tools-for-stm32.11.3.rel1.win32_1.1.1.202309131626/tools/bin/../lib/gcc/arm-none-eabi/11.3.1/thumb/v6-m/nofp\libgcc.a(_aeabi_uldivmod.o)
                0x00000000080004a4                __aeabi_uldivmod
 .text          0x00000000080004e4       0x5c C:/ST/STM32CubeIDE_1.13.1/STM32CubeIDE/plugins/com.st.stm32cube.ide.mcu.externaltools.gnu-tools-for-stm32.11.3.rel1.win32_1.1.1.202309131626/tools/bin/../lib/gcc/arm-none-eabi/11.3.1/thumb/v6-m/nofp\libgcc.a(_muldi3.o)
                0x00000000080004e4                __muldi3
                0x00000000080004e4                __aeabi_lmul
 .text          0x0000000008000540       0x3c C:/ST/STM32CubeIDE_1.13.1/STM32CubeIDE/plugins/com.st.stm32cube.ide.mcu.externaltools.gnu-tools-for-stm32.11.3.rel1.win32_1.1.1.202309131626/tools/bin/../lib/gcc/arm-none-eabi/11.3.1/thumb/v6-m/nofp\libgcc.a(_fixunsdfsi.o)
                0x0000000008000540                __aeabi_d2uiz
                0x0000000008000540                __fixunsdfsi
 .text          0x000000000800057c       0x3c C:/ST/STM32CubeIDE_1.13.1/STM32CubeIDE/plugins/com.st.stm32cube.ide.mcu.externaltools.gnu-tools-for-stm32.11.3.rel1.win32_1.1.1.202309131626/tools/bin/../lib/gcc/arm-none-eabi/11.3.1/thumb/v6-m/nofp\libgcc.a(_fixdfdi.o)
                0x000000000800057c                __fixdfdi
                0x000000000800057c                __aeabi_d2lz
 .text          0x00000000080005b8       0x3c C:/ST/STM32CubeIDE_1.13.1/STM32CubeIDE/plugins/com.st.stm32cube.ide.mcu.externaltools.gnu-tools-for-stm32.11.3.rel1.win32_1.1.1.202309131626/tools/bin/../lib/gcc/arm-none-eabi/11.3.1/thumb/v6-m/nofp\libgcc.a(_fixunsdfdi.o)
                0x00000000080005b8                __fixunsdfdi
                0x00000000080005b8                __aeabi_d2ulz
 .text          0x00000000080005f4       0x2c C:/ST/STM32CubeIDE_1.13.1/STM32CubeIDE/plugins/com.st.stm32cube.ide.mcu.externaltools.gnu-tools-for-stm32.11.3.rel1.win32_1.1.1.202309131626/tools/bin/../lib/gcc/arm-none-eabi/11.3.1/thumb/v6-m/nofp\libgcc.a(_floatdidf.o)
                0x00000000080005f4                __aeabi_l2d
                0x00000000080005f4                __floatdidf
 .text          0x0000000008000620      0x198 C:/ST/STM32CubeIDE_1.13.1/STM32CubeIDE/plugins/com.st.stm32cube.ide.mcu.externaltools.gnu-tools-for-stm32.11.3.rel1.win32_1.1.1.202309131626/tools/bin/../lib/gcc/arm-none-eabi/11.3.1/thumb/v6-m/nofp\libgcc.a(_udivmoddi4.o)
                0x0000000008000620                __udivmoddi4
 .text          0x00000000080007b8      0x6c0 C:/ST/STM32CubeIDE_1.13.1/STM32CubeIDE/plugins/com.st.stm32cube.ide.mcu.externaltools.gnu-tools-for-stm32.11.3.rel1.win32_1.1.1.202309131626/tools/bin/../lib/gcc/arm-none-eabi/11.3.1/thumb/v6-m/nofp\libgcc.a(adddf3.o)
                0x00000000080007b8                __aeabi_dadd
 .text          0x0000000008000e78      0x5dc C:/ST/STM32CubeIDE_1.13.1/STM32CubeIDE/plugins/com.st.stm32cube.ide.mcu.externaltools.gnu-tools-for-stm32.11.3.rel1.win32_1.1.1.202309131626/tools/bin/../lib/gcc/arm-none-eabi/11.3.1/thumb/v6-m/nofp\libgcc.a(divdf3.o)
                0x0000000008000e78                __aeabi_ddiv
 .text          0x0000000008001454       0x84 C:/ST/STM32CubeIDE_1.13.1/STM32CubeIDE/plugins/com.st.stm32cube.ide.mcu.externaltools.gnu-tools-for-stm32.11.3.rel1.win32_1.1.1.202309131626/tools/bin/../lib/gcc/arm-none-eabi/11.3.1/thumb/v6-m/nofp\libgcc.a(eqdf2.o)
                0x0000000008001454                __nedf2
                0x0000000008001454                __eqdf2
 .text          0x00000000080014d8       0xcc C:/ST/STM32CubeIDE_1.13.1/STM32CubeIDE/plugins/com.st.stm32cube.ide.mcu.externaltools.gnu-tools-for-stm32.11.3.rel1.win32_1.1.1.202309131626/tools/bin/../lib/gcc/arm-none-eabi/11.3.1/thumb/v6-m/nofp\libgcc.a(gedf2.o)
                0x00000000080014d8                __gedf2
                0x00000000080014d8                __gtdf2
 .text          0x00000000080015a4       0xc8 C:/ST/STM32CubeIDE_1.13.1/STM32CubeIDE/plugins/com.st.stm32cube.ide.mcu.externaltools.gnu-tools-for-stm32.11.3.rel1.win32_1.1.1.202309131626/tools/bin/../lib/gcc/arm-none-eabi/11.3.1/thumb/v6-m/nofp\libgcc.a(ledf2.o)
                0x00000000080015a4                __ledf2
                0x00000000080015a4                __ltdf2
 .text          0x000000000800166c      0x584 C:/ST/STM32CubeIDE_1.13.1/STM32CubeIDE/plugins/com.st.stm32cube.ide.mcu.externaltools.gnu-tools-for-stm32.11.3.rel1.win32_1.1.1.202309131626/tools/bin/../lib/gcc/arm-none-eabi/11.3.1/thumb/v6-m/nofp\libgcc.a(muldf3.o)
                0x000000000800166c                __aeabi_dmul
 .text          0x0000000008001bf0      0x704 C:/ST/STM32CubeIDE_1.13.1/STM32CubeIDE/plugins/com.st.stm32cube.ide.mcu.externaltools.gnu-tools-for-stm32.11.3.rel1.win32_1.1.1.202309131626/tools/bin/../lib/gcc/arm-none-eabi/11.3.1/thumb/v6-m/nofp\libgcc.a(subdf3.o)
                0x0000000008001bf0                __aeabi_dsub
 .text          0x00000000080022f4       0x3c C:/ST/STM32CubeIDE_1.13.1/STM32CubeIDE/plugins/com.st.stm32cube.ide.mcu.externaltools.gnu-tools-for-stm32.11.3.rel1.win32_1.1.1.202309131626/tools/bin/../lib/gcc/arm-none-eabi/11.3.1/thumb/v6-m/nofp\libgcc.a(unorddf2.o)
                0x00000000080022f4                __aeabi_dcmpun
 .text          0x0000000008002330       0x6c C:/ST/STM32CubeIDE_1.13.1/STM32CubeIDE/plugins/com.st.stm32cube.ide.mcu.externaltools.gnu-tools-for-stm32.11.3.rel1.win32_1.1.1.202309131626/tools/bin/../lib/gcc/arm-none-eabi/11.3.1/thumb/v6-m/nofp\libgcc.a(fixdfsi.o)
                0x0000000008002330                __aeabi_d2iz
 .text          0x000000000800239c       0x60 C:/ST/STM32CubeIDE_1.13.1/STM32CubeIDE/plugins/com.st.stm32cube.ide.mcu.externaltools.gnu-tools-for-stm32.11.3.rel1.win32_1.1.1.202309131626/tools/bin/../lib/gcc/arm-none-eabi/11.3.1/thumb/v6-m/nofp\libgcc.a(floatsidf.o)
                0x000000000800239c                __aeabi_i2d
 .text          0x00000000080023fc       0x4c C:/ST/STM32CubeIDE_1.13.1/STM32CubeIDE/plugins/com.st.stm32cube.ide.mcu.externaltools.gnu-tools-for-stm32.11.3.rel1.win32_1.1.1.202309131626/tools/bin/../lib/gcc/arm-none-eabi/11.3.1/thumb/v6-m/nofp\libgcc.a(floatunsidf.o)
                0x00000000080023fc                __aeabi_ui2d
 .text          0x0000000008002448      0x10c C:/ST/STM32CubeIDE_1.13.1/STM32CubeIDE/plugins/com.st.stm32cube.ide.mcu.externaltools.gnu-tools-for-stm32.11.3.rel1.win32_1.1.1.202309131626/tools/bin/../lib/gcc/arm-none-eabi/11.3.1/thumb/v6-m/nofp\libgcc.a(truncdfsf2.o)
                0x0000000008002448                __aeabi_d2f
 .text          0x0000000008002554       0x3c C:/ST/STM32CubeIDE_1.13.1/STM32CubeIDE/plugins/com.st.stm32cube.ide.mcu.externaltools.gnu-tools-for-stm32.11.3.rel1.win32_1.1.1.202309131626/tools/bin/../lib/gcc/arm-none-eabi/11.3.1/thumb/v6-m/nofp\libgcc.a(_clzsi2.o)
                0x0000000008002554                __clzsi2
 .text          0x0000000008002590       0x18 C:/ST/STM32CubeIDE_1.13.1/STM32CubeIDE/plugins/com.st.stm32cube.ide.mcu.externaltools.gnu-tools-for-stm32.11.3.rel1.win32_1.1.1.202309131626/tools/bin/../lib/gcc/arm-none-eabi/11.3.1/thumb/v6-m/nofp\libgcc.a(_clzdi2.o)
                0x0000000008002590                __clzdi2
 *(.text*)
 .text.main     0x00000000080025a8      0x248 ./Core/Src/main.o
                0x00000000080025a8                main
 .text.SystemClock_Config
                0x00000000080027f0       0x98 ./Core/Src/main.o
                0x00000000080027f0                SystemClock_Config
 .text.MX_RTC_Init
                0x0000000008002888      0x148 ./Core/Src/main.o
 .text.MX_SPI1_Init
                0x00000000080029d0       0x7c ./Core/Src/main.o
 .text.MX_TIM6_Init
                0x0000000008002a4c       0x7c ./Core/Src/main.o
 .text.MX_USART1_UART_Init
                0x0000000008002ac8       0x9c ./Core/Src/main.o
 .text.MX_USART2_UART_Init
                0x0000000008002b64       0x9c ./Core/Src/main.o
 .text.MX_USART3_UART_Init
                0x0000000008002c00       0x68 ./Core/Src/main.o
 .text.MX_GPIO_Init
                0x0000000008002c68      0x188 ./Core/Src/main.o
 .text.enqueue_payload
                0x0000000008002df0      0x17c ./Core/Src/main.o
                0x0000000008002df0                enqueue_payload
 .text.enqueue_hello_payload
                0x0000000008002f6c      0x14c ./Core/Src/main.o
                0x0000000008002f6c                enqueue_hello_payload
 .text.send_debug_logs
                0x00000000080030b8       0x60 ./Core/Src/main.o
                0x00000000080030b8                send_debug_logs
 .text.reset_astronode
                0x0000000008003118       0x36 ./Core/Src/main.o
                0x0000000008003118                reset_astronode
 *fill*         0x000000000800314e        0x2 
 .text.send_astronode_request
                0x0000000008003150       0x3c ./Core/Src/main.o
                0x0000000008003150                send_astronode_request
 .text.is_astronode_character_received
                0x000000000800318c       0x28 ./Core/Src/main.o
                0x000000000800318c                is_astronode_character_received
 .text.is_evt_pin_high
                0x00000000080031b4       0x24 ./Core/Src/main.o
                0x00000000080031b4                is_evt_pin_high
 .text.get_systick
                0x00000000080031d8       0x10 ./Core/Src/main.o
                0x00000000080031d8                get_systick
 .text.is_systick_timeout_over
                0x00000000080031e8       0x2c ./Core/Src/main.o
                0x00000000080031e8                is_systick_timeout_over
 .text.my_lx6_on
                0x0000000008003214       0x30 ./Core/Src/main.o
                0x0000000008003214                my_lx6_on
 .text.my_lx6_off
                0x0000000008003244       0x38 ./Core/Src/main.o
                0x0000000008003244                my_lx6_off
 .text.my_lis2dw12_platform_write
                0x000000000800327c       0x70 ./Core/Src/main.o
                0x000000000800327c                my_lis2dw12_platform_write
 .text.my_lis2dw12_platform_read
                0x00000000080032ec       0x80 ./Core/Src/main.o
                0x00000000080032ec                my_lis2dw12_platform_read
 .text.is_system_initialized
                0x000000000800336c       0x4c ./Core/Src/main.o
                0x000000000800336c                is_system_initialized
 .text.HAL_TIM_PeriodElapsedCallback
                0x00000000080033b8       0x40 ./Core/Src/main.o
                0x00000000080033b8                HAL_TIM_PeriodElapsedCallback
 .text.HAL_GPIO_EXTI_Rising_Callback
                0x00000000080033f8       0x40 ./Core/Src/main.o
                0x00000000080033f8                HAL_GPIO_EXTI_Rising_Callback
 .text.Error_Handler
                0x0000000008003438        0xa ./Core/Src/main.o
                0x0000000008003438                Error_Handler
 *fill*         0x0000000008003442        0x2 
 .text.HAL_MspInit
                0x0000000008003444       0x48 ./Core/Src/stm32g0xx_hal_msp.o
                0x0000000008003444                HAL_MspInit
 .text.HAL_RTC_MspInit
                0x000000000800348c       0x7c ./Core/Src/stm32g0xx_hal_msp.o
                0x000000000800348c                HAL_RTC_MspInit
 .text.HAL_SPI_MspInit
                0x0000000008003508       0x98 ./Core/Src/stm32g0xx_hal_msp.o
                0x0000000008003508                HAL_SPI_MspInit
 .text.HAL_TIM_Base_MspInit
                0x00000000080035a0       0x4c ./Core/Src/stm32g0xx_hal_msp.o
                0x00000000080035a0                HAL_TIM_Base_MspInit
 .text.HAL_UART_MspInit
                0x00000000080035ec      0x1c8 ./Core/Src/stm32g0xx_hal_msp.o
                0x00000000080035ec                HAL_UART_MspInit
 .text.HAL_UART_MspDeInit
                0x00000000080037b4       0xa0 ./Core/Src/stm32g0xx_hal_msp.o
                0x00000000080037b4                HAL_UART_MspDeInit
 .text.NMI_Handler
                0x0000000008003854        0x6 ./Core/Src/stm32g0xx_it.o
                0x0000000008003854                NMI_Handler
 .text.HardFault_Handler
                0x000000000800385a        0x6 ./Core/Src/stm32g0xx_it.o
                0x000000000800385a                HardFault_Handler
 .text.SVC_Handler
                0x0000000008003860        0xa ./Core/Src/stm32g0xx_it.o
                0x0000000008003860                SVC_Handler
 .text.PendSV_Handler
                0x000000000800386a        0xa ./Core/Src/stm32g0xx_it.o
                0x000000000800386a                PendSV_Handler
 .text.SysTick_Handler
                0x0000000008003874        0xe ./Core/Src/stm32g0xx_it.o
                0x0000000008003874                SysTick_Handler
 .text.EXTI4_15_IRQHandler
                0x0000000008003882       0x28 ./Core/Src/stm32g0xx_it.o
                0x0000000008003882                EXTI4_15_IRQHandler
 *fill*         0x00000000080038aa        0x2 
 .text.TIM6_DAC_LPTIM1_IRQHandler
                0x00000000080038ac       0x18 ./Core/Src/stm32g0xx_it.o
                0x00000000080038ac                TIM6_DAC_LPTIM1_IRQHandler
 .text._getpid  0x00000000080038c4        0xc ./Core/Src/syscalls.o
                0x00000000080038c4                _getpid
 .text._kill    0x00000000080038d0       0x20 ./Core/Src/syscalls.o
                0x00000000080038d0                _kill
 .text._exit    0x00000000080038f0       0x18 ./Core/Src/syscalls.o
                0x00000000080038f0                _exit
 .text._read    0x0000000008003908       0x3a ./Core/Src/syscalls.o
                0x0000000008003908                _read
 .text._write   0x0000000008003942       0x38 ./Core/Src/syscalls.o
                0x0000000008003942                _write
 .text._close   0x000000000800397a       0x14 ./Core/Src/syscalls.o
                0x000000000800397a                _close
 .text._fstat   0x000000000800398e       0x1c ./Core/Src/syscalls.o
                0x000000000800398e                _fstat
 .text._isatty  0x00000000080039aa       0x12 ./Core/Src/syscalls.o
                0x00000000080039aa                _isatty
 .text._lseek   0x00000000080039bc       0x16 ./Core/Src/syscalls.o
                0x00000000080039bc                _lseek
 *fill*         0x00000000080039d2        0x2 
 .text._sbrk    0x00000000080039d4       0x6c ./Core/Src/sysmem.o
                0x00000000080039d4                _sbrk
 .text.SystemInit
                0x0000000008003a40        0xa ./Core/Src/system_stm32g0xx.o
                0x0000000008003a40                SystemInit
 *fill*         0x0000000008003a4a        0x2 
 .text.Reset_Handler
                0x0000000008003a4c       0x50 ./Core/Startup/startup_stm32g071rbtx.o
                0x0000000008003a4c                Reset_Handler
 .text.Default_Handler
                0x0000000008003a9c        0x2 ./Core/Startup/startup_stm32g071rbtx.o
                0x0000000008003a9c                USART3_4_LPUART1_IRQHandler
                0x0000000008003a9c                TIM1_CC_IRQHandler
                0x0000000008003a9c                ADC1_COMP_IRQHandler
                0x0000000008003a9c                PVD_IRQHandler
                0x0000000008003a9c                I2C1_IRQHandler
                0x0000000008003a9c                TIM7_LPTIM2_IRQHandler
                0x0000000008003a9c                RTC_TAMP_IRQHandler
                0x0000000008003a9c                SPI1_IRQHandler
                0x0000000008003a9c                EXTI2_3_IRQHandler
                0x0000000008003a9c                I2C2_IRQHandler
                0x0000000008003a9c                TIM17_IRQHandler
                0x0000000008003a9c                TIM16_IRQHandler
                0x0000000008003a9c                TIM3_IRQHandler
                0x0000000008003a9c                RCC_IRQHandler
                0x0000000008003a9c                DMA1_Channel1_IRQHandler
                0x0000000008003a9c                Default_Handler
                0x0000000008003a9c                CEC_IRQHandler
                0x0000000008003a9c                TIM14_IRQHandler
                0x0000000008003a9c                TIM15_IRQHandler
                0x0000000008003a9c                EXTI0_1_IRQHandler
                0x0000000008003a9c                SPI2_IRQHandler
                0x0000000008003a9c                WWDG_IRQHandler
                0x0000000008003a9c                TIM2_IRQHandler
                0x0000000008003a9c                DMA1_Ch4_7_DMAMUX1_OVR_IRQHandler
                0x0000000008003a9c                DMA1_Channel2_3_IRQHandler
                0x0000000008003a9c                UCPD1_2_IRQHandler
                0x0000000008003a9c                USART2_IRQHandler
                0x0000000008003a9c                FLASH_IRQHandler
                0x0000000008003a9c                USART1_IRQHandler
                0x0000000008003a9c                TIM1_BRK_UP_TRG_COM_IRQHandler
 *fill*         0x0000000008003a9e        0x2 
 .text.HAL_Init
                0x0000000008003aa0       0x40 ./Drivers/STM32G0xx_HAL_Driver/Src/stm32g0xx_hal.o
                0x0000000008003aa0                HAL_Init
 .text.HAL_InitTick
                0x0000000008003ae0       0x94 ./Drivers/STM32G0xx_HAL_Driver/Src/stm32g0xx_hal.o
                0x0000000008003ae0                HAL_InitTick
 .text.HAL_IncTick
                0x0000000008003b74       0x24 ./Drivers/STM32G0xx_HAL_Driver/Src/stm32g0xx_hal.o
                0x0000000008003b74                HAL_IncTick
 .text.HAL_GetTick
                0x0000000008003b98       0x14 ./Drivers/STM32G0xx_HAL_Driver/Src/stm32g0xx_hal.o
                0x0000000008003b98                HAL_GetTick
 .text.HAL_Delay
                0x0000000008003bac       0x48 ./Drivers/STM32G0xx_HAL_Driver/Src/stm32g0xx_hal.o
                0x0000000008003bac                HAL_Delay
 .text.HAL_SuspendTick
                0x0000000008003bf4       0x1c ./Drivers/STM32G0xx_HAL_Driver/Src/stm32g0xx_hal.o
                0x0000000008003bf4                HAL_SuspendTick
 .text.HAL_ResumeTick
                0x0000000008003c10       0x1c ./Drivers/STM32G0xx_HAL_Driver/Src/stm32g0xx_hal.o
                0x0000000008003c10                HAL_ResumeTick
 .text.__NVIC_EnableIRQ
                0x0000000008003c2c       0x34 ./Drivers/STM32G0xx_HAL_Driver/Src/stm32g0xx_hal_cortex.o
 .text.__NVIC_SetPriority
                0x0000000008003c60       0xdc ./Drivers/STM32G0xx_HAL_Driver/Src/stm32g0xx_hal_cortex.o
 .text.__NVIC_SystemReset
                0x0000000008003d3c       0x24 ./Drivers/STM32G0xx_HAL_Driver/Src/stm32g0xx_hal_cortex.o
 .text.SysTick_Config
                0x0000000008003d60       0x48 ./Drivers/STM32G0xx_HAL_Driver/Src/stm32g0xx_hal_cortex.o
 .text.HAL_NVIC_SetPriority
                0x0000000008003da8       0x2a ./Drivers/STM32G0xx_HAL_Driver/Src/stm32g0xx_hal_cortex.o
                0x0000000008003da8                HAL_NVIC_SetPriority
 .text.HAL_NVIC_EnableIRQ
                0x0000000008003dd2       0x20 ./Drivers/STM32G0xx_HAL_Driver/Src/stm32g0xx_hal_cortex.o
                0x0000000008003dd2                HAL_NVIC_EnableIRQ
 .text.HAL_NVIC_SystemReset
                0x0000000008003df2        0x8 ./Drivers/STM32G0xx_HAL_Driver/Src/stm32g0xx_hal_cortex.o
                0x0000000008003df2                HAL_NVIC_SystemReset
 .text.HAL_SYSTICK_Config
                0x0000000008003dfa       0x1a ./Drivers/STM32G0xx_HAL_Driver/Src/stm32g0xx_hal_cortex.o
                0x0000000008003dfa                HAL_SYSTICK_Config
 .text.HAL_GPIO_Init
                0x0000000008003e14      0x2c8 ./Drivers/STM32G0xx_HAL_Driver/Src/stm32g0xx_hal_gpio.o
                0x0000000008003e14                HAL_GPIO_Init
 .text.HAL_GPIO_DeInit
                0x00000000080040dc      0x1a0 ./Drivers/STM32G0xx_HAL_Driver/Src/stm32g0xx_hal_gpio.o
                0x00000000080040dc                HAL_GPIO_DeInit
 .text.HAL_GPIO_ReadPin
                0x000000000800427c       0x3a ./Drivers/STM32G0xx_HAL_Driver/Src/stm32g0xx_hal_gpio.o
                0x000000000800427c                HAL_GPIO_ReadPin
 .text.HAL_GPIO_WritePin
                0x00000000080042b6       0x3a ./Drivers/STM32G0xx_HAL_Driver/Src/stm32g0xx_hal_gpio.o
                0x00000000080042b6                HAL_GPIO_WritePin
 .text.HAL_GPIO_EXTI_IRQHandler
                0x00000000080042f0       0x54 ./Drivers/STM32G0xx_HAL_Driver/Src/stm32g0xx_hal_gpio.o
                0x00000000080042f0                HAL_GPIO_EXTI_IRQHandler
 .text.HAL_GPIO_EXTI_Falling_Callback
                0x0000000008004344       0x14 ./Drivers/STM32G0xx_HAL_Driver/Src/stm32g0xx_hal_gpio.o
                0x0000000008004344                HAL_GPIO_EXTI_Falling_Callback
 .text.HAL_PWR_EnterSTOPMode
                0x0000000008004358       0x70 ./Drivers/STM32G0xx_HAL_Driver/Src/stm32g0xx_hal_pwr.o
                0x0000000008004358                HAL_PWR_EnterSTOPMode
 .text.HAL_PWREx_ControlVoltageScaling
                0x00000000080043c8       0x80 ./Drivers/STM32G0xx_HAL_Driver/Src/stm32g0xx_hal_pwr_ex.o
                0x00000000080043c8                HAL_PWREx_ControlVoltageScaling
 .text.LL_RCC_GetAPB1Prescaler
                0x0000000008004448       0x18 ./Drivers/STM32G0xx_HAL_Driver/Src/stm32g0xx_hal_rcc.o
 .text.HAL_RCC_OscConfig
                0x0000000008004460      0x634 ./Drivers/STM32G0xx_HAL_Driver/Src/stm32g0xx_hal_rcc.o
                0x0000000008004460                HAL_RCC_OscConfig
 .text.HAL_RCC_ClockConfig
                0x0000000008004a94      0x210 ./Drivers/STM32G0xx_HAL_Driver/Src/stm32g0xx_hal_rcc.o
                0x0000000008004a94                HAL_RCC_ClockConfig
 .text.HAL_RCC_GetSysClockFreq
                0x0000000008004ca4      0x104 ./Drivers/STM32G0xx_HAL_Driver/Src/stm32g0xx_hal_rcc.o
                0x0000000008004ca4                HAL_RCC_GetSysClockFreq
 .text.HAL_RCC_GetHCLKFreq
                0x0000000008004da8       0x14 ./Drivers/STM32G0xx_HAL_Driver/Src/stm32g0xx_hal_rcc.o
                0x0000000008004da8                HAL_RCC_GetHCLKFreq
 .text.HAL_RCC_GetPCLK1Freq
                0x0000000008004dbc       0x2c ./Drivers/STM32G0xx_HAL_Driver/Src/stm32g0xx_hal_rcc.o
                0x0000000008004dbc                HAL_RCC_GetPCLK1Freq
 .text.HAL_RCCEx_PeriphCLKConfig
                0x0000000008004de8      0x370 ./Drivers/STM32G0xx_HAL_Driver/Src/stm32g0xx_hal_rcc_ex.o
                0x0000000008004de8                HAL_RCCEx_PeriphCLKConfig
 .text.HAL_RTC_Init
                0x0000000008005158      0x144 ./Drivers/STM32G0xx_HAL_Driver/Src/stm32g0xx_hal_rtc.o
                0x0000000008005158                HAL_RTC_Init
 .text.HAL_RTC_SetTime
                0x000000000800529c      0x150 ./Drivers/STM32G0xx_HAL_Driver/Src/stm32g0xx_hal_rtc.o
                0x000000000800529c                HAL_RTC_SetTime
 .text.HAL_RTC_GetTime
                0x00000000080053ec       0xb8 ./Drivers/STM32G0xx_HAL_Driver/Src/stm32g0xx_hal_rtc.o
                0x00000000080053ec                HAL_RTC_GetTime
 .text.HAL_RTC_SetDate
                0x00000000080054a4      0x124 ./Drivers/STM32G0xx_HAL_Driver/Src/stm32g0xx_hal_rtc.o
                0x00000000080054a4                HAL_RTC_SetDate
 .text.HAL_RTC_GetDate
                0x00000000080055c8       0x9c ./Drivers/STM32G0xx_HAL_Driver/Src/stm32g0xx_hal_rtc.o
                0x00000000080055c8                HAL_RTC_GetDate
 .text.HAL_RTC_SetAlarm
                0x0000000008005664      0x24c ./Drivers/STM32G0xx_HAL_Driver/Src/stm32g0xx_hal_rtc.o
                0x0000000008005664                HAL_RTC_SetAlarm
 .text.HAL_RTC_WaitForSynchro
                0x00000000080058b0       0x4e ./Drivers/STM32G0xx_HAL_Driver/Src/stm32g0xx_hal_rtc.o
                0x00000000080058b0                HAL_RTC_WaitForSynchro
 .text.RTC_EnterInitMode
                0x00000000080058fe       0x84 ./Drivers/STM32G0xx_HAL_Driver/Src/stm32g0xx_hal_rtc.o
                0x00000000080058fe                RTC_EnterInitMode
 *fill*         0x0000000008005982        0x2 
 .text.RTC_ExitInitMode
                0x0000000008005984       0x88 ./Drivers/STM32G0xx_HAL_Driver/Src/stm32g0xx_hal_rtc.o
                0x0000000008005984                RTC_ExitInitMode
 .text.RTC_ByteToBcd2
                0x0000000008005a0c       0x50 ./Drivers/STM32G0xx_HAL_Driver/Src/stm32g0xx_hal_rtc.o
                0x0000000008005a0c                RTC_ByteToBcd2
 .text.RTC_Bcd2ToByte
                0x0000000008005a5c       0x3a ./Drivers/STM32G0xx_HAL_Driver/Src/stm32g0xx_hal_rtc.o
                0x0000000008005a5c                RTC_Bcd2ToByte
 .text.HAL_RTCEx_EnableBypassShadow
                0x0000000008005a96       0x68 ./Drivers/STM32G0xx_HAL_Driver/Src/stm32g0xx_hal_rtc_ex.o
                0x0000000008005a96                HAL_RTCEx_EnableBypassShadow
 .text.HAL_RTCEx_DisableBypassShadow
                0x0000000008005afe       0x68 ./Drivers/STM32G0xx_HAL_Driver/Src/stm32g0xx_hal_rtc_ex.o
                0x0000000008005afe                HAL_RTCEx_DisableBypassShadow
 *fill*         0x0000000008005b66        0x2 
 .text.HAL_SPI_Init
                0x0000000008005b68      0x170 ./Drivers/STM32G0xx_HAL_Driver/Src/stm32g0xx_hal_spi.o
                0x0000000008005b68                HAL_SPI_Init
 .text.HAL_SPI_Transmit
                0x0000000008005cd8      0x2b0 ./Drivers/STM32G0xx_HAL_Driver/Src/stm32g0xx_hal_spi.o
                0x0000000008005cd8                HAL_SPI_Transmit
 .text.HAL_SPI_Receive
                0x0000000008005f88      0x298 ./Drivers/STM32G0xx_HAL_Driver/Src/stm32g0xx_hal_spi.o
                0x0000000008005f88                HAL_SPI_Receive
 .text.HAL_SPI_TransmitReceive
                0x0000000008006220      0x3a4 ./Drivers/STM32G0xx_HAL_Driver/Src/stm32g0xx_hal_spi.o
                0x0000000008006220                HAL_SPI_TransmitReceive
 .text.SPI_WaitFlagStateUntilTimeout
                0x00000000080065c4      0x11c ./Drivers/STM32G0xx_HAL_Driver/Src/stm32g0xx_hal_spi.o
 .text.SPI_WaitFifoStateUntilTimeout
                0x00000000080066e0      0x144 ./Drivers/STM32G0xx_HAL_Driver/Src/stm32g0xx_hal_spi.o
 .text.SPI_EndRxTransaction
                0x0000000008006824       0xbc ./Drivers/STM32G0xx_HAL_Driver/Src/stm32g0xx_hal_spi.o
 .text.SPI_EndRxTxTransaction
                0x00000000080068e0       0x8c ./Drivers/STM32G0xx_HAL_Driver/Src/stm32g0xx_hal_spi.o
 .text.HAL_TIM_Base_Init
                0x000000000800696c       0xb0 ./Drivers/STM32G0xx_HAL_Driver/Src/stm32g0xx_hal_tim.o
                0x000000000800696c                HAL_TIM_Base_Init
 .text.HAL_TIM_Base_Start_IT
                0x0000000008006a1c       0xb8 ./Drivers/STM32G0xx_HAL_Driver/Src/stm32g0xx_hal_tim.o
                0x0000000008006a1c                HAL_TIM_Base_Start_IT
 .text.HAL_TIM_Base_Stop_IT
                0x0000000008006ad4       0x5c ./Drivers/STM32G0xx_HAL_Driver/Src/stm32g0xx_hal_tim.o
                0x0000000008006ad4                HAL_TIM_Base_Stop_IT
 .text.HAL_TIM_IRQHandler
                0x0000000008006b30      0x264 ./Drivers/STM32G0xx_HAL_Driver/Src/stm32g0xx_hal_tim.o
                0x0000000008006b30                HAL_TIM_IRQHandler
 .text.HAL_TIM_OC_DelayElapsedCallback
                0x0000000008006d94       0x10 ./Drivers/STM32G0xx_HAL_Driver/Src/stm32g0xx_hal_tim.o
                0x0000000008006d94                HAL_TIM_OC_DelayElapsedCallback
 .text.HAL_TIM_IC_CaptureCallback
                0x0000000008006da4       0x10 ./Drivers/STM32G0xx_HAL_Driver/Src/stm32g0xx_hal_tim.o
                0x0000000008006da4                HAL_TIM_IC_CaptureCallback
 .text.HAL_TIM_PWM_PulseFinishedCallback
                0x0000000008006db4       0x10 ./Drivers/STM32G0xx_HAL_Driver/Src/stm32g0xx_hal_tim.o
                0x0000000008006db4                HAL_TIM_PWM_PulseFinishedCallback
 .text.HAL_TIM_TriggerCallback
                0x0000000008006dc4       0x10 ./Drivers/STM32G0xx_HAL_Driver/Src/stm32g0xx_hal_tim.o
                0x0000000008006dc4                HAL_TIM_TriggerCallback
 .text.TIM_Base_SetConfig
                0x0000000008006dd4      0x100 ./Drivers/STM32G0xx_HAL_Driver/Src/stm32g0xx_hal_tim.o
                0x0000000008006dd4                TIM_Base_SetConfig
 .text.HAL_TIMEx_MasterConfigSynchronization
                0x0000000008006ed4       0xdc ./Drivers/STM32G0xx_HAL_Driver/Src/stm32g0xx_hal_tim_ex.o
                0x0000000008006ed4                HAL_TIMEx_MasterConfigSynchronization
 .text.HAL_TIMEx_CommutCallback
                0x0000000008006fb0       0x10 ./Drivers/STM32G0xx_HAL_Driver/Src/stm32g0xx_hal_tim_ex.o
                0x0000000008006fb0                HAL_TIMEx_CommutCallback
 .text.HAL_TIMEx_BreakCallback
                0x0000000008006fc0       0x10 ./Drivers/STM32G0xx_HAL_Driver/Src/stm32g0xx_hal_tim_ex.o
                0x0000000008006fc0                HAL_TIMEx_BreakCallback
 .text.HAL_TIMEx_Break2Callback
                0x0000000008006fd0       0x10 ./Drivers/STM32G0xx_HAL_Driver/Src/stm32g0xx_hal_tim_ex.o
                0x0000000008006fd0                HAL_TIMEx_Break2Callback
 .text.HAL_UART_Init
                0x0000000008006fe0       0xac ./Drivers/STM32G0xx_HAL_Driver/Src/stm32g0xx_hal_uart.o
                0x0000000008006fe0                HAL_UART_Init
 .text.HAL_UART_DeInit
                0x000000000800708c       0x80 ./Drivers/STM32G0xx_HAL_Driver/Src/stm32g0xx_hal_uart.o
                0x000000000800708c                HAL_UART_DeInit
 .text.HAL_UART_Transmit
                0x000000000800710c      0x138 ./Drivers/STM32G0xx_HAL_Driver/Src/stm32g0xx_hal_uart.o
                0x000000000800710c                HAL_UART_Transmit
 .text.HAL_UART_Receive
                0x0000000008007244      0x1c4 ./Drivers/STM32G0xx_HAL_Driver/Src/stm32g0xx_hal_uart.o
                0x0000000008007244                HAL_UART_Receive
 .text.UART_SetConfig
                0x0000000008007408      0x57c ./Drivers/STM32G0xx_HAL_Driver/Src/stm32g0xx_hal_uart.o
                0x0000000008007408                UART_SetConfig
 .text.UART_AdvFeatureConfig
                0x0000000008007984      0x168 ./Drivers/STM32G0xx_HAL_Driver/Src/stm32g0xx_hal_uart.o
                0x0000000008007984                UART_AdvFeatureConfig
 .text.UART_CheckIdleState
                0x0000000008007aec       0x9c ./Drivers/STM32G0xx_HAL_Driver/Src/stm32g0xx_hal_uart.o
                0x0000000008007aec                UART_CheckIdleState
 .text.UART_WaitOnFlagUntilTimeout
                0x0000000008007b88      0x190 ./Drivers/STM32G0xx_HAL_Driver/Src/stm32g0xx_hal_uart.o
                0x0000000008007b88                UART_WaitOnFlagUntilTimeout
 .text.HAL_UARTEx_DisableFifoMode
                0x0000000008007d18       0x74 ./Drivers/STM32G0xx_HAL_Driver/Src/stm32g0xx_hal_uart_ex.o
                0x0000000008007d18                HAL_UARTEx_DisableFifoMode
 .text.HAL_UARTEx_SetTxFifoThreshold
                0x0000000008007d8c       0x7e ./Drivers/STM32G0xx_HAL_Driver/Src/stm32g0xx_hal_uart_ex.o
                0x0000000008007d8c                HAL_UARTEx_SetTxFifoThreshold
 *fill*         0x0000000008007e0a        0x2 
 .text.HAL_UARTEx_SetRxFifoThreshold
                0x0000000008007e0c       0x84 ./Drivers/STM32G0xx_HAL_Driver/Src/stm32g0xx_hal_uart_ex.o
                0x0000000008007e0c                HAL_UARTEx_SetRxFifoThreshold
 .text.UARTEx_SetNbDataToProcess
                0x0000000008007e90       0xbc ./Drivers/STM32G0xx_HAL_Driver/Src/stm32g0xx_hal_uart_ex.o
 .text.astronode_send_cfg_sr
                0x0000000008007f4c       0x70 ./my_drivers/Src/astronode_application.o
                0x0000000008007f4c                astronode_send_cfg_sr
 .text.astronode_send_cfg_wr
                0x0000000008007fbc      0x158 ./my_drivers/Src/astronode_application.o
                0x0000000008007fbc                astronode_send_cfg_wr
 .text.astronode_send_mgi_rr
                0x0000000008008114      0x154 ./my_drivers/Src/astronode_application.o
                0x0000000008008114                astronode_send_mgi_rr
 .text.astronode_send_msn_rr
                0x0000000008008268      0x154 ./my_drivers/Src/astronode_application.o
                0x0000000008008268                astronode_send_msn_rr
 .text.astronode_send_nco_rr
                0x00000000080083bc       0xc8 ./my_drivers/Src/astronode_application.o
                0x00000000080083bc                astronode_send_nco_rr
 .text.astronode_send_evt_rr
                0x0000000008008484      0x100 ./my_drivers/Src/astronode_application.o
                0x0000000008008484                astronode_send_evt_rr
 .text.astronode_send_geo_wr
                0x0000000008008584      0x180 ./my_drivers/Src/astronode_application.o
                0x0000000008008584                astronode_send_geo_wr
 .text.astronode_send_pld_er
                0x0000000008008704      0x148 ./my_drivers/Src/astronode_application.o
                0x0000000008008704                astronode_send_pld_er
 .text.astronode_send_pld_fr
                0x000000000800884c       0x78 ./my_drivers/Src/astronode_application.o
                0x000000000800884c                astronode_send_pld_fr
 .text.astronode_send_res_cr
                0x00000000080088c4       0x80 ./my_drivers/Src/astronode_application.o
                0x00000000080088c4                astronode_send_res_cr
 .text.astronode_send_rtc_rr
                0x0000000008008944       0xc8 ./my_drivers/Src/astronode_application.o
                0x0000000008008944                astronode_send_rtc_rr
 .text.astronode_send_sak_rr
                0x0000000008008a0c       0xac ./my_drivers/Src/astronode_application.o
                0x0000000008008a0c                astronode_send_sak_rr
 .text.astronode_send_sak_cr
                0x0000000008008ab8       0x80 ./my_drivers/Src/astronode_application.o
                0x0000000008008ab8                astronode_send_sak_cr
 .text.astronode_send_mpn_rr
                0x0000000008008b38      0x154 ./my_drivers/Src/astronode_application.o
                0x0000000008008b38                astronode_send_mpn_rr
 .text.astronode_send_cmd_cr
                0x0000000008008c8c       0x80 ./my_drivers/Src/astronode_application.o
                0x0000000008008c8c                astronode_send_cmd_cr
 .text.astronode_send_cmd_rr
                0x0000000008008d0c      0x2e0 ./my_drivers/Src/astronode_application.o
                0x0000000008008d0c                astronode_send_cmd_rr
 .text.is_sak_available
                0x0000000008008fec       0x14 ./my_drivers/Src/astronode_application.o
                0x0000000008008fec                is_sak_available
 .text.is_astronode_reset
                0x0000000008009000       0x14 ./my_drivers/Src/astronode_application.o
                0x0000000008009000                is_astronode_reset
 .text.is_command_available
                0x0000000008009014       0x14 ./my_drivers/Src/astronode_application.o
                0x0000000008009014                is_command_available
 .text.ascii_to_value
                0x0000000008009028       0x58 ./my_drivers/Src/astronode_transport.o
 .text.astronode_create_request_transport
                0x0000000008009080      0x144 ./my_drivers/Src/astronode_transport.o
 .text.astronode_decode_answer_transport
                0x00000000080091c4      0x328 ./my_drivers/Src/astronode_transport.o
 .text.astronode_transport_send_receive
                0x00000000080094ec       0xc4 ./my_drivers/Src/astronode_transport.o
                0x00000000080094ec                astronode_transport_send_receive
 .text.calculate_crc
                0x00000000080095b0       0x9e ./my_drivers/Src/astronode_transport.o
 *fill*         0x000000000800964e        0x2 
 .text.check_for_error
                0x0000000008009650      0x178 ./my_drivers/Src/astronode_transport.o
 .text.receive_astronode_answer
                0x00000000080097c8      0x110 ./my_drivers/Src/astronode_transport.o
 .text.uint8_to_ascii_buffer
                0x00000000080098d8       0x40 ./my_drivers/Src/astronode_transport.o
 .text.lis2dw12_read_reg
                0x0000000008009918       0x42 ./my_drivers/Src/lis2dw12_reg.o
                0x0000000008009918                lis2dw12_read_reg
 .text.lis2dw12_write_reg
                0x000000000800995a       0x42 ./my_drivers/Src/lis2dw12_reg.o
                0x000000000800995a                lis2dw12_write_reg
 .text.lis2dw12_power_mode_set
                0x000000000800999c       0xd8 ./my_drivers/Src/lis2dw12_reg.o
                0x000000000800999c                lis2dw12_power_mode_set
 .text.lis2dw12_data_rate_set
                0x0000000008009a74       0xb0 ./my_drivers/Src/lis2dw12_reg.o
                0x0000000008009a74                lis2dw12_data_rate_set
 .text.lis2dw12_full_scale_set
                0x0000000008009b24       0x60 ./my_drivers/Src/lis2dw12_reg.o
                0x0000000008009b24                lis2dw12_full_scale_set
 .text.lis2dw12_device_id_get
                0x0000000008009b84       0x24 ./my_drivers/Src/lis2dw12_reg.o
                0x0000000008009b84                lis2dw12_device_id_get
 .text.lis2dw12_reset_set
                0x0000000008009ba8       0x60 ./my_drivers/Src/lis2dw12_reg.o
                0x0000000008009ba8                lis2dw12_reset_set
 .text.lis2dw12_reset_get
                0x0000000008009c08       0x36 ./my_drivers/Src/lis2dw12_reg.o
                0x0000000008009c08                lis2dw12_reset_get
 .text.lis2dw12_filter_path_set
                0x0000000008009c3e       0xb4 ./my_drivers/Src/lis2dw12_reg.o
                0x0000000008009c3e                lis2dw12_filter_path_set
 .text.lis2dw12_pin_int1_route_set
                0x0000000008009cf2       0xea ./my_drivers/Src/lis2dw12_reg.o
                0x0000000008009cf2                lis2dw12_pin_int1_route_set
 .text.lis2dw12_pin_int1_route_get
                0x0000000008009ddc       0x24 ./my_drivers/Src/lis2dw12_reg.o
                0x0000000008009ddc                lis2dw12_pin_int1_route_get
 .text.lis2dw12_wkup_threshold_set
                0x0000000008009e00       0x60 ./my_drivers/Src/lis2dw12_reg.o
                0x0000000008009e00                lis2dw12_wkup_threshold_set
 .text.lis2dw12_wkup_dur_set
                0x0000000008009e60       0x60 ./my_drivers/Src/lis2dw12_reg.o
                0x0000000008009e60                lis2dw12_wkup_dur_set
 .text.my_astro_init
                0x0000000008009ec0       0x9c ./my_drivers/Src/my_astronode.o
                0x0000000008009ec0                my_astro_init
 .text.my_astro_add_payload_2_queue
                0x0000000008009f5c       0x50 ./my_drivers/Src/my_astronode.o
                0x0000000008009f5c                my_astro_add_payload_2_queue
 .text.my_astro_read_evt_reg
                0x0000000008009fac       0x6c ./my_drivers/Src/my_astronode.o
                0x0000000008009fac                my_astro_read_evt_reg
 .text.my_astro_log
                0x000000000800a018       0x14 ./my_drivers/Src/my_astronode.o
                0x000000000800a018                my_astro_log
 .text.my_astro_write_coordinates
                0x000000000800a02c       0x1e ./my_drivers/Src/my_astronode.o
                0x000000000800a02c                my_astro_write_coordinates
 .text.my_lis2dw12_init
                0x000000000800a04a       0x88 ./my_drivers/Src/my_lis2dw12.o
                0x000000000800a04a                my_lis2dw12_init
 .text.my_lis2dw12_get_id
                0x000000000800a0d2       0x2a ./my_drivers/Src/my_lis2dw12.o
                0x000000000800a0d2                my_lis2dw12_get_id
 .text.my_lis2dw12_int1_wu_enable
                0x000000000800a0fc       0x36 ./my_drivers/Src/my_lis2dw12.o
                0x000000000800a0fc                my_lis2dw12_int1_wu_enable
 .text.my_lis2dw12_int1_wu_disable
                0x000000000800a132       0x36 ./my_drivers/Src/my_lis2dw12.o
                0x000000000800a132                my_lis2dw12_int1_wu_disable
 .text.my_lx6_get_coordinates
                0x000000000800a168      0x3d4 ./my_drivers/Src/my_lx6_gnss.o
                0x000000000800a168                my_lx6_get_coordinates
 .text.my_rtc_set_dt_from_nmea_rmc
                0x000000000800a53c       0xac ./my_drivers/Src/my_rtc.o
                0x000000000800a53c                my_rtc_set_dt_from_nmea_rmc
 .text.my_rtc_get_dt
                0x000000000800a5e8       0x30 ./my_drivers/Src/my_rtc.o
                0x000000000800a5e8                my_rtc_get_dt
 .text.my_rtc_get_time_s
                0x000000000800a618       0x84 ./my_drivers/Src/my_rtc.o
                0x000000000800a618                my_rtc_get_time_s
 .text.my_rtc_set_alarm
                0x000000000800a69c       0xf0 ./my_drivers/Src/my_rtc.o
                0x000000000800a69c                my_rtc_set_alarm
 .text.my_string2double_conv
                0x000000000800a78c       0x28 ./my_lib/Src/my_conversions.o
                0x000000000800a78c                my_string2double_conv
 .text.my_find_char_position
                0x000000000800a7b4       0x86 ./my_lib/Src/my_conversions.o
                0x000000000800a7b4                my_find_char_position
 *fill*         0x000000000800a83a        0x2 
 .text.my_conv_rtc2timestamp
                0x000000000800a83c       0xe8 ./my_lib/Src/my_conversions.o
                0x000000000800a83c                my_conv_rtc2timestamp
 .text.my_conv_timestamp2rtc
                0x000000000800a924      0x148 ./my_lib/Src/my_conversions.o
                0x000000000800a924                my_conv_timestamp2rtc
 .text.my_conv_is_leap_year
                0x000000000800aa6c       0x3c ./my_lib/Src/my_conversions.o
                0x000000000800aa6c                my_conv_is_leap_year
 .text.my_nmea_message
                0x000000000800aaa8       0xd8 ./my_lib/Src/my_nmea.o
                0x000000000800aaa8                my_nmea_message
 .text.get_my_nmea_gngsa_fixed_mode_s
                0x000000000800ab80       0x16 ./my_lib/Src/my_nmea.o
                0x000000000800ab80                get_my_nmea_gngsa_fixed_mode_s
 .text.get_my_nmea_gngsa_pdop_d
                0x000000000800ab96       0x92 ./my_lib/Src/my_nmea.o
                0x000000000800ab96                get_my_nmea_gngsa_pdop_d
 .text.is_my_nmea_checksum_ok
                0x000000000800ac28       0x96 ./my_lib/Src/my_nmea.o
                0x000000000800ac28                is_my_nmea_checksum_ok
 *fill*         0x000000000800acbe        0x2 
 .text.nmea2decimal
                0x000000000800acc0       0xe0 ./my_lib/Src/my_nmea.o
                0x000000000800acc0                nmea2decimal
 .text.get_my_nmea_gngll_coordinates
                0x000000000800ada0      0x204 ./my_lib/Src/my_nmea.o
                0x000000000800ada0                get_my_nmea_gngll_coordinates
 .text.my_nmea_get_gsv_tns
                0x000000000800afa4       0x70 ./my_lib/Src/my_nmea.o
                0x000000000800afa4                my_nmea_get_gsv_tns
 .text.my_nmea_get_rmc_date_yy
                0x000000000800b014       0x74 ./my_lib/Src/my_nmea.o
                0x000000000800b014                my_nmea_get_rmc_date_yy
 .text.my_nmea_get_rmc_date_mm
                0x000000000800b088       0x74 ./my_lib/Src/my_nmea.o
                0x000000000800b088                my_nmea_get_rmc_date_mm
 .text.my_nmea_get_rmc_date_dd
                0x000000000800b0fc       0x74 ./my_lib/Src/my_nmea.o
                0x000000000800b0fc                my_nmea_get_rmc_date_dd
 .text.my_nmea_get_rmc_utc_hh
                0x000000000800b170       0x74 ./my_lib/Src/my_nmea.o
                0x000000000800b170                my_nmea_get_rmc_utc_hh
 .text.my_nmea_get_rmc_utc_mm
                0x000000000800b1e4       0x74 ./my_lib/Src/my_nmea.o
                0x000000000800b1e4                my_nmea_get_rmc_utc_mm
 .text.my_nmea_get_rmc_utc_ss
                0x000000000800b258       0x74 ./my_lib/Src/my_nmea.o
                0x000000000800b258                my_nmea_get_rmc_utc_ss
 .text.my_nmea_get_rmc_utc_sss
                0x000000000800b2cc       0x68 ./my_lib/Src/my_nmea.o
                0x000000000800b2cc                my_nmea_get_rmc_utc_sss
 .text.malloc   0x000000000800b334       0x14 C:/ST/STM32CubeIDE_1.13.1/STM32CubeIDE/plugins/com.st.stm32cube.ide.mcu.externaltools.gnu-tools-for-stm32.11.3.rel1.win32_1.1.1.202309131626/tools/bin/../lib/gcc/arm-none-eabi/11.3.1/../../../../arm-none-eabi/lib/thumb/v6-m/nofp\libc.a(libc_a-malloc.o)
                0x000000000800b334                malloc
 .text.free     0x000000000800b348       0x14 C:/ST/STM32CubeIDE_1.13.1/STM32CubeIDE/plugins/com.st.stm32cube.ide.mcu.externaltools.gnu-tools-for-stm32.11.3.rel1.win32_1.1.1.202309131626/tools/bin/../lib/gcc/arm-none-eabi/11.3.1/../../../../arm-none-eabi/lib/thumb/v6-m/nofp\libc.a(libc_a-malloc.o)
                0x000000000800b348                free
 .text._malloc_r
                0x000000000800b35c      0x428 C:/ST/STM32CubeIDE_1.13.1/STM32CubeIDE/plugins/com.st.stm32cube.ide.mcu.externaltools.gnu-tools-for-stm32.11.3.rel1.win32_1.1.1.202309131626/tools/bin/../lib/gcc/arm-none-eabi/11.3.1/../../../../arm-none-eabi/lib/thumb/v6-m/nofp\libc.a(libc_a-mallocr.o)
                0x000000000800b35c                _malloc_r
 .text.__malloc_lock
                0x000000000800b784       0x10 C:/ST/STM32CubeIDE_1.13.1/STM32CubeIDE/plugins/com.st.stm32cube.ide.mcu.externaltools.gnu-tools-for-stm32.11.3.rel1.win32_1.1.1.202309131626/tools/bin/../lib/gcc/arm-none-eabi/11.3.1/../../../../arm-none-eabi/lib/thumb/v6-m/nofp\libc.a(libc_a-mlock.o)
                0x000000000800b784                __malloc_lock
 .text.__malloc_unlock
                0x000000000800b794       0x10 C:/ST/STM32CubeIDE_1.13.1/STM32CubeIDE/plugins/com.st.stm32cube.ide.mcu.externaltools.gnu-tools-for-stm32.11.3.rel1.win32_1.1.1.202309131626/tools/bin/../lib/gcc/arm-none-eabi/11.3.1/../../../../arm-none-eabi/lib/thumb/v6-m/nofp\libc.a(libc_a-mlock.o)
                0x000000000800b794                __malloc_unlock
 .text.sulp     0x000000000800b7a4       0x30 C:/ST/STM32CubeIDE_1.13.1/STM32CubeIDE/plugins/com.st.stm32cube.ide.mcu.externaltools.gnu-tools-for-stm32.11.3.rel1.win32_1.1.1.202309131626/tools/bin/../lib/gcc/arm-none-eabi/11.3.1/../../../../arm-none-eabi/lib/thumb/v6-m/nofp\libc.a(libc_a-strtod.o)
 .text._strtod_l
                0x000000000800b7d4      0xc14 C:/ST/STM32CubeIDE_1.13.1/STM32CubeIDE/plugins/com.st.stm32cube.ide.mcu.externaltools.gnu-tools-for-stm32.11.3.rel1.win32_1.1.1.202309131626/tools/bin/../lib/gcc/arm-none-eabi/11.3.1/../../../../arm-none-eabi/lib/thumb/v6-m/nofp\libc.a(libc_a-strtod.o)
                0x000000000800b7d4                _strtod_l
 .text._strtod_r
                0x000000000800c3e8       0x10 C:/ST/STM32CubeIDE_1.13.1/STM32CubeIDE/plugins/com.st.stm32cube.ide.mcu.externaltools.gnu-tools-for-stm32.11.3.rel1.win32_1.1.1.202309131626/tools/bin/../lib/gcc/arm-none-eabi/11.3.1/../../../../arm-none-eabi/lib/thumb/v6-m/nofp\libc.a(libc_a-strtod.o)
                0x000000000800c3e8                _strtod_r
 .text.strtod   0x000000000800c3f8       0x1c C:/ST/STM32CubeIDE_1.13.1/STM32CubeIDE/plugins/com.st.stm32cube.ide.mcu.externaltools.gnu-tools-for-stm32.11.3.rel1.win32_1.1.1.202309131626/tools/bin/../lib/gcc/arm-none-eabi/11.3.1/../../../../arm-none-eabi/lib/thumb/v6-m/nofp\libc.a(libc_a-strtod.o)
                0x000000000800c3f8                strtod
 .text._strtol_l.constprop.0
                0x000000000800c414      0x10c C:/ST/STM32CubeIDE_1.13.1/STM32CubeIDE/plugins/com.st.stm32cube.ide.mcu.externaltools.gnu-tools-for-stm32.11.3.rel1.win32_1.1.1.202309131626/tools/bin/../lib/gcc/arm-none-eabi/11.3.1/../../../../arm-none-eabi/lib/thumb/v6-m/nofp\libc.a(libc_a-strtol.o)
 .text._strtol_r
                0x000000000800c520        0x8 C:/ST/STM32CubeIDE_1.13.1/STM32CubeIDE/plugins/com.st.stm32cube.ide.mcu.externaltools.gnu-tools-for-stm32.11.3.rel1.win32_1.1.1.202309131626/tools/bin/../lib/gcc/arm-none-eabi/11.3.1/../../../../arm-none-eabi/lib/thumb/v6-m/nofp\libc.a(libc_a-strtol.o)
                0x000000000800c520                _strtol_r
 .text.strtol   0x000000000800c528       0x18 C:/ST/STM32CubeIDE_1.13.1/STM32CubeIDE/plugins/com.st.stm32cube.ide.mcu.externaltools.gnu-tools-for-stm32.11.3.rel1.win32_1.1.1.202309131626/tools/bin/../lib/gcc/arm-none-eabi/11.3.1/../../../../arm-none-eabi/lib/thumb/v6-m/nofp\libc.a(libc_a-strtol.o)
                0x000000000800c528                strtol
 .text.std      0x000000000800c540       0x6c C:/ST/STM32CubeIDE_1.13.1/STM32CubeIDE/plugins/com.st.stm32cube.ide.mcu.externaltools.gnu-tools-for-stm32.11.3.rel1.win32_1.1.1.202309131626/tools/bin/../lib/gcc/arm-none-eabi/11.3.1/../../../../arm-none-eabi/lib/thumb/v6-m/nofp\libc.a(libc_a-findfp.o)
 .text.stdio_exit_handler
                0x000000000800c5ac       0x1c C:/ST/STM32CubeIDE_1.13.1/STM32CubeIDE/plugins/com.st.stm32cube.ide.mcu.externaltools.gnu-tools-for-stm32.11.3.rel1.win32_1.1.1.202309131626/tools/bin/../lib/gcc/arm-none-eabi/11.3.1/../../../../arm-none-eabi/lib/thumb/v6-m/nofp\libc.a(libc_a-findfp.o)
 .text.cleanup_stdio
                0x000000000800c5c8       0x3c C:/ST/STM32CubeIDE_1.13.1/STM32CubeIDE/plugins/com.st.stm32cube.ide.mcu.externaltools.gnu-tools-for-stm32.11.3.rel1.win32_1.1.1.202309131626/tools/bin/../lib/gcc/arm-none-eabi/11.3.1/../../../../arm-none-eabi/lib/thumb/v6-m/nofp\libc.a(libc_a-findfp.o)
 .text.global_stdio_init.part.0
                0x000000000800c604       0x3c C:/ST/STM32CubeIDE_1.13.1/STM32CubeIDE/plugins/com.st.stm32cube.ide.mcu.externaltools.gnu-tools-for-stm32.11.3.rel1.win32_1.1.1.202309131626/tools/bin/../lib/gcc/arm-none-eabi/11.3.1/../../../../arm-none-eabi/lib/thumb/v6-m/nofp\libc.a(libc_a-findfp.o)
 .text.__sfp_lock_acquire
                0x000000000800c640       0x10 C:/ST/STM32CubeIDE_1.13.1/STM32CubeIDE/plugins/com.st.stm32cube.ide.mcu.externaltools.gnu-tools-for-stm32.11.3.rel1.win32_1.1.1.202309131626/tools/bin/../lib/gcc/arm-none-eabi/11.3.1/../../../../arm-none-eabi/lib/thumb/v6-m/nofp\libc.a(libc_a-findfp.o)
                0x000000000800c640                __sfp_lock_acquire
 .text.__sfp_lock_release
                0x000000000800c650       0x10 C:/ST/STM32CubeIDE_1.13.1/STM32CubeIDE/plugins/com.st.stm32cube.ide.mcu.externaltools.gnu-tools-for-stm32.11.3.rel1.win32_1.1.1.202309131626/tools/bin/../lib/gcc/arm-none-eabi/11.3.1/../../../../arm-none-eabi/lib/thumb/v6-m/nofp\libc.a(libc_a-findfp.o)
                0x000000000800c650                __sfp_lock_release
 .text.__sinit  0x000000000800c660       0x30 C:/ST/STM32CubeIDE_1.13.1/STM32CubeIDE/plugins/com.st.stm32cube.ide.mcu.externaltools.gnu-tools-for-stm32.11.3.rel1.win32_1.1.1.202309131626/tools/bin/../lib/gcc/arm-none-eabi/11.3.1/../../../../arm-none-eabi/lib/thumb/v6-m/nofp\libc.a(libc_a-findfp.o)
                0x000000000800c660                __sinit
 .text._fwalk_sglue
                0x000000000800c690       0x38 C:/ST/STM32CubeIDE_1.13.1/STM32CubeIDE/plugins/com.st.stm32cube.ide.mcu.externaltools.gnu-tools-for-stm32.11.3.rel1.win32_1.1.1.202309131626/tools/bin/../lib/gcc/arm-none-eabi/11.3.1/../../../../arm-none-eabi/lib/thumb/v6-m/nofp\libc.a(libc_a-fwalk.o)
                0x000000000800c690                _fwalk_sglue
 .text.snprintf
                0x000000000800c6c8       0x68 C:/ST/STM32CubeIDE_1.13.1/STM32CubeIDE/plugins/com.st.stm32cube.ide.mcu.externaltools.gnu-tools-for-stm32.11.3.rel1.win32_1.1.1.202309131626/tools/bin/../lib/gcc/arm-none-eabi/11.3.1/../../../../arm-none-eabi/lib/thumb/v6-m/nofp\libc.a(libc_a-snprintf.o)
                0x000000000800c6c8                snprintf
 .text.sprintf  0x000000000800c730       0x40 C:/ST/STM32CubeIDE_1.13.1/STM32CubeIDE/plugins/com.st.stm32cube.ide.mcu.externaltools.gnu-tools-for-stm32.11.3.rel1.win32_1.1.1.202309131626/tools/bin/../lib/gcc/arm-none-eabi/11.3.1/../../../../arm-none-eabi/lib/thumb/v6-m/nofp\libc.a(libc_a-sprintf.o)
                0x000000000800c730                sprintf
 .text.sscanf   0x000000000800c770       0x50 C:/ST/STM32CubeIDE_1.13.1/STM32CubeIDE/plugins/com.st.stm32cube.ide.mcu.externaltools.gnu-tools-for-stm32.11.3.rel1.win32_1.1.1.202309131626/tools/bin/../lib/gcc/arm-none-eabi/11.3.1/../../../../arm-none-eabi/lib/thumb/v6-m/nofp\libc.a(libc_a-sscanf.o)
                0x000000000800c770                sscanf
 .text.__sread  0x000000000800c7c0       0x28 C:/ST/STM32CubeIDE_1.13.1/STM32CubeIDE/plugins/com.st.stm32cube.ide.mcu.externaltools.gnu-tools-for-stm32.11.3.rel1.win32_1.1.1.202309131626/tools/bin/../lib/gcc/arm-none-eabi/11.3.1/../../../../arm-none-eabi/lib/thumb/v6-m/nofp\libc.a(libc_a-stdio.o)
                0x000000000800c7c0                __sread
 .text.__seofread
                0x000000000800c7e8        0x4 C:/ST/STM32CubeIDE_1.13.1/STM32CubeIDE/plugins/com.st.stm32cube.ide.mcu.externaltools.gnu-tools-for-stm32.11.3.rel1.win32_1.1.1.202309131626/tools/bin/../lib/gcc/arm-none-eabi/11.3.1/../../../../arm-none-eabi/lib/thumb/v6-m/nofp\libc.a(libc_a-stdio.o)
                0x000000000800c7e8                __seofread
 .text.__swrite
                0x000000000800c7ec       0x38 C:/ST/STM32CubeIDE_1.13.1/STM32CubeIDE/plugins/com.st.stm32cube.ide.mcu.externaltools.gnu-tools-for-stm32.11.3.rel1.win32_1.1.1.202309131626/tools/bin/../lib/gcc/arm-none-eabi/11.3.1/../../../../arm-none-eabi/lib/thumb/v6-m/nofp\libc.a(libc_a-stdio.o)
                0x000000000800c7ec                __swrite
 .text.__sseek  0x000000000800c824       0x2c C:/ST/STM32CubeIDE_1.13.1/STM32CubeIDE/plugins/com.st.stm32cube.ide.mcu.externaltools.gnu-tools-for-stm32.11.3.rel1.win32_1.1.1.202309131626/tools/bin/../lib/gcc/arm-none-eabi/11.3.1/../../../../arm-none-eabi/lib/thumb/v6-m/nofp\libc.a(libc_a-stdio.o)
                0x000000000800c824                __sseek
 .text.__sclose
                0x000000000800c850        0xc C:/ST/STM32CubeIDE_1.13.1/STM32CubeIDE/plugins/com.st.stm32cube.ide.mcu.externaltools.gnu-tools-for-stm32.11.3.rel1.win32_1.1.1.202309131626/tools/bin/../lib/gcc/arm-none-eabi/11.3.1/../../../../arm-none-eabi/lib/thumb/v6-m/nofp\libc.a(libc_a-stdio.o)
                0x000000000800c850                __sclose
 .text.memset   0x000000000800c85c       0x10 C:/ST/STM32CubeIDE_1.13.1/STM32CubeIDE/plugins/com.st.stm32cube.ide.mcu.externaltools.gnu-tools-for-stm32.11.3.rel1.win32_1.1.1.202309131626/tools/bin/../lib/gcc/arm-none-eabi/11.3.1/../../../../arm-none-eabi/lib/thumb/v6-m/nofp\libc.a(libc_a-memset.o)
                0x000000000800c85c                memset
 .text.strncmp  0x000000000800c86c       0x22 C:/ST/STM32CubeIDE_1.13.1/STM32CubeIDE/plugins/com.st.stm32cube.ide.mcu.externaltools.gnu-tools-for-stm32.11.3.rel1.win32_1.1.1.202309131626/tools/bin/../lib/gcc/arm-none-eabi/11.3.1/../../../../arm-none-eabi/lib/thumb/v6-m/nofp\libc.a(libc_a-strncmp.o)
                0x000000000800c86c                strncmp
 .text.strncpy  0x000000000800c88e       0x28 C:/ST/STM32CubeIDE_1.13.1/STM32CubeIDE/plugins/com.st.stm32cube.ide.mcu.externaltools.gnu-tools-for-stm32.11.3.rel1.win32_1.1.1.202309131626/tools/bin/../lib/gcc/arm-none-eabi/11.3.1/../../../../arm-none-eabi/lib/thumb/v6-m/nofp\libc.a(libc_a-strncpy.o)
                0x000000000800c88e                strncpy
 .text.strstr   0x000000000800c8b6       0x2c C:/ST/STM32CubeIDE_1.13.1/STM32CubeIDE/plugins/com.st.stm32cube.ide.mcu.externaltools.gnu-tools-for-stm32.11.3.rel1.win32_1.1.1.202309131626/tools/bin/../lib/gcc/arm-none-eabi/11.3.1/../../../../arm-none-eabi/lib/thumb/v6-m/nofp\libc.a(libc_a-strstr.o)
                0x000000000800c8b6                strstr
 *fill*         0x000000000800c8e2        0x2 
 .text.__locale_mb_cur_max
                0x000000000800c8e4       0x10 C:/ST/STM32CubeIDE_1.13.1/STM32CubeIDE/plugins/com.st.stm32cube.ide.mcu.externaltools.gnu-tools-for-stm32.11.3.rel1.win32_1.1.1.202309131626/tools/bin/../lib/gcc/arm-none-eabi/11.3.1/../../../../arm-none-eabi/lib/thumb/v6-m/nofp\libc.a(libc_a-locale.o)
                0x000000000800c8e4                __locale_mb_cur_max
 .text._close_r
                0x000000000800c8f4       0x24 C:/ST/STM32CubeIDE_1.13.1/STM32CubeIDE/plugins/com.st.stm32cube.ide.mcu.externaltools.gnu-tools-for-stm32.11.3.rel1.win32_1.1.1.202309131626/tools/bin/../lib/gcc/arm-none-eabi/11.3.1/../../../../arm-none-eabi/lib/thumb/v6-m/nofp\libc.a(libc_a-closer.o)
                0x000000000800c8f4                _close_r
 .text._lseek_r
                0x000000000800c918       0x28 C:/ST/STM32CubeIDE_1.13.1/STM32CubeIDE/plugins/com.st.stm32cube.ide.mcu.externaltools.gnu-tools-for-stm32.11.3.rel1.win32_1.1.1.202309131626/tools/bin/../lib/gcc/arm-none-eabi/11.3.1/../../../../arm-none-eabi/lib/thumb/v6-m/nofp\libc.a(libc_a-lseekr.o)
                0x000000000800c918                _lseek_r
 .text._read_r  0x000000000800c940       0x28 C:/ST/STM32CubeIDE_1.13.1/STM32CubeIDE/plugins/com.st.stm32cube.ide.mcu.externaltools.gnu-tools-for-stm32.11.3.rel1.win32_1.1.1.202309131626/tools/bin/../lib/gcc/arm-none-eabi/11.3.1/../../../../arm-none-eabi/lib/thumb/v6-m/nofp\libc.a(libc_a-readr.o)
                0x000000000800c940                _read_r
 .text._sbrk_r  0x000000000800c968       0x24 C:/ST/STM32CubeIDE_1.13.1/STM32CubeIDE/plugins/com.st.stm32cube.ide.mcu.externaltools.gnu-tools-for-stm32.11.3.rel1.win32_1.1.1.202309131626/tools/bin/../lib/gcc/arm-none-eabi/11.3.1/../../../../arm-none-eabi/lib/thumb/v6-m/nofp\libc.a(libc_a-sbrkr.o)
                0x000000000800c968                _sbrk_r
 .text._write_r
                0x000000000800c98c       0x28 C:/ST/STM32CubeIDE_1.13.1/STM32CubeIDE/plugins/com.st.stm32cube.ide.mcu.externaltools.gnu-tools-for-stm32.11.3.rel1.win32_1.1.1.202309131626/tools/bin/../lib/gcc/arm-none-eabi/11.3.1/../../../../arm-none-eabi/lib/thumb/v6-m/nofp\libc.a(libc_a-writer.o)
                0x000000000800c98c                _write_r
 .text.__errno  0x000000000800c9b4        0xc C:/ST/STM32CubeIDE_1.13.1/STM32CubeIDE/plugins/com.st.stm32cube.ide.mcu.externaltools.gnu-tools-for-stm32.11.3.rel1.win32_1.1.1.202309131626/tools/bin/../lib/gcc/arm-none-eabi/11.3.1/../../../../arm-none-eabi/lib/thumb/v6-m/nofp\libc.a(libc_a-errno.o)
                0x000000000800c9b4                __errno
 .text.__libc_init_array
                0x000000000800c9c0       0x48 C:/ST/STM32CubeIDE_1.13.1/STM32CubeIDE/plugins/com.st.stm32cube.ide.mcu.externaltools.gnu-tools-for-stm32.11.3.rel1.win32_1.1.1.202309131626/tools/bin/../lib/gcc/arm-none-eabi/11.3.1/../../../../arm-none-eabi/lib/thumb/v6-m/nofp\libc.a(libc_a-init.o)
                0x000000000800c9c0                __libc_init_array
 .text.__retarget_lock_init_recursive
                0x000000000800ca08        0x2 C:/ST/STM32CubeIDE_1.13.1/STM32CubeIDE/plugins/com.st.stm32cube.ide.mcu.externaltools.gnu-tools-for-stm32.11.3.rel1.win32_1.1.1.202309131626/tools/bin/../lib/gcc/arm-none-eabi/11.3.1/../../../../arm-none-eabi/lib/thumb/v6-m/nofp\libc.a(libc_a-lock.o)
                0x000000000800ca08                __retarget_lock_init_recursive
 .text.__retarget_lock_close_recursive
                0x000000000800ca0a        0x2 C:/ST/STM32CubeIDE_1.13.1/STM32CubeIDE/plugins/com.st.stm32cube.ide.mcu.externaltools.gnu-tools-for-stm32.11.3.rel1.win32_1.1.1.202309131626/tools/bin/../lib/gcc/arm-none-eabi/11.3.1/../../../../arm-none-eabi/lib/thumb/v6-m/nofp\libc.a(libc_a-lock.o)
                0x000000000800ca0a                __retarget_lock_close_recursive
 .text.__retarget_lock_acquire_recursive
                0x000000000800ca0c        0x2 C:/ST/STM32CubeIDE_1.13.1/STM32CubeIDE/plugins/com.st.stm32cube.ide.mcu.externaltools.gnu-tools-for-stm32.11.3.rel1.win32_1.1.1.202309131626/tools/bin/../lib/gcc/arm-none-eabi/11.3.1/../../../../arm-none-eabi/lib/thumb/v6-m/nofp\libc.a(libc_a-lock.o)
                0x000000000800ca0c                __retarget_lock_acquire_recursive
 .text.__retarget_lock_release_recursive
                0x000000000800ca0e        0x2 C:/ST/STM32CubeIDE_1.13.1/STM32CubeIDE/plugins/com.st.stm32cube.ide.mcu.externaltools.gnu-tools-for-stm32.11.3.rel1.win32_1.1.1.202309131626/tools/bin/../lib/gcc/arm-none-eabi/11.3.1/../../../../arm-none-eabi/lib/thumb/v6-m/nofp\libc.a(libc_a-lock.o)
                0x000000000800ca0e                __retarget_lock_release_recursive
 .text.sysconf  0x000000000800ca10       0x16 C:/ST/STM32CubeIDE_1.13.1/STM32CubeIDE/plugins/com.st.stm32cube.ide.mcu.externaltools.gnu-tools-for-stm32.11.3.rel1.win32_1.1.1.202309131626/tools/bin/../lib/gcc/arm-none-eabi/11.3.1/../../../../arm-none-eabi/lib/thumb/v6-m/nofp\libc.a(libc_a-sysconf.o)
                0x000000000800ca10                sysconf
 .text.memcpy   0x000000000800ca26       0x12 C:/ST/STM32CubeIDE_1.13.1/STM32CubeIDE/plugins/com.st.stm32cube.ide.mcu.externaltools.gnu-tools-for-stm32.11.3.rel1.win32_1.1.1.202309131626/tools/bin/../lib/gcc/arm-none-eabi/11.3.1/../../../../arm-none-eabi/lib/thumb/v6-m/nofp\libc.a(libc_a-memcpy-stub.o)
                0x000000000800ca26                memcpy
 .text.nan      0x000000000800ca38        0xc C:/ST/STM32CubeIDE_1.13.1/STM32CubeIDE/plugins/com.st.stm32cube.ide.mcu.externaltools.gnu-tools-for-stm32.11.3.rel1.win32_1.1.1.202309131626/tools/bin/../lib/gcc/arm-none-eabi/11.3.1/../../../../arm-none-eabi/lib/thumb/v6-m/nofp\libc.a(libm_a-s_nan.o)
                0x000000000800ca38                nan
 .text.nanf     0x000000000800ca44        0x8 C:/ST/STM32CubeIDE_1.13.1/STM32CubeIDE/plugins/com.st.stm32cube.ide.mcu.externaltools.gnu-tools-for-stm32.11.3.rel1.win32_1.1.1.202309131626/tools/bin/../lib/gcc/arm-none-eabi/11.3.1/../../../../arm-none-eabi/lib/thumb/v6-m/nofp\libc.a(libm_a-sf_nan.o)
                0x000000000800ca44                nanf
 .text.startup.register_fini
                0x000000000800ca4c       0x18 C:/ST/STM32CubeIDE_1.13.1/STM32CubeIDE/plugins/com.st.stm32cube.ide.mcu.externaltools.gnu-tools-for-stm32.11.3.rel1.win32_1.1.1.202309131626/tools/bin/../lib/gcc/arm-none-eabi/11.3.1/../../../../arm-none-eabi/lib/thumb/v6-m/nofp\libc.a(libc_a-__call_atexit.o)
 .text.atexit   0x000000000800ca64       0x10 C:/ST/STM32CubeIDE_1.13.1/STM32CubeIDE/plugins/com.st.stm32cube.ide.mcu.externaltools.gnu-tools-for-stm32.11.3.rel1.win32_1.1.1.202309131626/tools/bin/../lib/gcc/arm-none-eabi/11.3.1/../../../../arm-none-eabi/lib/thumb/v6-m/nofp\libc.a(libc_a-atexit.o)
                0x000000000800ca64                atexit
 .text._malloc_trim_r
                0x000000000800ca74       0xa8 C:/ST/STM32CubeIDE_1.13.1/STM32CubeIDE/plugins/com.st.stm32cube.ide.mcu.externaltools.gnu-tools-for-stm32.11.3.rel1.win32_1.1.1.202309131626/tools/bin/../lib/gcc/arm-none-eabi/11.3.1/../../../../arm-none-eabi/lib/thumb/v6-m/nofp\libc.a(libc_a-freer.o)
                0x000000000800ca74                _malloc_trim_r
 .text._free_r  0x000000000800cb1c      0x164 C:/ST/STM32CubeIDE_1.13.1/STM32CubeIDE/plugins/com.st.stm32cube.ide.mcu.externaltools.gnu-tools-for-stm32.11.3.rel1.win32_1.1.1.202309131626/tools/bin/../lib/gcc/arm-none-eabi/11.3.1/../../../../arm-none-eabi/lib/thumb/v6-m/nofp\libc.a(libc_a-freer.o)
                0x000000000800cb1c                _free_r
 .text.rshift   0x000000000800cc80       0xaa C:/ST/STM32CubeIDE_1.13.1/STM32CubeIDE/plugins/com.st.stm32cube.ide.mcu.externaltools.gnu-tools-for-stm32.11.3.rel1.win32_1.1.1.202309131626/tools/bin/../lib/gcc/arm-none-eabi/11.3.1/../../../../arm-none-eabi/lib/thumb/v6-m/nofp\libc.a(libc_a-gdtoa-gethex.o)
 .text.__hexdig_fun
                0x000000000800cd2a       0x2a C:/ST/STM32CubeIDE_1.13.1/STM32CubeIDE/plugins/com.st.stm32cube.ide.mcu.externaltools.gnu-tools-for-stm32.11.3.rel1.win32_1.1.1.202309131626/tools/bin/../lib/gcc/arm-none-eabi/11.3.1/../../../../arm-none-eabi/lib/thumb/v6-m/nofp\libc.a(libc_a-gdtoa-gethex.o)
                0x000000000800cd2a                __hexdig_fun
 .text.__gethex
                0x000000000800cd54      0x448 C:/ST/STM32CubeIDE_1.13.1/STM32CubeIDE/plugins/com.st.stm32cube.ide.mcu.externaltools.gnu-tools-for-stm32.11.3.rel1.win32_1.1.1.202309131626/tools/bin/../lib/gcc/arm-none-eabi/11.3.1/../../../../arm-none-eabi/lib/thumb/v6-m/nofp\libc.a(libc_a-gdtoa-gethex.o)
                0x000000000800cd54                __gethex
 .text.L_shift  0x000000000800d19c       0x24 C:/ST/STM32CubeIDE_1.13.1/STM32CubeIDE/plugins/com.st.stm32cube.ide.mcu.externaltools.gnu-tools-for-stm32.11.3.rel1.win32_1.1.1.202309131626/tools/bin/../lib/gcc/arm-none-eabi/11.3.1/../../../../arm-none-eabi/lib/thumb/v6-m/nofp\libc.a(libc_a-gdtoa-hexnan.o)
 .text.__match  0x000000000800d1c0       0x28 C:/ST/STM32CubeIDE_1.13.1/STM32CubeIDE/plugins/com.st.stm32cube.ide.mcu.externaltools.gnu-tools-for-stm32.11.3.rel1.win32_1.1.1.202309131626/tools/bin/../lib/gcc/arm-none-eabi/11.3.1/../../../../arm-none-eabi/lib/thumb/v6-m/nofp\libc.a(libc_a-gdtoa-hexnan.o)
                0x000000000800d1c0                __match
 .text.__hexnan
                0x000000000800d1e8      0x150 C:/ST/STM32CubeIDE_1.13.1/STM32CubeIDE/plugins/com.st.stm32cube.ide.mcu.externaltools.gnu-tools-for-stm32.11.3.rel1.win32_1.1.1.202309131626/tools/bin/../lib/gcc/arm-none-eabi/11.3.1/../../../../arm-none-eabi/lib/thumb/v6-m/nofp\libc.a(libc_a-gdtoa-hexnan.o)
                0x000000000800d1e8                __hexnan
 .text.__ascii_mbtowc
                0x000000000800d338       0x24 C:/ST/STM32CubeIDE_1.13.1/STM32CubeIDE/plugins/com.st.stm32cube.ide.mcu.externaltools.gnu-tools-for-stm32.11.3.rel1.win32_1.1.1.202309131626/tools/bin/../lib/gcc/arm-none-eabi/11.3.1/../../../../arm-none-eabi/lib/thumb/v6-m/nofp\libc.a(libc_a-mbtowc_r.o)
                0x000000000800d338                __ascii_mbtowc
 .text._Balloc  0x000000000800d35c       0x50 C:/ST/STM32CubeIDE_1.13.1/STM32CubeIDE/plugins/com.st.stm32cube.ide.mcu.externaltools.gnu-tools-for-stm32.11.3.rel1.win32_1.1.1.202309131626/tools/bin/../lib/gcc/arm-none-eabi/11.3.1/../../../../arm-none-eabi/lib/thumb/v6-m/nofp\libc.a(libc_a-mprec.o)
                0x000000000800d35c                _Balloc
 .text._Bfree   0x000000000800d3ac       0x14 C:/ST/STM32CubeIDE_1.13.1/STM32CubeIDE/plugins/com.st.stm32cube.ide.mcu.externaltools.gnu-tools-for-stm32.11.3.rel1.win32_1.1.1.202309131626/tools/bin/../lib/gcc/arm-none-eabi/11.3.1/../../../../arm-none-eabi/lib/thumb/v6-m/nofp\libc.a(libc_a-mprec.o)
                0x000000000800d3ac                _Bfree
 .text.__multadd
                0x000000000800d3c0       0x88 C:/ST/STM32CubeIDE_1.13.1/STM32CubeIDE/plugins/com.st.stm32cube.ide.mcu.externaltools.gnu-tools-for-stm32.11.3.rel1.win32_1.1.1.202309131626/tools/bin/../lib/gcc/arm-none-eabi/11.3.1/../../../../arm-none-eabi/lib/thumb/v6-m/nofp\libc.a(libc_a-mprec.o)
                0x000000000800d3c0                __multadd
 .text.__s2b    0x000000000800d448       0x98 C:/ST/STM32CubeIDE_1.13.1/STM32CubeIDE/plugins/com.st.stm32cube.ide.mcu.externaltools.gnu-tools-for-stm32.11.3.rel1.win32_1.1.1.202309131626/tools/bin/../lib/gcc/arm-none-eabi/11.3.1/../../../../arm-none-eabi/lib/thumb/v6-m/nofp\libc.a(libc_a-mprec.o)
                0x000000000800d448                __s2b
 .text.__hi0bits
                0x000000000800d4e0       0x34 C:/ST/STM32CubeIDE_1.13.1/STM32CubeIDE/plugins/com.st.stm32cube.ide.mcu.externaltools.gnu-tools-for-stm32.11.3.rel1.win32_1.1.1.202309131626/tools/bin/../lib/gcc/arm-none-eabi/11.3.1/../../../../arm-none-eabi/lib/thumb/v6-m/nofp\libc.a(libc_a-mprec.o)
                0x000000000800d4e0                __hi0bits
 .text.__lo0bits
                0x000000000800d514       0x5c C:/ST/STM32CubeIDE_1.13.1/STM32CubeIDE/plugins/com.st.stm32cube.ide.mcu.externaltools.gnu-tools-for-stm32.11.3.rel1.win32_1.1.1.202309131626/tools/bin/../lib/gcc/arm-none-eabi/11.3.1/../../../../arm-none-eabi/lib/thumb/v6-m/nofp\libc.a(libc_a-mprec.o)
                0x000000000800d514                __lo0bits
 .text.__i2b    0x000000000800d570       0x30 C:/ST/STM32CubeIDE_1.13.1/STM32CubeIDE/plugins/com.st.stm32cube.ide.mcu.externaltools.gnu-tools-for-stm32.11.3.rel1.win32_1.1.1.202309131626/tools/bin/../lib/gcc/arm-none-eabi/11.3.1/../../../../arm-none-eabi/lib/thumb/v6-m/nofp\libc.a(libc_a-mprec.o)
                0x000000000800d570                __i2b
 .text.__multiply
                0x000000000800d5a0      0x160 C:/ST/STM32CubeIDE_1.13.1/STM32CubeIDE/plugins/com.st.stm32cube.ide.mcu.externaltools.gnu-tools-for-stm32.11.3.rel1.win32_1.1.1.202309131626/tools/bin/../lib/gcc/arm-none-eabi/11.3.1/../../../../arm-none-eabi/lib/thumb/v6-m/nofp\libc.a(libc_a-mprec.o)
                0x000000000800d5a0                __multiply
 .text.__pow5mult
                0x000000000800d700       0x84 C:/ST/STM32CubeIDE_1.13.1/STM32CubeIDE/plugins/com.st.stm32cube.ide.mcu.externaltools.gnu-tools-for-stm32.11.3.rel1.win32_1.1.1.202309131626/tools/bin/../lib/gcc/arm-none-eabi/11.3.1/../../../../arm-none-eabi/lib/thumb/v6-m/nofp\libc.a(libc_a-mprec.o)
                0x000000000800d700                __pow5mult
 .text.__lshift
                0x000000000800d784       0xdc C:/ST/STM32CubeIDE_1.13.1/STM32CubeIDE/plugins/com.st.stm32cube.ide.mcu.externaltools.gnu-tools-for-stm32.11.3.rel1.win32_1.1.1.202309131626/tools/bin/../lib/gcc/arm-none-eabi/11.3.1/../../../../arm-none-eabi/lib/thumb/v6-m/nofp\libc.a(libc_a-mprec.o)
                0x000000000800d784                __lshift
 .text.__mcmp   0x000000000800d860       0x38 C:/ST/STM32CubeIDE_1.13.1/STM32CubeIDE/plugins/com.st.stm32cube.ide.mcu.externaltools.gnu-tools-for-stm32.11.3.rel1.win32_1.1.1.202309131626/tools/bin/../lib/gcc/arm-none-eabi/11.3.1/../../../../arm-none-eabi/lib/thumb/v6-m/nofp\libc.a(libc_a-mprec.o)
                0x000000000800d860                __mcmp
 .text.__mdiff  0x000000000800d898      0x130 C:/ST/STM32CubeIDE_1.13.1/STM32CubeIDE/plugins/com.st.stm32cube.ide.mcu.externaltools.gnu-tools-for-stm32.11.3.rel1.win32_1.1.1.202309131626/tools/bin/../lib/gcc/arm-none-eabi/11.3.1/../../../../arm-none-eabi/lib/thumb/v6-m/nofp\libc.a(libc_a-mprec.o)
                0x000000000800d898                __mdiff
 .text.__ulp    0x000000000800d9c8       0x38 C:/ST/STM32CubeIDE_1.13.1/STM32CubeIDE/plugins/com.st.stm32cube.ide.mcu.externaltools.gnu-tools-for-stm32.11.3.rel1.win32_1.1.1.202309131626/tools/bin/../lib/gcc/arm-none-eabi/11.3.1/../../../../arm-none-eabi/lib/thumb/v6-m/nofp\libc.a(libc_a-mprec.o)
                0x000000000800d9c8                __ulp
 .text.__b2d    0x000000000800da00       0x98 C:/ST/STM32CubeIDE_1.13.1/STM32CubeIDE/plugins/com.st.stm32cube.ide.mcu.externaltools.gnu-tools-for-stm32.11.3.rel1.win32_1.1.1.202309131626/tools/bin/../lib/gcc/arm-none-eabi/11.3.1/../../../../arm-none-eabi/lib/thumb/v6-m/nofp\libc.a(libc_a-mprec.o)
                0x000000000800da00                __b2d
 .text.__d2b    0x000000000800da98       0xc0 C:/ST/STM32CubeIDE_1.13.1/STM32CubeIDE/plugins/com.st.stm32cube.ide.mcu.externaltools.gnu-tools-for-stm32.11.3.rel1.win32_1.1.1.202309131626/tools/bin/../lib/gcc/arm-none-eabi/11.3.1/../../../../arm-none-eabi/lib/thumb/v6-m/nofp\libc.a(libc_a-mprec.o)
                0x000000000800da98                __d2b
 .text.__ratio  0x000000000800db58       0x52 C:/ST/STM32CubeIDE_1.13.1/STM32CubeIDE/plugins/com.st.stm32cube.ide.mcu.externaltools.gnu-tools-for-stm32.11.3.rel1.win32_1.1.1.202309131626/tools/bin/../lib/gcc/arm-none-eabi/11.3.1/../../../../arm-none-eabi/lib/thumb/v6-m/nofp\libc.a(libc_a-mprec.o)
                0x000000000800db58                __ratio
 .text.__copybits
                0x000000000800dbaa       0x42 C:/ST/STM32CubeIDE_1.13.1/STM32CubeIDE/plugins/com.st.stm32cube.ide.mcu.externaltools.gnu-tools-for-stm32.11.3.rel1.win32_1.1.1.202309131626/tools/bin/../lib/gcc/arm-none-eabi/11.3.1/../../../../arm-none-eabi/lib/thumb/v6-m/nofp\libc.a(libc_a-mprec.o)
                0x000000000800dbaa                __copybits
 .text.__any_on
                0x000000000800dbec       0x46 C:/ST/STM32CubeIDE_1.13.1/STM32CubeIDE/plugins/com.st.stm32cube.ide.mcu.externaltools.gnu-tools-for-stm32.11.3.rel1.win32_1.1.1.202309131626/tools/bin/../lib/gcc/arm-none-eabi/11.3.1/../../../../arm-none-eabi/lib/thumb/v6-m/nofp\libc.a(libc_a-mprec.o)
                0x000000000800dbec                __any_on
 .text.__ascii_wctomb
                0x000000000800dc32       0x1a C:/ST/STM32CubeIDE_1.13.1/STM32CubeIDE/plugins/com.st.stm32cube.ide.mcu.externaltools.gnu-tools-for-stm32.11.3.rel1.win32_1.1.1.202309131626/tools/bin/../lib/gcc/arm-none-eabi/11.3.1/../../../../arm-none-eabi/lib/thumb/v6-m/nofp\libc.a(libc_a-wctomb_r.o)
                0x000000000800dc32                __ascii_wctomb
 .text._svfprintf_r
                0x000000000800dc4c     0x1484 C:/ST/STM32CubeIDE_1.13.1/STM32CubeIDE/plugins/com.st.stm32cube.ide.mcu.externaltools.gnu-tools-for-stm32.11.3.rel1.win32_1.1.1.202309131626/tools/bin/../lib/gcc/arm-none-eabi/11.3.1/../../../../arm-none-eabi/lib/thumb/v6-m/nofp\libc.a(libc_a-svfprintf.o)
                0x000000000800dc4c                _svfprintf_r
 .text.__ssvfscanf_r
                0x000000000800f0d0     0x1438 C:/ST/STM32CubeIDE_1.13.1/STM32CubeIDE/plugins/com.st.stm32cube.ide.mcu.externaltools.gnu-tools-for-stm32.11.3.rel1.win32_1.1.1.202309131626/tools/bin/../lib/gcc/arm-none-eabi/11.3.1/../../../../arm-none-eabi/lib/thumb/v6-m/nofp\libc.a(libc_a-svfscanf.o)
                0x000000000800f0d0                __ssvfscanf_r
 .text._fclose_r
                0x0000000008010508       0xbe C:/ST/STM32CubeIDE_1.13.1/STM32CubeIDE/plugins/com.st.stm32cube.ide.mcu.externaltools.gnu-tools-for-stm32.11.3.rel1.win32_1.1.1.202309131626/tools/bin/../lib/gcc/arm-none-eabi/11.3.1/../../../../arm-none-eabi/lib/thumb/v6-m/nofp\libc.a(libc_a-fclose.o)
                0x0000000008010508                _fclose_r
 *fill*         0x00000000080105c6        0x2 
 .text.__sflush_r
                0x00000000080105c8      0x12c C:/ST/STM32CubeIDE_1.13.1/STM32CubeIDE/plugins/com.st.stm32cube.ide.mcu.externaltools.gnu-tools-for-stm32.11.3.rel1.win32_1.1.1.202309131626/tools/bin/../lib/gcc/arm-none-eabi/11.3.1/../../../../arm-none-eabi/lib/thumb/v6-m/nofp\libc.a(libc_a-fflush.o)
                0x00000000080105c8                __sflush_r
 .text._fflush_r
                0x00000000080106f4       0x4c C:/ST/STM32CubeIDE_1.13.1/STM32CubeIDE/plugins/com.st.stm32cube.ide.mcu.externaltools.gnu-tools-for-stm32.11.3.rel1.win32_1.1.1.202309131626/tools/bin/../lib/gcc/arm-none-eabi/11.3.1/../../../../arm-none-eabi/lib/thumb/v6-m/nofp\libc.a(libc_a-fflush.o)
                0x00000000080106f4                _fflush_r
 .text.__sccl   0x0000000008010740       0x78 C:/ST/STM32CubeIDE_1.13.1/STM32CubeIDE/plugins/com.st.stm32cube.ide.mcu.externaltools.gnu-tools-for-stm32.11.3.rel1.win32_1.1.1.202309131626/tools/bin/../lib/gcc/arm-none-eabi/11.3.1/../../../../arm-none-eabi/lib/thumb/v6-m/nofp\libc.a(libc_a-sccl.o)
                0x0000000008010740                __sccl
 .text._localeconv_r
                0x00000000080107b8        0x8 C:/ST/STM32CubeIDE_1.13.1/STM32CubeIDE/plugins/com.st.stm32cube.ide.mcu.externaltools.gnu-tools-for-stm32.11.3.rel1.win32_1.1.1.202309131626/tools/bin/../lib/gcc/arm-none-eabi/11.3.1/../../../../arm-none-eabi/lib/thumb/v6-m/nofp\libc.a(libc_a-localeconv.o)
                0x00000000080107b8                _localeconv_r
 .text.__libc_fini_array
                0x00000000080107c0       0x28 C:/ST/STM32CubeIDE_1.13.1/STM32CubeIDE/plugins/com.st.stm32cube.ide.mcu.externaltools.gnu-tools-for-stm32.11.3.rel1.win32_1.1.1.202309131626/tools/bin/../lib/gcc/arm-none-eabi/11.3.1/../../../../arm-none-eabi/lib/thumb/v6-m/nofp\libc.a(libc_a-fini.o)
                0x00000000080107c0                __libc_fini_array
 .text.memchr   0x00000000080107e8       0x16 C:/ST/STM32CubeIDE_1.13.1/STM32CubeIDE/plugins/com.st.stm32cube.ide.mcu.externaltools.gnu-tools-for-stm32.11.3.rel1.win32_1.1.1.202309131626/tools/bin/../lib/gcc/arm-none-eabi/11.3.1/../../../../arm-none-eabi/lib/thumb/v6-m/nofp\libc.a(libc_a-memchr-stub.o)
                0x00000000080107e8                memchr
 *fill*         0x00000000080107fe        0x2 
 .text.frexp    0x0000000008010800       0x64 C:/ST/STM32CubeIDE_1.13.1/STM32CubeIDE/plugins/com.st.stm32cube.ide.mcu.externaltools.gnu-tools-for-stm32.11.3.rel1.win32_1.1.1.202309131626/tools/bin/../lib/gcc/arm-none-eabi/11.3.1/../../../../arm-none-eabi/lib/thumb/v6-m/nofp\libc.a(libm_a-s_frexp.o)
                0x0000000008010800                frexp
 .text.__register_exitproc
                0x0000000008010864       0x80 C:/ST/STM32CubeIDE_1.13.1/STM32CubeIDE/plugins/com.st.stm32cube.ide.mcu.externaltools.gnu-tools-for-stm32.11.3.rel1.win32_1.1.1.202309131626/tools/bin/../lib/gcc/arm-none-eabi/11.3.1/../../../../arm-none-eabi/lib/thumb/v6-m/nofp\libc.a(libc_a-__atexit.o)
                0x0000000008010864                __register_exitproc
 .text.__assert_func
                0x00000000080108e4       0x3c C:/ST/STM32CubeIDE_1.13.1/STM32CubeIDE/plugins/com.st.stm32cube.ide.mcu.externaltools.gnu-tools-for-stm32.11.3.rel1.win32_1.1.1.202309131626/tools/bin/../lib/gcc/arm-none-eabi/11.3.1/../../../../arm-none-eabi/lib/thumb/v6-m/nofp\libc.a(libc_a-assert.o)
                0x00000000080108e4                __assert_func
 .text._calloc_r
                0x0000000008010920       0x9c C:/ST/STM32CubeIDE_1.13.1/STM32CubeIDE/plugins/com.st.stm32cube.ide.mcu.externaltools.gnu-tools-for-stm32.11.3.rel1.win32_1.1.1.202309131626/tools/bin/../lib/gcc/arm-none-eabi/11.3.1/../../../../arm-none-eabi/lib/thumb/v6-m/nofp\libc.a(libc_a-callocr.o)
                0x0000000008010920                _calloc_r
 .text.quorem   0x00000000080109bc      0x11e C:/ST/STM32CubeIDE_1.13.1/STM32CubeIDE/plugins/com.st.stm32cube.ide.mcu.externaltools.gnu-tools-for-stm32.11.3.rel1.win32_1.1.1.202309131626/tools/bin/../lib/gcc/arm-none-eabi/11.3.1/../../../../arm-none-eabi/lib/thumb/v6-m/nofp\libc.a(libc_a-dtoa.o)
 *fill*         0x0000000008010ada        0x2 
 .text._dtoa_r  0x0000000008010adc      0xbe8 C:/ST/STM32CubeIDE_1.13.1/STM32CubeIDE/plugins/com.st.stm32cube.ide.mcu.externaltools.gnu-tools-for-stm32.11.3.rel1.win32_1.1.1.202309131626/tools/bin/../lib/gcc/arm-none-eabi/11.3.1/../../../../arm-none-eabi/lib/thumb/v6-m/nofp\libc.a(libc_a-dtoa.o)
                0x0000000008010adc                _dtoa_r
 .text.realloc  0x00000000080116c4       0x14 C:/ST/STM32CubeIDE_1.13.1/STM32CubeIDE/plugins/com.st.stm32cube.ide.mcu.externaltools.gnu-tools-for-stm32.11.3.rel1.win32_1.1.1.202309131626/tools/bin/../lib/gcc/arm-none-eabi/11.3.1/../../../../arm-none-eabi/lib/thumb/v6-m/nofp\libc.a(libc_a-realloc.o)
                0x00000000080116c4                realloc
 .text._realloc_r
                0x00000000080116d8      0x34c C:/ST/STM32CubeIDE_1.13.1/STM32CubeIDE/plugins/com.st.stm32cube.ide.mcu.externaltools.gnu-tools-for-stm32.11.3.rel1.win32_1.1.1.202309131626/tools/bin/../lib/gcc/arm-none-eabi/11.3.1/../../../../arm-none-eabi/lib/thumb/v6-m/nofp\libc.a(libc_a-reallocr.o)
                0x00000000080116d8                _realloc_r
 .text._strtoul_l.constprop.0
                0x0000000008011a24      0x104 C:/ST/STM32CubeIDE_1.13.1/STM32CubeIDE/plugins/com.st.stm32cube.ide.mcu.externaltools.gnu-tools-for-stm32.11.3.rel1.win32_1.1.1.202309131626/tools/bin/../lib/gcc/arm-none-eabi/11.3.1/../../../../arm-none-eabi/lib/thumb/v6-m/nofp\libc.a(libc_a-strtoul.o)
 .text._strtoul_r
                0x0000000008011b28        0x8 C:/ST/STM32CubeIDE_1.13.1/STM32CubeIDE/plugins/com.st.stm32cube.ide.mcu.externaltools.gnu-tools-for-stm32.11.3.rel1.win32_1.1.1.202309131626/tools/bin/../lib/gcc/arm-none-eabi/11.3.1/../../../../arm-none-eabi/lib/thumb/v6-m/nofp\libc.a(libc_a-strtoul.o)
                0x0000000008011b28                _strtoul_r
 .text._strtoll_l.constprop.0
                0x0000000008011b30      0x15c C:/ST/STM32CubeIDE_1.13.1/STM32CubeIDE/plugins/com.st.stm32cube.ide.mcu.externaltools.gnu-tools-for-stm32.11.3.rel1.win32_1.1.1.202309131626/tools/bin/../lib/gcc/arm-none-eabi/11.3.1/../../../../arm-none-eabi/lib/thumb/v6-m/nofp\libc.a(libc_a-strtoll.o)
 .text._strtoll_r
                0x0000000008011c8c        0x8 C:/ST/STM32CubeIDE_1.13.1/STM32CubeIDE/plugins/com.st.stm32cube.ide.mcu.externaltools.gnu-tools-for-stm32.11.3.rel1.win32_1.1.1.202309131626/tools/bin/../lib/gcc/arm-none-eabi/11.3.1/../../../../arm-none-eabi/lib/thumb/v6-m/nofp\libc.a(libc_a-strtoll.o)
                0x0000000008011c8c                _strtoll_r
 .text._strtoull_l.constprop.0
                0x0000000008011c94      0x15c C:/ST/STM32CubeIDE_1.13.1/STM32CubeIDE/plugins/com.st.stm32cube.ide.mcu.externaltools.gnu-tools-for-stm32.11.3.rel1.win32_1.1.1.202309131626/tools/bin/../lib/gcc/arm-none-eabi/11.3.1/../../../../arm-none-eabi/lib/thumb/v6-m/nofp\libc.a(libc_a-strtoull.o)
 .text._strtoull_r
                0x0000000008011df0        0x8 C:/ST/STM32CubeIDE_1.13.1/STM32CubeIDE/plugins/com.st.stm32cube.ide.mcu.externaltools.gnu-tools-for-stm32.11.3.rel1.win32_1.1.1.202309131626/tools/bin/../lib/gcc/arm-none-eabi/11.3.1/../../../../arm-none-eabi/lib/thumb/v6-m/nofp\libc.a(libc_a-strtoull.o)
                0x0000000008011df0                _strtoull_r
 .text._mbrtowc_r
                0x0000000008011df8       0x3c C:/ST/STM32CubeIDE_1.13.1/STM32CubeIDE/plugins/com.st.stm32cube.ide.mcu.externaltools.gnu-tools-for-stm32.11.3.rel1.win32_1.1.1.202309131626/tools/bin/../lib/gcc/arm-none-eabi/11.3.1/../../../../arm-none-eabi/lib/thumb/v6-m/nofp\libc.a(libc_a-mbrtowc.o)
                0x0000000008011df8                _mbrtowc_r
 .text.iswspace
                0x0000000008011e34        0xa C:/ST/STM32CubeIDE_1.13.1/STM32CubeIDE/plugins/com.st.stm32cube.ide.mcu.externaltools.gnu-tools-for-stm32.11.3.rel1.win32_1.1.1.202309131626/tools/bin/../lib/gcc/arm-none-eabi/11.3.1/../../../../arm-none-eabi/lib/thumb/v6-m/nofp\libc.a(libc_a-iswspace.o)
                0x0000000008011e34                iswspace
 *fill*         0x0000000008011e3e        0x2 
 .text.iswspace_l
                0x0000000008011e40       0x18 C:/ST/STM32CubeIDE_1.13.1/STM32CubeIDE/plugins/com.st.stm32cube.ide.mcu.externaltools.gnu-tools-for-stm32.11.3.rel1.win32_1.1.1.202309131626/tools/bin/../lib/gcc/arm-none-eabi/11.3.1/../../../../arm-none-eabi/lib/thumb/v6-m/nofp\libc.a(libc_a-iswspace_l.o)
                0x0000000008011e40                iswspace_l
 .text.fiprintf
                0x0000000008011e58       0x20 C:/ST/STM32CubeIDE_1.13.1/STM32CubeIDE/plugins/com.st.stm32cube.ide.mcu.externaltools.gnu-tools-for-stm32.11.3.rel1.win32_1.1.1.202309131626/tools/bin/../lib/gcc/arm-none-eabi/11.3.1/../../../../arm-none-eabi/lib/thumb/v6-m/nofp\libc.a(libc_a-fiprintf.o)
                0x0000000008011e58                fiprintf
 .text.__ssprint_r
                0x0000000008011e78      0x108 C:/ST/STM32CubeIDE_1.13.1/STM32CubeIDE/plugins/com.st.stm32cube.ide.mcu.externaltools.gnu-tools-for-stm32.11.3.rel1.win32_1.1.1.202309131626/tools/bin/../lib/gcc/arm-none-eabi/11.3.1/../../../../arm-none-eabi/lib/thumb/v6-m/nofp\libc.a(libc_a-svfiprintf.o)
                0x0000000008011e78                __ssprint_r
 .text._sungetc_r
                0x0000000008011f80       0x78 C:/ST/STM32CubeIDE_1.13.1/STM32CubeIDE/plugins/com.st.stm32cube.ide.mcu.externaltools.gnu-tools-for-stm32.11.3.rel1.win32_1.1.1.202309131626/tools/bin/../lib/gcc/arm-none-eabi/11.3.1/../../../../arm-none-eabi/lib/thumb/v6-m/nofp\libc.a(libc_a-svfiscanf.o)
                0x0000000008011f80                _sungetc_r
 .text.__ssrefill_r
                0x0000000008011ff8       0x3e C:/ST/STM32CubeIDE_1.13.1/STM32CubeIDE/plugins/com.st.stm32cube.ide.mcu.externaltools.gnu-tools-for-stm32.11.3.rel1.win32_1.1.1.202309131626/tools/bin/../lib/gcc/arm-none-eabi/11.3.1/../../../../arm-none-eabi/lib/thumb/v6-m/nofp\libc.a(libc_a-svfiscanf.o)
                0x0000000008011ff8                __ssrefill_r
 .text._sfread_r
                0x0000000008012036       0x74 C:/ST/STM32CubeIDE_1.13.1/STM32CubeIDE/plugins/com.st.stm32cube.ide.mcu.externaltools.gnu-tools-for-stm32.11.3.rel1.win32_1.1.1.202309131626/tools/bin/../lib/gcc/arm-none-eabi/11.3.1/../../../../arm-none-eabi/lib/thumb/v6-m/nofp\libc.a(libc_a-svfiscanf.o)
                0x0000000008012036                _sfread_r
 .text.__sprint_r
                0x00000000080120aa       0x68 C:/ST/STM32CubeIDE_1.13.1/STM32CubeIDE/plugins/com.st.stm32cube.ide.mcu.externaltools.gnu-tools-for-stm32.11.3.rel1.win32_1.1.1.202309131626/tools/bin/../lib/gcc/arm-none-eabi/11.3.1/../../../../arm-none-eabi/lib/thumb/v6-m/nofp\libc.a(libc_a-vfiprintf.o)
                0x00000000080120aa                __sprint_r
 *fill*         0x0000000008012112        0x2 
 .text._vfiprintf_r
                0x0000000008012114      0x99c C:/ST/STM32CubeIDE_1.13.1/STM32CubeIDE/plugins/com.st.stm32cube.ide.mcu.externaltools.gnu-tools-for-stm32.11.3.rel1.win32_1.1.1.202309131626/tools/bin/../lib/gcc/arm-none-eabi/11.3.1/../../../../arm-none-eabi/lib/thumb/v6-m/nofp\libc.a(libc_a-vfiprintf.o)
                0x0000000008012114                _vfiprintf_r
 .text.__sbprintf