../my_drivers/Src/astronode_application.c:98:6:astronode_send_cfg_fr	416	static
../my_drivers/Src/astronode_application.c:118:6:astronode_send_cfg_rr	512	static
../my_drivers/Src/astronode_application.c:230:6:astronode_send_cfg_sr	416	static
../my_drivers/Src/astronode_application.c:249:6:astronode_send_cfg_wr	432	static
../my_drivers/Src/astronode_application.c:290:6:astronode_send_ctx_sr	416	static
../my_drivers/Src/astronode_application.c:309:6:astronode_send_mgi_rr	456	dynamic
../my_drivers/Src/astronode_application.c:332:6:astronode_send_msn_rr	456	dynamic
../my_drivers/Src/astronode_application.c:355:6:astronode_send_nco_rr	504	static
../my_drivers/Src/astronode_application.c:381:6:astronode_send_evt_rr	416	static
../my_drivers/Src/astronode_application.c:417:6:astronode_send_geo_wr	432	static
../my_drivers/Src/astronode_application.c:447:6:astronode_send_pld_dr	496	static
../my_drivers/Src/astronode_application.c:470:6:astronode_send_pld_er	432	static
../my_drivers/Src/astronode_application.c:496:6:astronode_send_pld_fr	416	static
../my_drivers/Src/astronode_application.c:516:6:astronode_send_res_cr	416	static
../my_drivers/Src/astronode_application.c:537:6:astronode_send_rtc_rr	504	static
../my_drivers/Src/astronode_application.c:563:6:astronode_send_sak_rr	496	static
../my_drivers/Src/astronode_application.c:586:6:astronode_send_sak_cr	416	static
../my_drivers/Src/astronode_application.c:607:6:astronode_send_ssc_wr	424	static
../my_drivers/Src/astronode_application.c:632:6:astronode_send_wif_wr	432	static
../my_drivers/Src/astronode_application.c:661:6:astronode_send_mpn_rr	456	dynamic
../my_drivers/Src/astronode_application.c:684:6:append_multiple_data_size_to_string	24	static
../my_drivers/Src/astronode_application.c:702:6:astronode_send_per_rr	504	static
../my_drivers/Src/astronode_application.c:781:6:astronode_send_per_cr	416	static
../my_drivers/Src/astronode_application.c:801:6:astronode_send_mst_rr	504	static
../my_drivers/Src/astronode_application.c:850:6:astronode_send_lcd_rr	504	static
../my_drivers/Src/astronode_application.c:899:6:astronode_send_end_rr	504	static
../my_drivers/Src/astronode_application.c:945:6:astronode_send_cmd_cr	416	static
../my_drivers/Src/astronode_application.c:966:6:astronode_send_cmd_rr	544	dynamic
../my_drivers/Src/astronode_application.c:1014:6:astronode_send_val_wr	504	static
../my_drivers/Src/astronode_application.c:1037:6:astronode_send_adc_rr	504	static
../my_drivers/Src/astronode_application.c:1061:6:is_sak_available	8	static
../my_drivers/Src/astronode_application.c:1066:6:is_astronode_reset	8	static
../my_drivers/Src/astronode_application.c:1071:6:is_command_available	8	static
../my_drivers/Src/astronode_application.c:1076:6:is_tx_msg_pending	8	static
