../my_drivers/Src/astronode_application.c:98:6:astronode_send_cfg_fr	416	static
../my_drivers/Src/astronode_application.c:118:6:astronode_send_cfg_rr	512	static
../my_drivers/Src/astronode_application.c:230:6:astronode_send_cfg_sr	416	static
../my_drivers/Src/astronode_application.c:249:6:astronode_send_cfg_wr	432	static
../my_drivers/Src/astronode_application.c:288:6:astronode_send_ctx_sr	416	static
../my_drivers/Src/astronode_application.c:307:6:astronode_send_mgi_rr	456	dynamic
../my_drivers/Src/astronode_application.c:330:6:astronode_send_msn_rr	456	dynamic
../my_drivers/Src/astronode_application.c:353:6:astronode_send_nco_rr	504	static
../my_drivers/Src/astronode_application.c:379:6:astronode_send_evt_rr	416	static
../my_drivers/Src/astronode_application.c:415:6:astronode_send_geo_wr	432	static
../my_drivers/Src/astronode_application.c:445:6:astronode_send_pld_dr	496	static
../my_drivers/Src/astronode_application.c:468:6:astronode_send_pld_er	432	static
../my_drivers/Src/astronode_application.c:494:6:astronode_send_pld_fr	416	static
../my_drivers/Src/astronode_application.c:514:6:astronode_send_res_cr	416	static
../my_drivers/Src/astronode_application.c:535:6:astronode_send_rtc_rr	504	static
../my_drivers/Src/astronode_application.c:561:6:astronode_send_sak_rr	496	static
../my_drivers/Src/astronode_application.c:584:6:astronode_send_sak_cr	416	static
../my_drivers/Src/astronode_application.c:605:6:astronode_send_ssc_wr	424	static
../my_drivers/Src/astronode_application.c:630:6:astronode_send_wif_wr	432	static
../my_drivers/Src/astronode_application.c:659:6:astronode_send_mpn_rr	456	dynamic
../my_drivers/Src/astronode_application.c:682:6:append_multiple_data_size_to_string	24	static
../my_drivers/Src/astronode_application.c:700:6:astronode_send_per_rr	504	static
../my_drivers/Src/astronode_application.c:779:6:astronode_send_per_cr	416	static
../my_drivers/Src/astronode_application.c:799:6:astronode_send_mst_rr	504	static
../my_drivers/Src/astronode_application.c:848:6:astronode_send_lcd_rr	504	static
../my_drivers/Src/astronode_application.c:897:6:astronode_send_end_rr	504	static
../my_drivers/Src/astronode_application.c:943:6:astronode_send_cmd_cr	416	static
../my_drivers/Src/astronode_application.c:964:6:astronode_send_cmd_rr	544	dynamic
../my_drivers/Src/astronode_application.c:1012:6:astronode_send_val_wr	504	static
../my_drivers/Src/astronode_application.c:1035:6:astronode_send_adc_rr	504	static
../my_drivers/Src/astronode_application.c:1059:6:is_sak_available	8	static
../my_drivers/Src/astronode_application.c:1064:6:is_astronode_reset	8	static
../my_drivers/Src/astronode_application.c:1069:6:is_command_available	8	static
../my_drivers/Src/astronode_application.c:1074:6:is_tx_msg_pending	8	static
