../my_drivers/Src/astronode_application.c:98:6:astronode_send_cfg_fr	416	static
../my_drivers/Src/astronode_application.c:118:6:astronode_send_cfg_rr	512	static
../my_drivers/Src/astronode_application.c:230:6:astronode_send_cfg_sr	416	static
../my_drivers/Src/astronode_application.c:249:6:astronode_send_cfg_wr	432	static
../my_drivers/Src/astronode_application.c:290:6:astronode_send_ctx_sr	416	static
../my_drivers/Src/astronode_application.c:309:6:astronode_send_mgi_rr	456	dynamic
../my_drivers/Src/astronode_application.c:332:6:astronode_send_msn_rr	456	dynamic
../my_drivers/Src/astronode_application.c:355:6:astronode_send_nco_rr	504	static
../my_drivers/Src/astronode_application.c:381:6:astronode_send_evt_rr	416	static
../my_drivers/Src/astronode_application.c:417:6:astronode_send_geo_wr	432	static
../my_drivers/Src/astronode_application.c:447:6:astronode_send_pld_dr	496	static
../my_drivers/Src/astronode_application.c:470:6:astronode_send_pld_er	432	static
../my_drivers/Src/astronode_application.c:498:6:astronode_send_pld_fr	416	static
../my_drivers/Src/astronode_application.c:518:6:astronode_send_res_cr	416	static
../my_drivers/Src/astronode_application.c:539:6:astronode_send_rtc_rr	504	static
../my_drivers/Src/astronode_application.c:565:6:astronode_send_sak_rr	496	static
../my_drivers/Src/astronode_application.c:588:6:astronode_send_sak_cr	416	static
../my_drivers/Src/astronode_application.c:609:6:astronode_send_ssc_wr	424	static
../my_drivers/Src/astronode_application.c:634:6:astronode_send_wif_wr	432	static
../my_drivers/Src/astronode_application.c:663:6:astronode_send_mpn_rr	456	dynamic
../my_drivers/Src/astronode_application.c:686:6:append_multiple_data_size_to_string	24	static
../my_drivers/Src/astronode_application.c:704:6:astronode_send_per_rr	504	static
../my_drivers/Src/astronode_application.c:783:6:astronode_send_per_cr	416	static
../my_drivers/Src/astronode_application.c:803:6:astronode_send_mst_rr	504	static
../my_drivers/Src/astronode_application.c:852:6:astronode_send_lcd_rr	504	static
../my_drivers/Src/astronode_application.c:901:6:astronode_send_end_rr	504	static
../my_drivers/Src/astronode_application.c:947:6:astronode_send_cmd_cr	416	static
../my_drivers/Src/astronode_application.c:968:6:astronode_send_cmd_rr	544	dynamic
../my_drivers/Src/astronode_application.c:1016:6:astronode_send_val_wr	504	static
../my_drivers/Src/astronode_application.c:1039:6:astronode_send_adc_rr	504	static
../my_drivers/Src/astronode_application.c:1063:6:is_sak_available	8	static
../my_drivers/Src/astronode_application.c:1068:6:is_astronode_reset	8	static
../my_drivers/Src/astronode_application.c:1073:6:is_command_available	8	static
../my_drivers/Src/astronode_application.c:1078:6:is_tx_msg_pending	8	static
