../Core/Src/main.c:118:5:main	16	static
../Core/Src/main.c:254:6:SystemClock_Config	88	static
../Core/Src/main.c:296:13:MX_RTC_Init	72	static
../Core/Src/main.c:381:13:MX_SPI1_Init	8	static
../Core/Src/main.c:421:13:MX_TIM6_Init	24	static
../Core/Src/main.c:459:13:MX_USART1_UART_Init	8	static
../Core/Src/main.c:507:13:MX_USART2_UART_Init	8	static
../Core/Src/main.c:555:13:MX_USART3_UART_Init	8	static
../Core/Src/main.c:591:13:MX_GPIO_Init	56	static
../Core/Src/main.c:654:6:enqueue_payload	32	static
../Core/Src/main.c:695:6:enqueue_hello_payload	48	static,ignoring_inline_asm
../Core/Src/main.c:710:6:send_debug_logs	24	static
../Core/Src/main.c:723:6:reset_astronode	8	static
../Core/Src/main.c:730:6:send_astronode_request	16	static
../Core/Src/main.c:737:6:is_astronode_character_received	16	static
../Core/Src/main.c:741:6:is_evt_pin_high	8	static
../Core/Src/main.c:746:10:get_systick	8	static
../Core/Src/main.c:750:6:is_systick_timeout_over	16	static
../Core/Src/main.c:754:6:my_ldg_on	8	static
../Core/Src/main.c:758:6:my_ldg_off	8	static
../Core/Src/main.c:762:6:my_lx6_on	8	static
../Core/Src/main.c:768:6:my_lx6_off	8	static
../Core/Src/main.c:774:9:my_lis2dw12_platform_write	32	static
../Core/Src/main.c:784:9:my_lis2dw12_platform_read	32	static
../Core/Src/main.c:795:6:is_system_initialized	24	static
../Core/Src/main.c:810:6:HAL_TIM_PeriodElapsedCallback	16	static
../Core/Src/main.c:822:6:HAL_GPIO_EXTI_Rising_Callback	16	static
../Core/Src/main.c:839:6:HAL_RTC_AlarmAEventCallback	16	static
../Core/Src/main.c:850:6:Error_Handler	8	static,ignoring_inline_asm
