../Core/Src/main.c:115:5:main	32	static
../Core/Src/main.c:252:6:SystemClock_Config	88	static
../Core/Src/main.c:294:13:MX_I2C1_Init	8	static
../Core/Src/main.c:342:13:MX_RTC_Init	72	static
../Core/Src/main.c:427:13:MX_TIM6_Init	24	static
../Core/Src/main.c:465:13:MX_USART1_UART_Init	8	static
../Core/Src/main.c:513:13:MX_USART2_UART_Init	8	static
../Core/Src/main.c:561:13:MX_USART3_UART_Init	8	static
../Core/Src/main.c:597:13:MX_GPIO_Init	56	static
../Core/Src/main.c:643:6:send_debug_logs	24	static
../Core/Src/main.c:656:6:reset_astronode	8	static
../Core/Src/main.c:663:6:send_astronode_request	16	static
../Core/Src/main.c:670:6:is_astronode_character_received	16	static
../Core/Src/main.c:674:10:get_systick	8	static
../Core/Src/main.c:678:6:is_systick_timeout_over	16	static
../Core/Src/main.c:682:6:my_ldg_on	8	static
../Core/Src/main.c:686:6:my_ldg_off	8	static
../Core/Src/main.c:690:6:my_astro_on	8	static
../Core/Src/main.c:695:6:my_astro_off	8	static
../Core/Src/main.c:700:6:my_lx6_on	8	static
../Core/Src/main.c:706:6:my_lx6_off	8	static
../Core/Src/main.c:713:6:HAL_TIM_PeriodElapsedCallback	16	static
../Core/Src/main.c:727:6:Error_Handler	8	static,ignoring_inline_asm
