../Core/Src/main.c:119:5:main	32	static
../Core/Src/main.c:278:6:SystemClock_Config	88	static
../Core/Src/main.c:320:13:MX_RTC_Init	72	static
../Core/Src/main.c:405:13:MX_SPI1_Init	8	static
../Core/Src/main.c:445:13:MX_TIM6_Init	24	static
../Core/Src/main.c:483:13:MX_USART1_UART_Init	8	static
../Core/Src/main.c:531:13:MX_USART2_UART_Init	8	static
../Core/Src/main.c:579:13:MX_USART3_UART_Init	8	static
../Core/Src/main.c:615:13:MX_GPIO_Init	56	static
../Core/Src/main.c:678:6:send_debug_logs	24	static
../Core/Src/main.c:691:6:reset_astronode	8	static
../Core/Src/main.c:698:6:send_astronode_request	16	static
../Core/Src/main.c:705:6:is_astronode_character_received	16	static
../Core/Src/main.c:709:6:is_evt_pin_high	8	static
../Core/Src/main.c:714:10:get_systick	8	static
../Core/Src/main.c:718:6:is_systick_timeout_over	16	static
../Core/Src/main.c:722:6:my_ldg_on	8	static
../Core/Src/main.c:726:6:my_ldg_off	8	static
../Core/Src/main.c:730:6:my_astro_on	8	static
../Core/Src/main.c:739:6:my_astro_off	8	static
../Core/Src/main.c:747:6:my_lx6_on	8	static
../Core/Src/main.c:753:6:my_lx6_off	8	static
../Core/Src/main.c:759:9:my_lis2dw12_platform_write	32	static
../Core/Src/main.c:769:9:my_lis2dw12_platform_read	32	static
../Core/Src/main.c:780:6:is_system_initialized	24	static
../Core/Src/main.c:795:6:HAL_TIM_PeriodElapsedCallback	16	static
../Core/Src/main.c:807:6:HAL_GPIO_EXTI_Rising_Callback	16	static
../Core/Src/main.c:831:6:Error_Handler	8	static,ignoring_inline_asm
