../Core/Src/main.c:101:5:main	16	static,ignoring_inline_asm
../Core/Src/main.c:212:6:SystemClock_Config	88	static
../Core/Src/main.c:253:13:MX_I2C1_Init	8	static
../Core/Src/main.c:301:13:MX_TIM6_Init	24	static
../Core/Src/main.c:339:13:MX_USART1_UART_Init	8	static
../Core/Src/main.c:387:13:MX_USART2_UART_Init	8	static
../Core/Src/main.c:435:13:MX_USART3_UART_Init	8	static
../Core/Src/main.c:471:13:MX_GPIO_Init	56	static
../Core/Src/main.c:517:6:send_debug_logs	24	static
../Core/Src/main.c:530:6:reset_astronode	8	static
../Core/Src/main.c:537:6:send_astronode_request	16	static
../Core/Src/main.c:544:6:is_astronode_character_received	16	static
../Core/Src/main.c:548:10:get_systick	8	static
../Core/Src/main.c:552:6:is_systick_timeout_over	16	static
../Core/Src/main.c:556:6:my_astro_on	8	static
../Core/Src/main.c:561:6:my_astro_off	8	static
../Core/Src/main.c:566:6:my_lx6_on	8	static
../Core/Src/main.c:572:6:my_lx6_off	8	static
../Core/Src/main.c:579:6:HAL_TIM_PeriodElapsedCallback	16	static
../Core/Src/main.c:595:6:Error_Handler	8	static,ignoring_inline_asm
