../Core/Src/main.c:110:5:main	32	static
../Core/Src/main.c:200:6:SystemClock_Config	88	static
../Core/Src/main.c:242:13:MX_RTC_Init	72	static
../Core/Src/main.c:327:13:MX_SPI1_Init	8	static
../Core/Src/main.c:367:13:MX_TIM6_Init	24	static
../Core/Src/main.c:405:13:MX_USART1_UART_Init	8	static
../Core/Src/main.c:453:13:MX_USART2_UART_Init	8	static
../Core/Src/main.c:501:13:MX_USART3_UART_Init	8	static
../Core/Src/main.c:537:13:MX_GPIO_Init	56	static
../Core/Src/main.c:596:6:send_debug_logs	24	static
../Core/Src/main.c:609:6:reset_astronode	8	static
../Core/Src/main.c:616:6:send_astronode_request	16	static
../Core/Src/main.c:623:6:is_astronode_character_received	16	static
../Core/Src/main.c:627:6:is_evt_pin_high	8	static
../Core/Src/main.c:631:6:astro_manage_evt	8	static
../Core/Src/main.c:654:10:get_systick	8	static
../Core/Src/main.c:658:6:is_systick_timeout_over	16	static
../Core/Src/main.c:662:6:my_ldg_on	8	static
../Core/Src/main.c:666:6:my_ldg_off	8	static
../Core/Src/main.c:670:6:my_astro_on	8	static
../Core/Src/main.c:679:6:my_astro_off	8	static
../Core/Src/main.c:687:6:my_lx6_on	8	static
../Core/Src/main.c:693:6:my_lx6_off	8	static
../Core/Src/main.c:700:6:is_system_initialized	24	static
../Core/Src/main.c:713:6:HAL_TIM_PeriodElapsedCallback	16	static
../Core/Src/main.c:725:6:HAL_GPIO_EXTI_Callback	80	static
../Core/Src/main.c:738:6:Error_Handler	8	static,ignoring_inline_asm
