../Core/Src/main.c:118:5:main	24	static
../Core/Src/main.c:264:6:SystemClock_Config	88	static
../Core/Src/main.c:306:13:MX_I2C1_Init	8	static
../Core/Src/main.c:354:13:MX_RTC_Init	72	static
../Core/Src/main.c:439:13:MX_TIM6_Init	24	static
../Core/Src/main.c:477:13:MX_USART1_UART_Init	8	static
../Core/Src/main.c:525:13:MX_USART2_UART_Init	8	static
../Core/Src/main.c:573:13:MX_USART3_UART_Init	8	static
../Core/Src/main.c:609:13:MX_GPIO_Init	56	static
../Core/Src/main.c:655:6:send_debug_logs	24	static
../Core/Src/main.c:668:6:reset_astronode	8	static
../Core/Src/main.c:675:6:send_astronode_request	16	static
../Core/Src/main.c:682:6:is_astronode_character_received	16	static
../Core/Src/main.c:686:6:is_evt_pin_high	8	static
../Core/Src/main.c:690:6:astro_manage_evt	8	static
../Core/Src/main.c:713:10:get_systick	8	static
../Core/Src/main.c:717:6:is_systick_timeout_over	16	static
../Core/Src/main.c:721:6:my_ldg_on	8	static
../Core/Src/main.c:725:6:my_ldg_off	8	static
../Core/Src/main.c:729:6:my_astro_on	8	static
../Core/Src/main.c:734:6:my_astro_off	8	static
../Core/Src/main.c:739:6:my_lx6_on	8	static
../Core/Src/main.c:745:6:my_lx6_off	8	static
../Core/Src/main.c:752:6:HAL_TIM_PeriodElapsedCallback	16	static
../Core/Src/main.c:770:6:Error_Handler	8	static,ignoring_inline_asm
