../Core/Src/main.c:101:5:main	16	static,ignoring_inline_asm
../Core/Src/main.c:210:6:SystemClock_Config	88	static
../Core/Src/main.c:251:13:MX_I2C1_Init	8	static
../Core/Src/main.c:299:13:MX_TIM6_Init	24	static
../Core/Src/main.c:337:13:MX_USART1_UART_Init	8	static
../Core/Src/main.c:385:13:MX_USART2_UART_Init	8	static
../Core/Src/main.c:433:13:MX_USART3_UART_Init	8	static
../Core/Src/main.c:469:13:MX_GPIO_Init	56	static
../Core/Src/main.c:515:6:send_debug_logs	24	static
../Core/Src/main.c:528:6:reset_astronode	8	static
../Core/Src/main.c:535:6:send_astronode_request	16	static
../Core/Src/main.c:542:6:is_astronode_character_received	16	static
../Core/Src/main.c:546:10:get_systick	8	static
../Core/Src/main.c:550:6:is_systick_timeout_over	16	static
../Core/Src/main.c:554:6:my_astro_on	8	static
../Core/Src/main.c:559:6:my_astro_off	8	static
../Core/Src/main.c:564:6:my_lx6_on	8	static
../Core/Src/main.c:570:6:my_lx6_off	8	static
../Core/Src/main.c:577:6:HAL_TIM_PeriodElapsedCallback	16	static
../Core/Src/main.c:593:6:Error_Handler	8	static,ignoring_inline_asm
