../Core/Src/main.c:114:5:main	32	static
../Core/Src/main.c:222:6:SystemClock_Config	88	static
../Core/Src/main.c:264:13:MX_RTC_Init	72	static
../Core/Src/main.c:349:13:MX_SPI1_Init	8	static
../Core/Src/main.c:389:13:MX_TIM6_Init	24	static
../Core/Src/main.c:427:13:MX_USART1_UART_Init	8	static
../Core/Src/main.c:475:13:MX_USART2_UART_Init	8	static
../Core/Src/main.c:523:13:MX_USART3_UART_Init	8	static
../Core/Src/main.c:559:13:MX_GPIO_Init	56	static
../Core/Src/main.c:622:6:send_debug_logs	24	static
../Core/Src/main.c:635:6:reset_astronode	8	static
../Core/Src/main.c:642:6:send_astronode_request	16	static
../Core/Src/main.c:649:6:is_astronode_character_received	16	static
../Core/Src/main.c:653:6:is_evt_pin_high	8	static
../Core/Src/main.c:657:6:astro_manage_evt	8	static
../Core/Src/main.c:680:10:get_systick	8	static
../Core/Src/main.c:684:6:is_systick_timeout_over	16	static
../Core/Src/main.c:688:6:my_ldg_on	8	static
../Core/Src/main.c:692:6:my_ldg_off	8	static
../Core/Src/main.c:696:6:my_astro_on	8	static
../Core/Src/main.c:705:6:my_astro_off	8	static
../Core/Src/main.c:713:6:my_lx6_on	8	static
../Core/Src/main.c:719:6:my_lx6_off	8	static
../Core/Src/main.c:725:9:my_lis2dw12_platform_write	32	static
../Core/Src/main.c:735:9:my_lis2dw12_platform_read	32	static
../Core/Src/main.c:746:6:is_system_initialized	24	static
../Core/Src/main.c:759:6:HAL_TIM_PeriodElapsedCallback	16	static
../Core/Src/main.c:771:6:HAL_GPIO_EXTI_Rising_Callback	16	static
../Core/Src/main.c:784:6:Error_Handler	8	static,ignoring_inline_asm
