../Core/Src/main.c:121:5:main	32	static
../Core/Src/main.c:321:6:SystemClock_Config	88	static
../Core/Src/main.c:363:13:MX_I2C1_Init	8	static
../Core/Src/main.c:411:13:MX_RTC_Init	72	static
../Core/Src/main.c:496:13:MX_TIM6_Init	24	static
../Core/Src/main.c:534:13:MX_USART1_UART_Init	8	static
../Core/Src/main.c:582:13:MX_USART2_UART_Init	8	static
../Core/Src/main.c:630:13:MX_USART3_UART_Init	8	static
../Core/Src/main.c:666:13:MX_GPIO_Init	56	static
../Core/Src/main.c:712:6:send_debug_logs	24	static
../Core/Src/main.c:725:6:reset_astronode	8	static
../Core/Src/main.c:732:6:send_astronode_request	16	static
../Core/Src/main.c:739:6:is_astronode_character_received	16	static
../Core/Src/main.c:743:6:is_evt_pin_high	8	static
../Core/Src/main.c:747:6:astro_manage_evt	8	static
../Core/Src/main.c:770:10:get_systick	8	static
../Core/Src/main.c:774:6:is_systick_timeout_over	16	static
../Core/Src/main.c:778:6:my_ldg_on	8	static
../Core/Src/main.c:782:6:my_ldg_off	8	static
../Core/Src/main.c:786:6:my_astro_on	8	static
../Core/Src/main.c:791:6:my_astro_off	8	static
../Core/Src/main.c:796:6:my_lx6_on	8	static
../Core/Src/main.c:802:6:my_lx6_off	8	static
../Core/Src/main.c:809:6:HAL_TIM_PeriodElapsedCallback	16	static
../Core/Src/main.c:823:6:Error_Handler	8	static,ignoring_inline_asm
