../Core/Src/main.c:114:5:main	32	static
../Core/Src/main.c:226:6:SystemClock_Config	88	static
../Core/Src/main.c:268:13:MX_RTC_Init	72	static
../Core/Src/main.c:353:13:MX_SPI1_Init	8	static
../Core/Src/main.c:393:13:MX_TIM6_Init	24	static
../Core/Src/main.c:431:13:MX_USART1_UART_Init	8	static
../Core/Src/main.c:479:13:MX_USART2_UART_Init	8	static
../Core/Src/main.c:527:13:MX_USART3_UART_Init	8	static
../Core/Src/main.c:563:13:MX_GPIO_Init	56	static
../Core/Src/main.c:626:6:send_debug_logs	24	static
../Core/Src/main.c:639:6:reset_astronode	8	static
../Core/Src/main.c:646:6:send_astronode_request	16	static
../Core/Src/main.c:653:6:is_astronode_character_received	16	static
../Core/Src/main.c:657:6:is_evt_pin_high	8	static
../Core/Src/main.c:661:6:astro_manage_evt	8	static
../Core/Src/main.c:684:10:get_systick	8	static
../Core/Src/main.c:688:6:is_systick_timeout_over	16	static
../Core/Src/main.c:692:6:my_ldg_on	8	static
../Core/Src/main.c:696:6:my_ldg_off	8	static
../Core/Src/main.c:700:6:my_astro_on	8	static
../Core/Src/main.c:709:6:my_astro_off	8	static
../Core/Src/main.c:717:6:my_lx6_on	8	static
../Core/Src/main.c:723:6:my_lx6_off	8	static
../Core/Src/main.c:729:9:my_lis2dw12_platform_write	32	static
../Core/Src/main.c:739:9:my_lis2dw12_platform_read	32	static
../Core/Src/main.c:750:6:is_system_initialized	24	static
../Core/Src/main.c:763:6:HAL_TIM_PeriodElapsedCallback	16	static
../Core/Src/main.c:775:6:HAL_GPIO_EXTI_Rising_Callback	16	static
../Core/Src/main.c:788:6:Error_Handler	8	static,ignoring_inline_asm
