../Core/Src/main.c:119:5:main	24	static
../Core/Src/main.c:265:6:SystemClock_Config	88	static
../Core/Src/main.c:307:13:MX_I2C1_Init	8	static
../Core/Src/main.c:355:13:MX_RTC_Init	72	static
../Core/Src/main.c:440:13:MX_TIM6_Init	24	static
../Core/Src/main.c:478:13:MX_USART1_UART_Init	8	static
../Core/Src/main.c:526:13:MX_USART2_UART_Init	8	static
../Core/Src/main.c:574:13:MX_USART3_UART_Init	8	static
../Core/Src/main.c:610:13:MX_GPIO_Init	56	static
../Core/Src/main.c:656:6:send_debug_logs	24	static
../Core/Src/main.c:669:6:reset_astronode	8	static
../Core/Src/main.c:676:6:send_astronode_request	16	static
../Core/Src/main.c:683:6:is_astronode_character_received	16	static
../Core/Src/main.c:687:6:is_evt_pin_high	8	static
../Core/Src/main.c:691:6:astro_manage_evt	8	static
../Core/Src/main.c:714:10:get_systick	8	static
../Core/Src/main.c:718:6:is_systick_timeout_over	16	static
../Core/Src/main.c:722:6:my_ldg_on	8	static
../Core/Src/main.c:726:6:my_ldg_off	8	static
../Core/Src/main.c:730:6:my_astro_on	8	static
../Core/Src/main.c:735:6:my_astro_off	8	static
../Core/Src/main.c:740:6:my_lx6_on	8	static
../Core/Src/main.c:746:6:my_lx6_off	8	static
../Core/Src/main.c:753:6:HAL_TIM_PeriodElapsedCallback	16	static
../Core/Src/main.c:771:6:Error_Handler	8	static,ignoring_inline_asm
