../Core/Src/main.c:119:5:main	16	static
../Core/Src/main.c:249:6:SystemClock_Config	88	static
../Core/Src/main.c:291:13:MX_RTC_Init	72	static
../Core/Src/main.c:376:13:MX_SPI1_Init	8	static
../Core/Src/main.c:416:13:MX_TIM6_Init	24	static
../Core/Src/main.c:454:13:MX_USART1_UART_Init	8	static
../Core/Src/main.c:502:13:MX_USART2_UART_Init	8	static
../Core/Src/main.c:550:13:MX_USART3_UART_Init	8	static
../Core/Src/main.c:586:13:MX_GPIO_Init	56	static
../Core/Src/main.c:649:6:prepare_payload	32	static
../Core/Src/main.c:690:6:send_debug_logs	24	static
../Core/Src/main.c:703:6:reset_astronode	8	static
../Core/Src/main.c:710:6:send_astronode_request	16	static
../Core/Src/main.c:717:6:is_astronode_character_received	16	static
../Core/Src/main.c:721:6:is_evt_pin_high	8	static
../Core/Src/main.c:726:10:get_systick	8	static
../Core/Src/main.c:730:6:is_systick_timeout_over	16	static
../Core/Src/main.c:734:6:my_ldg_on	8	static
../Core/Src/main.c:738:6:my_ldg_off	8	static
../Core/Src/main.c:742:6:my_lx6_on	8	static
../Core/Src/main.c:748:6:my_lx6_off	8	static
../Core/Src/main.c:754:9:my_lis2dw12_platform_write	32	static
../Core/Src/main.c:764:9:my_lis2dw12_platform_read	32	static
../Core/Src/main.c:775:6:is_system_initialized	24	static
../Core/Src/main.c:790:6:HAL_TIM_PeriodElapsedCallback	16	static
../Core/Src/main.c:802:6:HAL_GPIO_EXTI_Rising_Callback	16	static
../Core/Src/main.c:819:6:HAL_RTC_AlarmAEventCallback	16	static
../Core/Src/main.c:830:6:Error_Handler	8	static,ignoring_inline_asm
