../Core/Src/main.c:103:5:main	16	static,ignoring_inline_asm
../Core/Src/main.c:223:6:SystemClock_Config	88	static
../Core/Src/main.c:264:13:MX_I2C1_Init	8	static
../Core/Src/main.c:312:13:MX_TIM6_Init	24	static
../Core/Src/main.c:350:13:MX_USART1_UART_Init	8	static
../Core/Src/main.c:398:13:MX_USART2_UART_Init	8	static
../Core/Src/main.c:446:13:MX_USART3_UART_Init	8	static
../Core/Src/main.c:482:13:MX_GPIO_Init	56	static
../Core/Src/main.c:528:6:send_debug_logs	24	static
../Core/Src/main.c:541:6:reset_astronode	8	static
../Core/Src/main.c:548:6:send_astronode_request	16	static
../Core/Src/main.c:555:6:is_astronode_character_received	16	static
../Core/Src/main.c:559:10:get_systick	8	static
../Core/Src/main.c:563:6:is_systick_timeout_over	16	static
../Core/Src/main.c:567:6:my_ldg_on	8	static
../Core/Src/main.c:571:6:my_ldg_off	8	static
../Core/Src/main.c:575:6:my_astro_on	8	static
../Core/Src/main.c:580:6:my_astro_off	8	static
../Core/Src/main.c:585:6:my_lx6_on	8	static
../Core/Src/main.c:591:6:my_lx6_off	8	static
../Core/Src/main.c:598:6:HAL_TIM_PeriodElapsedCallback	16	static
../Core/Src/main.c:612:6:Error_Handler	8	static,ignoring_inline_asm
