../Core/Src/main.c:119:5:main	16	static
../Core/Src/main.c:283:6:SystemClock_Config	88	static
../Core/Src/main.c:325:13:MX_RTC_Init	72	static
../Core/Src/main.c:410:13:MX_SPI1_Init	8	static
../Core/Src/main.c:450:13:MX_TIM6_Init	24	static
../Core/Src/main.c:488:13:MX_USART1_UART_Init	8	static
../Core/Src/main.c:536:13:MX_USART2_UART_Init	8	static
../Core/Src/main.c:584:13:MX_USART3_UART_Init	8	static
../Core/Src/main.c:620:13:MX_GPIO_Init	56	static
../Core/Src/main.c:683:6:prepare_payload	40	static
../Core/Src/main.c:719:6:send_debug_logs	24	static
../Core/Src/main.c:732:6:reset_astronode	8	static
../Core/Src/main.c:739:6:send_astronode_request	16	static
../Core/Src/main.c:746:6:is_astronode_character_received	16	static
../Core/Src/main.c:750:6:is_evt_pin_high	8	static
../Core/Src/main.c:755:10:get_systick	8	static
../Core/Src/main.c:759:6:is_systick_timeout_over	16	static
../Core/Src/main.c:763:6:my_ldg_on	8	static
../Core/Src/main.c:767:6:my_ldg_off	8	static
../Core/Src/main.c:771:6:my_astro_on	8	static
../Core/Src/main.c:780:6:my_astro_off	8	static
../Core/Src/main.c:788:6:my_lx6_on	8	static
../Core/Src/main.c:794:6:my_lx6_off	8	static
../Core/Src/main.c:800:9:my_lis2dw12_platform_write	32	static
../Core/Src/main.c:810:9:my_lis2dw12_platform_read	32	static
../Core/Src/main.c:821:6:is_system_initialized	24	static
../Core/Src/main.c:836:6:HAL_TIM_PeriodElapsedCallback	16	static
../Core/Src/main.c:848:6:HAL_GPIO_EXTI_Rising_Callback	16	static
../Core/Src/main.c:872:6:Error_Handler	8	static,ignoring_inline_asm
