../Core/Src/main.c:116:5:main	32	static
../Core/Src/main.c:251:6:SystemClock_Config	88	static
../Core/Src/main.c:293:13:MX_I2C1_Init	8	static
../Core/Src/main.c:341:13:MX_RTC_Init	72	static
../Core/Src/main.c:426:13:MX_TIM6_Init	24	static
../Core/Src/main.c:464:13:MX_USART1_UART_Init	8	static
../Core/Src/main.c:512:13:MX_USART2_UART_Init	8	static
../Core/Src/main.c:560:13:MX_USART3_UART_Init	8	static
../Core/Src/main.c:596:13:MX_GPIO_Init	56	static
../Core/Src/main.c:642:6:send_debug_logs	24	static
../Core/Src/main.c:655:6:reset_astronode	8	static
../Core/Src/main.c:662:6:send_astronode_request	16	static
../Core/Src/main.c:669:6:is_astronode_character_received	16	static
../Core/Src/main.c:673:10:get_systick	8	static
../Core/Src/main.c:677:6:is_systick_timeout_over	16	static
../Core/Src/main.c:681:6:my_ldg_on	8	static
../Core/Src/main.c:685:6:my_ldg_off	8	static
../Core/Src/main.c:689:6:my_astro_on	8	static
../Core/Src/main.c:694:6:my_astro_off	8	static
../Core/Src/main.c:699:6:my_lx6_on	8	static
../Core/Src/main.c:705:6:my_lx6_off	8	static
../Core/Src/main.c:712:6:HAL_TIM_PeriodElapsedCallback	16	static
../Core/Src/main.c:726:6:Error_Handler	8	static,ignoring_inline_asm
