../Core/Src/main.c:118:5:main	16	static
../Core/Src/main.c:279:6:SystemClock_Config	88	static
../Core/Src/main.c:321:13:MX_RTC_Init	72	static
../Core/Src/main.c:406:13:MX_SPI1_Init	8	static
../Core/Src/main.c:446:13:MX_TIM6_Init	24	static
../Core/Src/main.c:484:13:MX_USART1_UART_Init	8	static
../Core/Src/main.c:532:13:MX_USART2_UART_Init	8	static
../Core/Src/main.c:580:13:MX_USART3_UART_Init	8	static
../Core/Src/main.c:616:13:MX_GPIO_Init	56	static
../Core/Src/main.c:679:6:enqueue_payload	32	static
../Core/Src/main.c:720:6:enqueue_hello_payload	48	static
../Core/Src/main.c:758:6:send_debug_logs	24	static
../Core/Src/main.c:771:6:reset_astronode	8	static
../Core/Src/main.c:778:6:send_astronode_request	16	static
../Core/Src/main.c:785:6:is_astronode_character_received	16	static
../Core/Src/main.c:789:6:is_evt_pin_high	8	static
../Core/Src/main.c:794:10:get_systick	8	static
../Core/Src/main.c:798:6:is_systick_timeout_over	16	static
../Core/Src/main.c:802:6:my_ldg_on	8	static
../Core/Src/main.c:806:6:my_ldg_off	8	static
../Core/Src/main.c:810:6:my_lx6_on	8	static
../Core/Src/main.c:816:6:my_lx6_off	8	static
../Core/Src/main.c:822:9:my_lis2dw12_platform_write	32	static
../Core/Src/main.c:832:9:my_lis2dw12_platform_read	32	static
../Core/Src/main.c:843:6:is_system_initialized	24	static
../Core/Src/main.c:858:6:HAL_TIM_PeriodElapsedCallback	16	static
../Core/Src/main.c:870:6:HAL_GPIO_EXTI_Rising_Callback	16	static
../Core/Src/main.c:887:6:HAL_RTC_AlarmAEventCallback	16	static
../Core/Src/main.c:898:6:Error_Handler	8	static,ignoring_inline_asm
